Component: ARM Compiler 5.06 update 7 (build 960) Tool: armlink [4d3601]

==============================================================================

Section Cross References

    main.o(i.GPIO_Set_All_Pins) refers to stm32f10x_gpio.o(i.GPIO_Init) for GPIO_Init
    main.o(i.GPIO_Set_All_Pins) refers to stm32f10x_gpio.o(i.GPIO_ResetBits) for GPIO_ResetBits
    main.o(i.LED_Blink) refers to led.o(i.LED_Red_On) for LED_Red_On
    main.o(i.LED_Blink) refers to led.o(i.LED_Red_Off) for LED_Red_Off
    main.o(i.SK_TIM6_Init) refers to main.o(i.SK_TIM6_NVICConifg) for SK_TIM6_NVICConifg
    main.o(i.SK_TIM6_Init) refers to stm32f10x_rcc.o(i.RCC_APB1PeriphClockCmd) for RCC_APB1PeriphClockCmd
    main.o(i.SK_TIM6_Init) refers to stm32f10x_tim.o(i.TIM_TimeBaseInit) for TIM_TimeBaseInit
    main.o(i.SK_TIM6_Init) refers to stm32f10x_tim.o(i.TIM_ARRPreloadConfig) for TIM_ARRPreloadConfig
    main.o(i.SK_TIM6_Init) refers to stm32f10x_tim.o(i.TIM_SelectOnePulseMode) for TIM_SelectOnePulseMode
    main.o(i.SK_TIM6_Init) refers to stm32f10x_tim.o(i.TIM_UpdateRequestConfig) for TIM_UpdateRequestConfig
    main.o(i.SK_TIM6_Init) refers to stm32f10x_tim.o(i.TIM_ITConfig) for TIM_ITConfig
    main.o(i.SK_TIM6_Init) refers to stm32f10x_tim.o(i.TIM_Cmd) for TIM_Cmd
    main.o(i.SK_TIM6_NVICConifg) refers to misc.o(i.NVIC_Init) for NVIC_Init
    main.o(i.System_Init) refers to music.o(i.VOICE_Out_Pins_Init) for VOICE_Out_Pins_Init
    main.o(i.System_Init) refers to main.o(i.GPIO_Set_All_Pins) for GPIO_Set_All_Pins
    main.o(i.System_Init) refers to stm32f10x_rcc.o(i.RCC_APB2PeriphClockCmd) for RCC_APB2PeriphClockCmd
    main.o(i.System_Init) refers to clock.o(i.RCC_Configuration) for RCC_Configuration
    main.o(i.System_Init) refers to led.o(i.LED_Gpio_Init) for LED_Gpio_Init
    main.o(i.System_Init) refers to game.o(i.Game_Moto_Init) for Game_Moto_Init
    main.o(i.System_Init) refers to led.o(i.LED_Red_On) for LED_Red_On
    main.o(i.System_Init) refers to led.o(i.LED_Blue_On) for LED_Blue_On
    main.o(i.System_Init) refers to delay.o(i.Delay_72M_Ms) for Delay_72M_Ms
    main.o(i.System_Init) refers to usart.o(i.USART1_Init) for USART1_Init
    main.o(i.System_Init) refers to usart.o(i.USART2_Init) for USART2_Init
    main.o(i.System_Init) refers to usart.o(i.USART4_Init) for USART4_Init
    main.o(i.System_Init) refers to usart.o(i.USART1_Send_String) for USART1_Send_String
    main.o(i.System_Init) refers to usart.o(i.USART3_Init) for USART3_Init
    main.o(i.System_Init) refers to game.o(i.MOTO_Off) for MOTO_Off
    main.o(i.System_Init) refers to music.o(i.VOICE_Pins_Init) for VOICE_Pins_Init
    main.o(i.System_Init) refers to key.o(i.Key_Init) for Key_Init
    main.o(i.System_Init) refers to game.o(i.Game_Struct_Init) for Game_Struct_Init
    main.o(i.System_Init) refers to switch_key.o(i.Switch_Key_Init) for Switch_Key_Init
    main.o(i.System_Init) refers to game.o(i.Get_ChipID) for Get_ChipID
    main.o(i.System_Init) refers to key.o(i.Coin_Pin_Init) for Coin_Pin_Init
    main.o(i.System_Init) refers to light.o(i.Light1_Pin_Init) for Light1_Pin_Init
    main.o(i.System_Init) refers to light.o(i.Light1_On) for Light1_On
    main.o(i.System_Init) refers to light.o(i.Light2_Pin_Init) for Light2_Pin_Init
    main.o(i.System_Init) refers to light.o(i.Light2_On) for Light2_On
    main.o(i.System_Init) refers to key.o(i.Game_Insert_Coin_Enable_Pins_Init) for Game_Insert_Coin_Enable_Pins_Init
    main.o(i.System_Init) refers to at24c64.o(i.AT24C64_Power_On) for AT24C64_Power_On
    main.o(i.System_Init) refers to digital_tube.o(i.Digital_Tube_Init) for Digital_Tube_Init
    main.o(i.System_Init) refers to digital_tube.o(i.Digital_Tube_Display) for Digital_Tube_Display
    main.o(i.System_Init) refers to protocol.o(i.System_Setting_Game_Disable) for System_Setting_Game_Disable
    main.o(i.System_Init) refers to usart.o(i.USART_485_Pins_Init) for USART_485_Pins_Init
    main.o(i.System_Init) refers to main.o(i.System_Setting_Key_Factory) for System_Setting_Key_Factory
    main.o(i.System_Init) refers to game.o(i.Game_Status_Value_Init) for Game_Status_Value_Init
    main.o(i.System_Init) refers to usart.o(i.USART1_Send_Dec) for USART1_Send_Dec
    main.o(i.System_Init) refers to led.o(i.LED_Blue_Off) for LED_Blue_Off
    main.o(i.System_Init) refers to timer.o(i.TIM4_Int_Init) for TIM4_Int_Init
    main.o(i.System_Init) refers to main.o(i.SK_TIM6_Init) for SK_TIM6_Init
    main.o(i.System_Init) refers to main.o(.data) for idle_handler
    main.o(i.System_Init) refers to game.o(.data) for EGG_OUT
    main.o(i.System_Init) refers to game.o(.bss) for GAME_STATUS
    main.o(i.System_Setting_Key_Factory) refers to key.o(i.get_Setting_Key_Status) for get_Setting_Key_Status
    main.o(i.System_Setting_Key_Factory) refers to led.o(i.LED_Blue_On) for LED_Blue_On
    main.o(i.System_Setting_Key_Factory) refers to light.o(i.Light1_Off) for Light1_Off
[...]
    i.Check_Switch_Key_Status                0x080004c0   Section        0  switch_key.o(i.Check_Switch_Key_Status)
    i.Coin_Insert_Add                        0x080005a8   Section        0  game.o(i.Coin_Insert_Add)
    i.Coin_Pin_Init                          0x08000680   Section        0  key.o(i.Coin_Pin_Init)
    i.DIGITAL_TUBE_SDA_IN                    0x080006a4   Section        0  digital_tube.o(i.DIGITAL_TUBE_SDA_IN)
    i.DIGITAL_TUBE_SDA_OUT                   0x080006d0   Section        0  digital_tube.o(i.DIGITAL_TUBE_SDA_OUT)
    i.DIGITAL_TUBE_Start                     0x080006fc   Section        0  digital_tube.o(i.DIGITAL_TUBE_Start)
    i.DIGITAL_TUBE_Stop                      0x08000734   Section        0  digital_tube.o(i.DIGITAL_TUBE_Stop)
    i.DIGITAL_TUBE_WaitAck                   0x08000774   Section        0  digital_tube.o(i.DIGITAL_TUBE_WaitAck)
    i.DIGITAL_TUBE_Write_Byte                0x080007b8   Section        0  digital_tube.o(i.DIGITAL_TUBE_Write_Byte)
    i.DebugMon_Handler                       0x08000820   Section        0  stm32f10x_it.o(i.DebugMon_Handler)
    i.Delay_72M_Ms                           0x08000822   Section        0  delay.o(i.Delay_72M_Ms)
    i.Delay_72M_Us                           0x0800083a   Section        0  delay.o(i.Delay_72M_Us)
    i.Digital_Tube_Display                   0x08000850   Section        0  digital_tube.o(i.Digital_Tube_Display)
    i.Digital_Tube_Display_Error             0x080008da   Section        0  digital_tube.o(i.Digital_Tube_Display_Error)
    i.Digital_Tube_Init                      0x08000900   Section        0  digital_tube.o(i.Digital_Tube_Init)
    i.EXTI0_IRQHandler                       0x08000950   Section        0  stm32f10x_it.o(i.EXTI0_IRQHandler)
    i.EXTI1_IRQHandler                       0x0800095a   Section        0  stm32f10x_it.o(i.EXTI1_IRQHandler)
    i.EXTI4_IRQHandler                       0x08000964   Section        0  stm32f10x_it.o(i.EXTI4_IRQHandler)
    i.EXTI_GetITStatus                       0x08000970   Section        0  stm32f10x_exti.o(i.EXTI_GetITStatus)
    i.FLASH_PrefetchBufferCmd                0x08000998   Section        0  stm32f10x_flash.o(i.FLASH_PrefetchBufferCmd)
    i.FLASH_SetLatency                       0x080009b4   Section        0  stm32f10x_flash.o(i.FLASH_SetLatency)
    i.GPIO_Init                              0x080009cc   Section        0  stm32f10x_gpio.o(i.GPIO_Init)
    i.GPIO_PinRemapConfig                    0x08000ae4   Section        0  stm32f10x_gpio.o(i.GPIO_PinRemapConfig)
    i.GPIO_ReadInputDataBit                  0x08000b74   Section        0  stm32f10x_gpio.o(i.GPIO_ReadInputDataBit)
    i.GPIO_ResetBits                         0x08000b86   Section        0  stm32f10x_gpio.o(i.GPIO_ResetBits)
    i.GPIO_SetBits                           0x08000b8a   Section        0  stm32f10x_gpio.o(i.GPIO_SetBits)
    i.GPIO_Set_All_Pins                      0x08000b90   Section        0  main.o(i.GPIO_Set_All_Pins)
    i.Game_Coin_Minus                        0x08000c14   Section        0  game.o(i.Game_Coin_Minus)
    i.Game_Egg_Out                           0x08000c3c   Section        0  game.o(i.Game_Egg_Out)
    i.Game_Egg_Out_Stop                      0x08000dac   Section        0  game.o(i.Game_Egg_Out_Stop)
    i.Game_Egg_Switch_Out                    0x08000ebc   Section        0  game.o(i.Game_Egg_Switch_Out)
    i.Game_Insert_Coin_Disable               0x08000f70   Section        0  key.o(i.Game_Insert_Coin_Disable)
    i.Game_Insert_Coin_Enable                0x08000f90   Section        0  key.o(i.Game_Insert_Coin_Enable)
    i.Game_Insert_Coin_Enable_Pins_Init      0x08000fb0   Section        0  key.o(i.Game_Insert_Coin_Enable_Pins_Init)
    i.Game_Moto_Init                         0x08000fe4   Section        0  game.o(i.Game_Moto_Init)
    i.Game_Status_Read                       0x08001018   Section        0  game.o(i.Game_Status_Read)
    i.Game_Status_Save                       0x08001110   Section        0  game.o(i.Game_Status_Save)
    i.Game_Status_Value_Init                 0x08001214   Section        0  game.o(i.Game_Status_Value_Init)
    i.Game_Struct_Init                       0x08001288   Section        0  game.o(i.Game_Struct_Init)
    i.Get_ADC_1_DATA                         0x080012ec   Section        0  light_eye.o(i.Get_ADC_1_DATA)
    i.Get_ADC_2_DATA                         0x08001304   Section        0  light_eye.o(i.Get_ADC_2_DATA)
    i.Get_ChipID                             0x08001314   Section        0  game.o(i.Get_ChipID)
    i.HardFault_Handler                      0x08001358   Section        0  stm32f10x_it.o(i.HardFault_Handler)
    i.I2C1_Read_Byte                         0x0800135c   Section        0  at24c64.o(i.I2C1_Read_Byte)
    i.I2C1_SDA_IN                            0x080013c0   Section        0  at24c64.o(i.I2C1_SDA_IN)
    i.I2C1_SDA_OUT                           0x080013ec   Section        0  at24c64.o(i.I2C1_SDA_OUT)
    i.I2C1_Start                             0x08001418   Section        0  at24c64.o(i.I2C1_Start)
    i.I2C1_Stop                              0x08001464   Section        0  at24c64.o(i.I2C1_Stop)
    i.I2C1_WaitAck                           0x080014b0   Section        0  at24c64.o(i.I2C1_WaitAck)
    i.I2C1_Write_Byte                        0x08001510   Section        0  at24c64.o(i.I2C1_Write_Byte)
    i.Key_Init                               0x08001584   Section        0  key.o(i.Key_Init)
    i.LED_Blink                              0x080015ac   Section        0  main.o(i.LED_Blink)
    i.LED_Blue_Off                           0x080015c0   Section        0  led.o(i.LED_Blue_Off)
    i.LED_Blue_On                            0x080015d0   Section        0  led.o(i.LED_Blue_On)
    i.LED_Gpio_Init                          0x080015e0   Section        0  led.o(i.LED_Gpio_Init)
    i.LED_Red_Off                            0x08001614   Section        0  led.o(i.LED_Red_Off)
    i.LED_Red_On                             0x08001624   Section        0  led.o(i.LED_Red_On)
    i.Leyaoyao_Buffer_Clean                  0x08001634   Section        0  leyaoyao_protocol.o(i.Leyaoyao_Buffer_Clean)
    i.Leyaoyao_Check_Receive                 0x08001670   Section        0  leyaoyao_protocol.o(i.Leyaoyao_Check_Receive)
    i.Leyaoyao_Check_Receive_Match           0x080018d0   Section        0  leyaoyao_protocol.o(i.Leyaoyao_Check_Receive_Match)
    i.Leyaoyao_Retrun_Add_Coins              0x08001908   Section        0  leyaoyao_protocol.o(i.Leyaoyao_Retrun_Add_Coins)
    i.Leyaoyao_Retrun_Coins_Details          0x08001a64   Section        0  leyaoyao_protocol.o(i.Leyaoyao_Retrun_Coins_Details)
    i.Light1_Off                             0x08001bc4   Section        0  light.o(i.Light1_Off)
    i.Light1_On                              0x08001be0   Section        0  light.o(i.Light1_On)
    i.Light1_Pin_Init                        0x08001bfc   Section        0  light.o(i.Light1_Pin_Init)
    i.Light2_Off                             0x08001c30   Section        0  light.o(i.Light2_Off)
    i.Light2_On                              0x08001c4c   Section        0  light.o(i.Light2_On)
    i.Light2_Pin_Init                        0x08001c68   Section        0  light.o(i.Light2_Pin_Init)
    i.MOTO_Off                               0x08001c9c   Section        0  game.o(i.MOTO_Off)
    i.MOTO_On                                0x08001ca6   Section        0  game.o(i.MOTO_On)
    i.MemManage_Handler                      0x08001cb0   Section        0  stm32f10x_it.o(i.MemManage_Handler)
    i.NMI_Handler                            0x08001cb4   Section        0  stm32f10x_it.o(i.NMI_Handler)
    i.NVIC_Init                              0x08001cb8   Section        0  misc.o(i.NVIC_Init)
    i.NVIC_PriorityGroupConfig               0x08001d28   Section        0  misc.o(i.NVIC_PriorityGroupConfig)
    i.PendSV_Handler                         0x08001d3c   Section        0  stm32f10x_it.o(i.PendSV_Handler)
    i.RCC_APB1PeriphClockCmd                 0x08001d40   Section        0  stm32f10x_rcc.o(i.RCC_APB1PeriphClockCmd)
    i.RCC_APB2PeriphClockCmd                 0x08001d60   Section        0  stm32f10x_rcc.o(i.RCC_APB2PeriphClockCmd)
    i.RCC_ClockSecuritySystemCmd             0x08001d80   Section        0  stm32f10x_rcc.o(i.RCC_ClockSecuritySystemCmd)
    i.RCC_Configuration                      0x08001d8c   Section        0  clock.o(i.RCC_Configuration)
    i.RCC_DeInit                             0x08001e08   Section        0  stm32f10x_rcc.o(i.RCC_DeInit)
    i.RCC_GetClocksFreq                      0x08001e54   Section        0  stm32f10x_rcc.o(i.RCC_GetClocksFreq)
    i.RCC_GetFlagStatus                      0x08001f28   Section        0  stm32f10x_rcc.o(i.RCC_GetFlagStatus)
    i.RCC_GetSYSCLKSource                    0x08001f64   Section        0  stm32f10x_rcc.o(i.RCC_GetSYSCLKSource)
    i.RCC_HCLKConfig                         0x08001f74   Section        0  stm32f10x_rcc.o(i.RCC_HCLKConfig)
    i.RCC_HSEConfig                          0x08001f8c   Section        0  stm32f10x_rcc.o(i.RCC_HSEConfig)
    i.RCC_PCLK1Config                        0x08001fd8   Section        0  stm32f10x_rcc.o(i.RCC_PCLK1Config)
    i.RCC_PCLK2Config                        0x08001ff0   Section        0  stm32f10x_rcc.o(i.RCC_PCLK2Config)
    i.RCC_PLLCmd                             0x08002008   Section        0  stm32f10x_rcc.o(i.RCC_PLLCmd)
    i.RCC_PLLConfig                          0x08002014   Section        0  stm32f10x_rcc.o(i.RCC_PLLConfig)
    i.RCC_SYSCLKConfig                       0x08002030   Section        0  stm32f10x_rcc.o(i.RCC_SYSCLKConfig)
    i.RCC_WaitForHSEStartUp                  0x08002048   Section        0  stm32f10x_rcc.o(i.RCC_WaitForHSEStartUp)
    i.SK_TIM6_Init                           0x08002080   Section        0  main.o(i.SK_TIM6_Init)
    i.SK_TIM6_NVICConifg                     0x080020d8   Section        0  main.o(i.SK_TIM6_NVICConifg)
    i.SVC_Handler                            0x080020f8   Section        0  stm32f10x_it.o(i.SVC_Handler)
    i.Send_System_Board_Status2              0x080020fc   Section        0  leyaoyao_protocol.o(i.Send_System_Board_Status2)
    i.SetSysClock                            0x08002204   Section        0  system_stm32f10x.o(i.SetSysClock)
    SetSysClock                              0x08002205   Thumb Code     8  system_stm32f10x.o(i.SetSysClock)
    i.SetSysClockTo72                        0x0800220c   Section        0  system_stm32f10x.o(i.SetSysClockTo72)
    SetSysClockTo72                          0x0800220d   Thumb Code   214  system_stm32f10x.o(i.SetSysClockTo72)
    i.Switch_Key_Init                        0x080022ec   Section        0  switch_key.o(i.Switch_Key_Init)
    i.SysTick_Handler                        0x08002340   Section        0  stm32f10x_it.o(i.SysTick_Handler)
    i.SystemInit                             0x08002344   Section        0  system_stm32f10x.o(i.SystemInit)
    i.System_Buffer_Clean                    0x080023a4   Section        0  protocol.o(i.System_Buffer_Clean)
    i.System_Check_Receive                   0x080023e0   Section        0  protocol.o(i.System_Check_Receive)
    i.System_Check_Receive_Match             0x080026fc   Section        0  protocol.o(i.System_Check_Receive_Match)
    i.System_Init                            0x08002750   Section        0  main.o(i.System_Init)
    i.System_Send_Return_Status              0x08002954   Section        0  protocol.o(i.System_Send_Return_Status)
    i.System_Send_Return_Total_Days_Coin     0x080029cc   Section        0  protocol.o(i.System_Send_Return_Total_Days_Coin)
    i.System_Send_Return_Version             0x08002a90   Section        0  protocol.o(i.System_Send_Return_Version)
    i.System_Send_Status                     0x08002b10   Section        0  protocol.o(i.System_Send_Status)
    i.System_Setting_Coin_Insert             0x08002c30   Section        0  protocol.o(i.System_Setting_Coin_Insert)
    i.System_Setting_Count                   0x08002c44   Section        0  protocol.o(i.System_Setting_Count)
    i.System_Setting_Game_Coins              0x08002c68   Section        0  protocol.o(i.System_Setting_Game_Coins)
    i.System_Setting_Game_Disable            0x08002c7c   Section        0  protocol.o(i.System_Setting_Game_Disable)
    i.System_Setting_ID                      0x08002dd8   Section        0  protocol.o(i.System_Setting_ID)
    i.System_Setting_Key_Factory             0x08002f08   Section        0  main.o(i.System_Setting_Key_Factory)
    i.System_Setting_Light                   0x08002f8c   Section        0  protocol.o(i.System_Setting_Light)
    i.System_Setting_Play_Music              0x08002fa8   Section        0  protocol.o(i.System_Setting_Play_Music)
    i.TIM2_IRQHandler                        0x08002fb4   Section        0  stm32f10x_it.o(i.TIM2_IRQHandler)
    i.TIM4_IRQHandler                        0x08002fc0   Section        0  stm32f10x_it.o(i.TIM4_IRQHandler)
    i.TIM4_Int_Init                          0x0800302c   Section        0  timer.o(i.TIM4_Int_Init)
    i.TIM6_IRQHandler                        0x08003080   Section        0  stm32f10x_it.o(i.TIM6_IRQHandler)
    i.TIM7_IRQHandler                        0x080030a8   Section        0  stm32f10x_it.o(i.TIM7_IRQHandler)
    i.TIM_ARRPreloadConfig                   0x080030b8   Section        0  stm32f10x_tim.o(i.TIM_ARRPreloadConfig)
    i.TIM_ClearITPendingBit                  0x080030d0   Section        0  stm32f10x_tim.o(i.TIM_ClearITPendingBit)
    i.TIM_Cmd                                0x080030d6   Section        0  stm32f10x_tim.o(i.TIM_Cmd)
    i.TIM_GetITStatus                        0x080030ee   Section        0  stm32f10x_tim.o(i.TIM_GetITStatus)
    i.TIM_ITConfig                           0x08003110   Section        0  stm32f10x_tim.o(i.TIM_ITConfig)
    i.TIM_SelectOnePulseMode                 0x08003122   Section        0  stm32f10x_tim.o(i.TIM_SelectOnePulseMode)
    i.TIM_TimeBaseInit                       0x08003134   Section        0  stm32f10x_tim.o(i.TIM_TimeBaseInit)
    i.TIM_UpdateRequestConfig                0x080031d8   Section        0  stm32f10x_tim.o(i.TIM_UpdateRequestConfig)
    i.USART1_Init                            0x080031f0   Section        0  usart.o(i.USART1_Init)
    i.USART1_Send_Byte                       0x08003268   Section        0  usart.o(i.USART1_Send_Byte)
    i.USART1_Send_Debug_Message              0x08003288   Section        0  usart.o(i.USART1_Send_Debug_Message)
    i.USART1_Send_Dec                        0x0800328c   Section        0  usart.o(i.USART1_Send_Dec)
    i.USART1_Send_Hex                        0x08003804   Section        0  usart.o(i.USART1_Send_Hex)
    i.USART1_Send_String                     0x08003840   Section        0  usart.o(i.USART1_Send_String)
    i.USART2_IRQHandler                      0x08003858   Section        0  stm32f10x_it.o(i.USART2_IRQHandler)
    i.USART2_Init                            0x0800388c   Section        0  usart.o(i.USART2_Init)
    i.USART2_Send_Byte                       0x08003938   Section        0  usart.o(i.USART2_Send_Byte)
    i.USART3_IRQHandler                      0x08003958   Section        0  stm32f10x_it.o(i.USART3_IRQHandler)
    i.USART3_Init                            0x08003998   Section        0  usart.o(i.USART3_Init)
    i.USART3_Send_Byte                       0x08003a48   Section        0  usart.o(i.USART3_Send_Byte)
    i.USART4_Init                            0x08003a68   Section        0  usart.o(i.USART4_Init)
    i.USART4_Send_Byte                       0x08003ae8   Section        0  usart.o(i.USART4_Send_Byte)
    i.USART_485_Disable                      0x08003b08   Section        0  usart.o(i.USART_485_Disable)
    i.USART_485_Enable                       0x08003b20   Section        0  usart.o(i.USART_485_Enable)
    i.USART_485_Pins_Init                    0x08003b30   Section        0  usart.o(i.USART_485_Pins_Init)
    i.USART_Cmd                              0x08003b60   Section        0  stm32f10x_usart.o(i.USART_Cmd)
    i.USART_GetFlagStatus                    0x08003b78   Section        0  stm32f10x_usart.o(i.USART_GetFlagStatus)
    i.USART_GetITStatus                      0x08003b92   Section        0  stm32f10x_usart.o(i.USART_GetITStatus)
    i.USART_ITConfig                         0x08003be6   Section        0  stm32f10x_usart.o(i.USART_ITConfig)
    i.USART_Init                             0x08003c30   Section        0  stm32f10x_usart.o(i.USART_Init)
    i.USART_ReceiveData                      0x08003d08   Section        0  stm32f10x_usart.o(i.USART_ReceiveData)
    i.USART_SendData                         0x08003d12   Section        0  stm32f10x_usart.o(i.USART_SendData)
    i.UsageFault_Handler                     0x08003d1a   Section        0  stm32f10x_it.o(i.UsageFault_Handler)
    i.VOICE_Check_Busy                       0x08003d20   Section        0  music.o(i.VOICE_Check_Busy)
    i.VOICE_Out_Pins_Disable                 0x08003d3c   Section        0  music.o(i.VOICE_Out_Pins_Disable)
    i.VOICE_Out_Pins_Enable                  0x08003d4c   Section        0  music.o(i.VOICE_Out_Pins_Enable)
    i.VOICE_Out_Pins_Init                    0x08003d6c   Section        0  music.o(i.VOICE_Out_Pins_Init)
    i.VOICE_Pins_Init                        0x08003d9c   Section        0  music.o(i.VOICE_Pins_Init)
    i.VOICE_Play                             0x08003de4   Section        0  music.o(i.VOICE_Play)
    i.Voice_Play_Stop                        0x08003e7c   Section        0  music.o(i.Voice_Play_Stop)
    i.Write_DATA                             0x08003e86   Section        0  digital_tube.o(i.Write_DATA)
    i.__Debug_Send_Leyaoyao_Recevie_Buffer   0x08003eb0   Section        0  leyaoyao_protocol.o(i.__Debug_Send_Leyaoyao_Recevie_Buffer)
    i.get_Setting_Key_Status                 0x08003f18   Section        0  key.o(i.get_Setting_Key_Status)
    i.leyaoyao_retrun_settings_value         0x08003f2c   Section        0  leyaoyao_protocol.o(i.leyaoyao_retrun_settings_value)
    i.leyaoyao_retrun_store_settings         0x08003ff0   Section        0  leyaoyao_protocol.o(i.leyaoyao_retrun_store_settings)
    i.leyaoyao_return_coins_settings         0x080040e4   Section        0  leyaoyao_protocol.o(i.leyaoyao_return_coins_settings)
    i.leyaoyao_return_pay                    0x080041f4   Section        0  leyaoyao_protocol.o(i.leyaoyao_return_pay)
    i.leyaoyao_return_pay_field              0x080042f4   Section        0  leyaoyao_protocol.o(i.leyaoyao_return_pay_field)
    i.leyaoyao_return_system_lock            0x08004404   Section        0  leyaoyao_protocol.o(i.leyaoyao_return_system_lock)
    i.leyaoyao_return_yun_coins_pay          0x08004518   Section        0  leyaoyao_protocol.o(i.leyaoyao_return_yun_coins_pay)
    i.leyaoyao_return_yun_coins_pay_jieguo   0x080046ac   Section        0  leyaoyao_protocol.o(i.leyaoyao_return_yun_coins_pay_jieguo)
    i.leyaoyao_test_connect                  0x0800480c   Section        0  leyaoyao_protocol.o(i.leyaoyao_test_connect)
    i.main                                   0x08004898   Section        0  main.o(i.main)
    i.sub_Check_Light_Eye_1                  0x08004930   Section        0  light_eye.o(i.sub_Check_Light_Eye_1)
    i.sub_Check_Light_Eye_2                  0x08004984   Section        0  light_eye.o(i.sub_Check_Light_Eye_2)
    i.ucGetSwitchKeyStatus                   0x08004a08   Section        0  switch_key.o(i.ucGetSwitchKeyStatus)
    i.ucNumSwitch                            0x08004a48   Section        0  digital_tube.o(i.ucNumSwitch)
    .data                                    0x20000000   Section        3  main.o(.data)
    .data                                    0x20000004   Section       17  game.o(.data)
    .data                                    0x20000018   Section       24  protocol.o(.data)
    .data                                    0x20000030   Section        4  switch_key.o(.data)
    .data                                    0x20000034   Section       16  usart.o(.data)
    .data                                    0x20000044   Section       13  leyaoyao_protocol.o(.data)
    .data                                    0x20000051   Section       20  stm32f10x_rcc.o(.data)
    APBAHBPrescTable                         0x20000051   Data          16  stm32f10x_rcc.o(.data)
    ADCPrescTable                            0x20000061   Data           4  stm32f10x_rcc.o(.data)
    .bss                                     0x20000068   Section       84  game.o(.bss)
    .bss                                     0x200000bc   Section       76  protocol.o(.bss)
    .bss                                     0x20000108   Section       74  leyaoyao_protocol.o(.bss)
    .bss                                     0x20000154   Section       96  libspace.o(.bss)
    HEAP                                     0x200001b8   Section      512  startup_stm32f10x_hd.o(HEAP)
    Heap_Mem                                 0x200001b8   Data         512  startup_stm32f10x_hd.o(HEAP)
    STACK                                    0x200003b8   Section     1024  startup_stm32f10x_hd.o(STACK)
    Stack_Mem                                0x200003b8   Data        1024  startup_stm32f10x_hd.o(STACK)
    __initial_sp                             0x200007b8   Data           0  startup_stm32f10x_hd.o(STACK)

    Global Symbols

    Symbol Name                              Value     Ov Type        Size  Object(Section)

    BuildAttributes$$THM_ISAv4$P$D$K$B$S$PE$A:L22UL41UL21$X:L11$S22US41US21$IEEE1$IW$USESV6$~STKCKD$USESV7$~SHL$OSPACE$ROPI$EBA8$UX$STANDARDLIB$REQ8$PRES8$EABIv2 0x00000000   Number         0  anon$$obj.o ABSOLUTE
    __ARM_use_no_argv                        0x00000000   Number         0  main.o ABSOLUTE
    __ARM_exceptions_init                     - Undefined Weak Reference
    __alloca_initialize                       - Undefined Weak Reference
    __arm_fini_                               - Undefined Weak Reference
    __arm_preinit_                            - Undefined Weak Reference
    __cpp_initialize__aeabi_                  - Undefined Weak Reference
    __cxa_finalize                            - Undefined Weak Reference
    __rt_locale                               - Undefined Weak Reference
    __sigvec_lookup                           - Undefined Weak Reference
    _atexit_init                              - Undefined Weak Reference
    _call_atexit_fns                          - Undefined Weak Reference
    _clock_init                               - Undefined Weak Reference
    _fp_trap_init                             - Undefined Weak Reference
    _fp_trap_shutdown                         - Undefined Weak Reference
    _get_lc_collate                           - Undefined Weak Reference
    _get_lc_ctype                             - Undefined Weak Reference
    _get_lc_monetary                          - Undefined Weak Reference
    _get_lc_numeric                           - Undefined Weak Reference
    _get_lc_time                              - Undefined Weak Reference
    _getenv_init                              - Undefined Weak Reference
    _handle_redirection                       - Undefined Weak Reference
    _init_alloc                               - Undefined Weak Reference
    _init_user_alloc                          - Undefined Weak Reference
    _initio                                   - Undefined Weak Reference
    _rand_init                                - Undefined Weak Reference
    _signal_finish                            - Undefined Weak Reference
    _signal_init                              - Undefined Weak Reference
    _terminate_alloc                          - Undefined Weak Reference
    _terminate_user_alloc                     - Undefined Weak Reference
    _terminateio                              - Undefined Weak Reference
    __Vectors_Size                           0x00000130   Number         0  startup_stm32f10x_hd.o ABSOLUTE
    __Vectors                                0x08000000   Data           4  startup_stm32f10x_hd.o(RESET)
    __Vectors_End                            0x08000130   Data           0  startup_stm32f10x_hd.o(RESET)
    __main                                   0x08000131   Thumb Code     8  __main.o(!!!main)
    __scatterload                            0x08000139   Thumb Code     0  __scatter.o(!!!scatter)
    __scatterload_rt2                        0x08000139   Thumb Code    44  __scatter.o(!!!scatter)
    __scatterload_rt2_thumb_only             0x08000139   Thumb Code     0  __scatter.o(!!!scatter)
    __scatterload_null                       0x08000147   Thumb Code     0  __scatter.o(!!!scatter)
    __scatterload_copy                       0x0800016d   Thumb Code    26  __scatter_copy.o(!!handler_copy)
    __scatterload_zeroinit                   0x08000189   Thumb Code    28  __scatter_zi.o(!!handler_zi)
    __rt_lib_init                            0x080001a5   Thumb Code     0  libinit.o(.ARM.Collect$$libinit$$00000000)
    __rt_lib_init_alloca_1                   0x080001a7   Thumb Code     0  libinit2.o(.ARM.Collect$$libinit$$0000002E)
    __rt_lib_init_argv_1                     0x080001a7   Thumb Code     0  libinit2.o(.ARM.Collect$$libinit$$0000002C)
    __rt_lib_init_atexit_1                   0x080001a7   Thumb Code     0  libinit2.o(.ARM.Collect$$libinit$$0000001B)
    __rt_lib_init_clock_1                    0x080001a7   Thumb Code     0  libinit2.o(.ARM.Collect$$libinit$$00000021)
    __rt_lib_init_cpp_1                      0x080001a7   Thumb Code     0  libinit2.o(.ARM.Collect$$libinit$$00000032)
    __rt_lib_init_exceptions_1               0x080001a7   Thumb Code     0  libinit2.o(.ARM.Collect$$libinit$$00000030)
    __rt_lib_init_fp_1                       0x080001a7   Thumb Code     0  libinit2.o(.ARM.Collect$$libinit$$00000002)
    __rt_lib_init_fp_trap_1                  0x080001a7   Thumb Code     0  libinit2.o(.ARM.Collect$$libinit$$0000001F)
    __rt_lib_init_getenv_1                   0x080001a7   Thumb Code     0  libinit2.o(.ARM.Collect$$libinit$$00000023)
    __rt_lib_init_heap_1                     0x080001a7   Thumb Code     0  libinit2.o(.ARM.Collect$$libinit$$0000000A)
    __rt_lib_init_lc_collate_1               0x080001a7   Thumb Code     0  libinit2.o(.ARM.Collect$$libinit$$00000011)
    __rt_lib_init_lc_ctype_1                 0x080001a7   Thumb Code     0  libinit2.o(.ARM.Collect$$libinit$$00000013)
    __rt_lib_init_lc_monetary_1              0x080001a7   Thumb Code     0  libinit2.o(.ARM.Collect$$libinit$$00000015)
    __rt_lib_init_lc_numeric_1               0x080001a7   Thumb Code     0  libinit2.o(.ARM.Collect$$libinit$$00000017)
    __rt_lib_init_lc_time_1                  0x080001a7   Thumb Code     0  libinit2.o(.ARM.Collect$$libinit$$00000019)
    __rt_lib_init_preinit_1                  0x080001a7   Thumb Code     0  libinit2.o(.ARM.Collect$$libinit$$00000004)
    __rt_lib_init_rand_1                     0x080001a7   Thumb Code     0  libinit2.o(.ARM.Collect$$libinit$$0000000E)
    __rt_lib_init_return                     0x080001a7   Thumb Code     0  libinit2.o(.ARM.Collect$$libinit$$00000033)
    __rt_lib_init_signal_1                   0x080001a7   Thumb Code     0  libinit2.o(.ARM.Collect$$libinit$$0000001D)
    __rt_lib_init_stdio_1                    0x080001a7   Thumb Code     0  libinit2.o(.ARM.Collect$$libinit$$00000025)
    __rt_lib_init_user_alloc_1               0x080001a7   Thumb Code     0  libinit2.o(.ARM.Collect$$libinit$$0000000C)
    __rt_lib_shutdown                        0x080001a9   Thumb Code     0  libshutdown.o(.ARM.Collect$$libshutdown$$00000000)
    __rt_lib_shutdown_cpp_1                  0x080001ab   Thumb Code     0  libshutdown2.o(.ARM.Collect$$libshutdown$$00000004)
    __rt_lib_shutdown_fini_1                 0x080001ab   Thumb Code     0  libshutdown2.o(.ARM.Collect$$libshutdown$$00000002)
    __rt_lib_shutdown_fp_trap_1              0x080001ab   Thumb Code     0  libshutdown2.o(.ARM.Collect$$libshutdown$$00000009)
    __rt_lib_shutdown_heap_1                 0x080001ab   Thumb Code     0  libshutdown2.o(.ARM.Collect$$libshutdown$$00000011)
    __rt_lib_shutdown_return                 0x080001ab   Thumb Code     0  libshutdown2.o(.ARM.Collect$$libshutdown$$00000012)
    __rt_lib_shutdown_signal_1               0x080001ab   Thumb Code     0  libshutdown2.o(.ARM.Collect$$libshutdown$$0000000C)
    __rt_lib_shutdown_stdio_1                0x080001ab   Thumb Code     0  libshutdown2.o(.ARM.Collect$$libshutdown$$00000006)
    __rt_lib_shutdown_user_alloc_1           0x080001ab   Thumb Code     0  libshutdown2.o(.ARM.Collect$$libshutdown$$0000000E)
    __rt_entry                               0x080001ad   Thumb Code     0  __rtentry.o(.ARM.Collect$$rtentry$$00000000)
    __rt_entry_presh_1                       0x080001ad   Thumb Code     0  __rtentry2.o(.ARM.Collect$$rtentry$$00000002)
    __rt_entry_sh                            0x080001ad   Thumb Code     0  __rtentry4.o(.ARM.Collect$$rtentry$$00000004)
    __rt_entry_li                            0x080001b3   Thumb Code     0  __rtentry2.o(.ARM.Collect$$rtentry$$0000000A)
    __rt_entry_postsh_1                      0x080001b3   Thumb Code     0  __rtentry2.o(.ARM.Collect$$rtentry$$00000009)
    __rt_entry_main                          0x080001b7   Thumb Code     0  __rtentry2.o(.ARM.Collect$$rtentry$$0000000D)
    __rt_entry_postli_1                      0x080001b7   Thumb Code     0  __rtentry2.o(.ARM.Collect$$rtentry$$0000000C)
    __rt_exit                                0x080001bf   Thumb Code     0  rtexit.o(.ARM.Collect$$rtexit$$00000000)
    __rt_exit_ls                             0x080001c1   Thumb Code     0  rtexit2.o(.ARM.Collect$$rtexit$$00000003)
    __rt_exit_prels_1                        0x080001c1   Thumb Code     0  rtexit2.o(.ARM.Collect$$rtexit$$00000002)
    __rt_exit_exit                           0x080001c5   Thumb Code     0  rtexit2.o(.ARM.Collect$$rtexit$$00000004)
    Reset_Handler                            0x080001cd   Thumb Code     8  startup_stm32f10x_hd.o(.text)
    ADC1_2_IRQHandler                        0x080001e7   Thumb Code     0  startup_stm32f10x_hd.o(.text)
    ADC3_IRQHandler                          0x080001e7   Thumb Code     0  startup_stm32f10x_hd.o(.text)
    CAN1_RX1_IRQHandler                      0x080001e7   Thumb Code     0  startup_stm32f10x_hd.o(.text)
    CAN1_SCE_IRQHandler                      0x080001e7   Thumb Code     0  startup_stm32f10x_hd.o(.text)
    DMA1_Channel1_IRQHandler                 0x080001e7   Thumb Code     0  startup_stm32f10x_hd.o(.text)
    DMA1_Channel2_IRQHandler                 0x080001e7   Thumb Code     0  startup_stm32f10x_hd.o(.text)
    DMA1_Channel3_IRQHandler                 0x080001e7   Thumb Code     0  startup_stm32f10x_hd.o(.text)
    DMA1_Channel4_IRQHandler                 0x080001e7   Thumb Code     0  startup_stm32f10x_hd.o(.text)
    DMA1_Channel5_IRQHandler                 0x080001e7   Thumb Code     0  startup_stm32f10x_hd.o(.text)
    DMA1_Channel6_IRQHandler                 0x080001e7   Thumb Code     0  startup_stm32f10x_hd.o(.text)
    DMA1_Channel7_IRQHandler                 0x080001e7   Thumb Code     0  startup_stm32f10x_hd.o(.text)
    DMA2_Channel1_IRQHandler                 0x080001e7   Thumb Code     0  startup_stm32f10x_hd.o(.text)
    DMA2_Channel2_IRQHandler                 0x080001e7   Thumb Code     0  startup_stm32f10x_hd.o(.text)
    DMA2_Channel3_IRQHandler                 0x080001e7   Thumb Code     0  startup_stm32f10x_hd.o(.text)
    DMA2_Channel4_5_IRQHandler               0x080001e7   Thumb Code     0  startup_stm32f10x_hd.o(.text)
    EXTI15_10_IRQHandler                     0x080001e7   Thumb Code     0  startup_stm32f10x_hd.o(.text)
    EXTI2_IRQHandler                         0x080001e7   Thumb Code     0  startup_stm32f10x_hd.o(.text)
    EXTI3_IRQHandler                         0x080001e7   Thumb Code     0  startup_stm32f10x_hd.o(.text)
    EXTI9_5_IRQHandler                       0x080001e7   Thumb Code     0  startup_stm32f10x_hd.o(.text)
    FLASH_IRQHandler                         0x080001e7   Thumb Code     0  startup_stm32f10x_hd.o(.text)
    FSMC_IRQHandler                          0x080001e7   Thumb Code     0  startup_stm32f10x_hd.o(.text)
    I2C1_ER_IRQHandler                       0x080001e7   Thumb Code     0  startup_stm32f10x_hd.o(.text)
    I2C1_EV_IRQHandler                       0x080001e7   Thumb Code     0  startup_stm32f10x_hd.o(.text)
    I2C2_ER_IRQHandler                       0x080001e7   Thumb Code     0  startup_stm32f10x_hd.o(.text)
    I2C2_EV_IRQHandler                       0x080001e7   Thumb Code     0  startup_stm32f10x_hd.o(.text)
    PVD_IRQHandler                           0x080001e7   Thumb Code     0  startup_stm32f10x_hd.o(.text)
    RCC_IRQHandler                           0x080001e7   Thumb Code     0  startup_stm32f10x_hd.o(.text)
    RTCAlarm_IRQHandler                      0x080001e7   Thumb Code     0  startup_stm32f10x_hd.o(.text)
    RTC_IRQHandler                           0x080001e7   Thumb Code     0  startup_stm32f10x_hd.o(.text)
    SDIO_IRQHandler                          0x080001e7   Thumb Code     0  startup_stm32f10x_hd.o(.text)
    SPI1_IRQHandler                          0x080001e7   Thumb Code     0  startup_stm32f10x_hd.o(.text)
    SPI2_IRQHandler                          0x080001e7   Thumb Code     0  startup_stm32f10x_hd.o(.text)
    SPI3_IRQHandler                          0x080001e7   Thumb Code     0  startup_stm32f10x_hd.o(.text)
    TAMPER_IRQHandler                        0x080001e7   Thumb Code     0  startup_stm32f10x_hd.o(.text)
    TIM1_BRK_IRQHandler                      0x080001e7   Thumb Code     0  startup_stm32f10x_hd.o(.text)
    TIM1_CC_IRQHandler                       0x080001e7   Thumb Code     0  startup_stm32f10x_hd.o(.text)
    TIM1_TRG_COM_IRQHandler                  0x080001e7   Thumb Code     0  startup_stm32f10x_hd.o(.text)
    TIM1_UP_IRQHandler                       0x080001e7   Thumb Code     0  startup_stm32f10x_hd.o(.text)
    TIM3_IRQHandler                          0x080001e7   Thumb Code     0  startup_stm32f10x_hd.o(.text)
    TIM5_IRQHandler                          0x080001e7   Thumb Code     0  startup_stm32f10x_hd.o(.text)
    TIM8_BRK_IRQHandler                      0x080001e7   Thumb Code     0  startup_stm32f10x_hd.o(.text)
    TIM8_CC_IRQHandler                       0x080001e7   Thumb Code     0  startup_stm32f10x_hd.o(.text)
    TIM8_TRG_COM_IRQHandler                  0x080001e7   Thumb Code     0  startup_stm32f10x_hd.o(.text)
    TIM8_UP_IRQHandler                       0x080001e7   Thumb Code     0  startup_stm32f10x_hd.o(.text)
    UART4_IRQHandler                         0x080001e7   Thumb Code     0  startup_stm32f10x_hd.o(.text)
    UART5_IRQHandler                         0x080001e7   Thumb Code     0  startup_stm32f10x_hd.o(.text)
    USART1_IRQHandler                        0x080001e7   Thumb Code     0  startup_stm32f10x_hd.o(.text)
    USBWakeUp_IRQHandler                     0x080001e7   Thumb Code     0  startup_stm32f10x_hd.o(.text)
    USB_HP_CAN1_TX_IRQHandler                0x080001e7   Thumb Code     0  startup_stm32f10x_hd.o(.text)
    USB_LP_CAN1_RX0_IRQHandler               0x080001e7   Thumb Code     0  startup_stm32f10x_hd.o(.text)
    WWDG_IRQHandler                          0x080001e7   Thumb Code     0  startup_stm32f10x_hd.o(.text)
    __user_initial_stackheap                 0x080001e9   Thumb Code     0  startup_stm32f10x_hd.o(.text)
    __use_two_region_memory                  0x0800020d   Thumb Code     2  heapauxi.o(.text)
    __rt_heap_escrow$2region                 0x0800020f   Thumb Code     2  heapauxi.o(.text)
    __rt_heap_expand$2region                 0x08000211   Thumb Code     2  heapauxi.o(.text)
    __user_setup_stackheap                   0x08000213   Thumb Code    74  sys_stackheap_outer.o(.text)
    exit                                     0x0800025d   Thumb Code    18  exit.o(.text)
    __user_libspace                          0x08000271   Thumb Code     8  libspace.o(.text)
    __user_perproc_libspace                  0x08000271   Thumb Code     0  libspace.o(.text)
    __user_perthread_libspace                0x08000271   Thumb Code     0  libspace.o(.text)
    _sys_exit                                0x08000279   Thumb Code     8  sys_exit.o(.text)
    __I$use$semihosting                      0x08000285   Thumb Code     0  use_no_semi.o(.text)
    __use_no_semihosting_swi                 0x08000285   Thumb Code     2  use_no_semi.o(.text)
    __semihosting_library_function           0x08000287   Thumb Code     0  indicate_semi.o(.text)
    AT24C64_Power_On                         0x08000289   Thumb Code    50  at24c64.o(i.AT24C64_Power_On)
    AT24C64_Read_Byte                        0x080002c1   Thumb Code    82  at24c64.o(i.AT24C64_Read_Byte)
    AT24C64_Write_Byte                       0x08000313   Thumb Code    76  at24c64.o(i.AT24C64_Write_Byte)
    BusFault_Handler                         0x0800035f   Thumb Code     4  stm32f10x_it.o(i.BusFault_Handler)
    Check_Coin_Status                        0x08000365   Thumb Code   172  game.o(i.Check_Coin_Status)
    Check_Game_Time_Out                      0x08000421   Thumb Code   138  game.o(i.Check_Game_Time_Out)
    Check_Light_Eye_Status                   0x080004b5   Thumb Code    12  light_eye.o(i.Check_Light_Eye_Status)
    Check_Switch_Key_Status                  0x080004c1   Thumb Code   190  switch_key.o(i.Check_Switch_Key_Status)
    Coin_Insert_Add                          0x080005a9   Thumb Code   206  game.o(i.Coin_Insert_Add)
    Coin_Pin_Init                            0x08000681   Thumb Code    32  key.o(i.Coin_Pin_Init)
    DIGITAL_TUBE_SDA_IN                      0x080006a5   Thumb Code    38  digital_tube.o(i.DIGITAL_TUBE_SDA_IN)
    DIGITAL_TUBE_SDA_OUT                     0x080006d1   Thumb Code    38  digital_tube.o(i.DIGITAL_TUBE_SDA_OUT)
    DIGITAL_TUBE_Start                       0x080006fd   Thumb Code    50  digital_tube.o(i.DIGITAL_TUBE_Start)
    DIGITAL_TUBE_Stop                        0x08000735   Thumb Code    58  digital_tube.o(i.DIGITAL_TUBE_Stop)
    DIGITAL_TUBE_WaitAck                     0x08000775   Thumb Code    62  digital_tube.o(i.DIGITAL_TUBE_WaitAck)
    DIGITAL_TUBE_Write_Byte                  0x080007b9   Thumb Code   100  digital_tube.o(i.DIGITAL_TUBE_Write_Byte)
    DebugMon_Handler                         0x08000821   Thumb Code     2  stm32f10x_it.o(i.DebugMon_Handler)
    Delay_72M_Ms                             0x08000823   Thumb Code    24  delay.o(i.Delay_72M_Ms)
    Delay_72M_Us                             0x0800083b   Thumb Code    22  delay.o(i.Delay_72M_Us)
    Digital_Tube_Display                     0x08000851   Thumb Code   138  digital_tube.o(i.Digital_Tube_Display)
    Digital_Tube_Display_Error               0x080008db   Thumb Code    36  digital_tube.o(i.Digital_Tube_Display_Error)
    Digital_Tube_Init                        0x08000901   Thumb Code    66  digital_tube.o(i.Digital_Tube_Init)
    EXTI0_IRQHandler                         0x08000951   Thumb Code    10  stm32f10x_it.o(i.EXTI0_IRQHandler)
    EXTI1_IRQHandler                         0x0800095b   Thumb Code    10  stm32f10x_it.o(i.EXTI1_IRQHandler)
    EXTI4_IRQHandler                         0x08000965   Thumb Code    10  stm32f10x_it.o(i.EXTI4_IRQHandler)
    EXTI_GetITStatus                         0x08000971   Thumb Code    34  stm32f10x_exti.o(i.EXTI_GetITStatus)
    FLASH_PrefetchBufferCmd                  0x08000999   Thumb Code    22  stm32f10x_flash.o(i.FLASH_PrefetchBufferCmd)
    FLASH_SetLatency                         0x080009b5   Thumb Code    18  stm32f10x_flash.o(i.FLASH_SetLatency)
    GPIO_Init                                0x080009cd   Thumb Code   278  stm32f10x_gpio.o(i.GPIO_Init)
    GPIO_PinRemapConfig                      0x08000ae5   Thumb Code   138  stm32f10x_gpio.o(i.GPIO_PinRemapConfig)
    GPIO_ReadInputDataBit                    0x08000b75   Thumb Code    18  stm32f10x_gpio.o(i.GPIO_ReadInputDataBit)
    GPIO_ResetBits                           0x08000b87   Thumb Code     4  stm32f10x_gpio.o(i.GPIO_ResetBits)
    GPIO_SetBits                             0x08000b8b   Thumb Code     4  stm32f10x_gpio.o(i.GPIO_SetBits)
    GPIO_Set_All_Pins                        0x08000b91   Thumb Code   118  main.o(i.GPIO_Set_All_Pins)
    Game_Coin_Minus                          0x08000c15   Thumb Code    36  game.o(i.Game_Coin_Minus)
    Game_Egg_Out                             0x08000c3d   Thumb Code   270  game.o(i.Game_Egg_Out)
    Game_Egg_Out_Stop                        0x08000dad   Thumb Code   230  game.o(i.Game_Egg_Out_Stop)
    Game_Egg_Switch_Out                      0x08000ebd   Thumb Code   170  game.o(i.Game_Egg_Switch_Out)
    Game_Insert_Coin_Disable                 0x08000f71   Thumb Code    24  key.o(i.Game_Insert_Coin_Disable)
    Game_Insert_Coin_Enable                  0x08000f91   Thumb Code    24  key.o(i.Game_Insert_Coin_Enable)
    Game_Insert_Coin_Enable_Pins_Init        0x08000fb1   Thumb Code    46  key.o(i.Game_Insert_Coin_Enable_Pins_Init)
    Game_Moto_Init                           0x08000fe5   Thumb Code    46  game.o(i.Game_Moto_Init)
    Game_Status_Read                         0x08001019   Thumb Code   244  game.o(i.Game_Status_Read)
    Game_Status_Save                         0x08001111   Thumb Code   254  game.o(i.Game_Status_Save)
    Game_Status_Value_Init                   0x08001215   Thumb Code    70  game.o(i.Game_Status_Value_Init)
    Game_Struct_Init                         0x08001289   Thumb Code    94  game.o(i.Game_Struct_Init)
    Get_ADC_1_DATA                           0x080012ed   Thumb Code    18  light_eye.o(i.Get_ADC_1_DATA)
    Get_ADC_2_DATA                           0x08001305   Thumb Code    12  light_eye.o(i.Get_ADC_2_DATA)
    Get_ChipID                               0x08001315   Thumb Code    60  game.o(i.Get_ChipID)
    HardFault_Handler                        0x08001359   Thumb Code     4  stm32f10x_it.o(i.HardFault_Handler)
    I2C1_Read_Byte                           0x0800135d   Thumb Code    94  at24c64.o(i.I2C1_Read_Byte)
    I2C1_SDA_IN                              0x080013c1   Thumb Code    40  at24c64.o(i.I2C1_SDA_IN)
    I2C1_SDA_OUT                             0x080013ed   Thumb Code    40  at24c64.o(i.I2C1_SDA_OUT)
    I2C1_Start                               0x08001419   Thumb Code    72  at24c64.o(i.I2C1_Start)
    I2C1_Stop                                0x08001465   Thumb Code    72  at24c64.o(i.I2C1_Stop)
    I2C1_WaitAck                             0x080014b1   Thumb Code    90  at24c64.o(i.I2C1_WaitAck)
    I2C1_Write_Byte                          0x08001511   Thumb Code   110  at24c64.o(i.I2C1_Write_Byte)
    Key_Init                                 0x08001585   Thumb Code    34  key.o(i.Key_Init)
    LED_Blink                                0x080015ad   Thumb Code    18  main.o(i.LED_Blink)
    LED_Blue_Off                             0x080015c1   Thumb Code    12  led.o(i.LED_Blue_Off)
    LED_Blue_On                              0x080015d1   Thumb Code    12  led.o(i.LED_Blue_On)
    LED_Gpio_Init                            0x080015e1   Thumb Code    46  led.o(i.LED_Gpio_Init)
    LED_Red_Off                              0x08001615   Thumb Code    12  led.o(i.LED_Red_Off)
    LED_Red_On                               0x08001625   Thumb Code    12  led.o(i.LED_Red_On)
    Leyaoyao_Buffer_Clean                    0x08001635   Thumb Code    44  leyaoyao_protocol.o(i.Leyaoyao_Buffer_Clean)
    Leyaoyao_Check_Receive                   0x08001671   Thumb Code   480  leyaoyao_protocol.o(i.Leyaoyao_Check_Receive)
    Leyaoyao_Check_Receive_Match             0x080018d1   Thumb Code    46  leyaoyao_protocol.o(i.Leyaoyao_Check_Receive_Match)
    Leyaoyao_Retrun_Add_Coins                0x08001909   Thumb Code   312  leyaoyao_protocol.o(i.Leyaoyao_Retrun_Add_Coins)
    Leyaoyao_Retrun_Coins_Details            0x08001a65   Thumb Code   316  leyaoyao_protocol.o(i.Leyaoyao_Retrun_Coins_Details)
    Light1_Off                               0x08001bc5   Thumb Code    20  light.o(i.Light1_Off)
    Light1_On                                0x08001be1   Thumb Code    20  light.o(i.Light1_On)
    Light1_Pin_Init                          0x08001bfd   Thumb Code    46  light.o(i.Light1_Pin_Init)
    Light2_Off                               0x08001c31   Thumb Code    20  light.o(i.Light2_Off)
    Light2_On                                0x08001c4d   Thumb Code    20  light.o(i.Light2_On)
    Light2_Pin_Init                          0x08001c69   Thumb Code    46  light.o(i.Light2_Pin_Init)
    MOTO_Off                                 0x08001c9d   Thumb Code    10  game.o(i.MOTO_Off)
    MOTO_On                                  0x08001ca7   Thumb Code    10  game.o(i.MOTO_On)
    MemManage_Handler                        0x08001cb1   Thumb Code     4  stm32f10x_it.o(i.MemManage_Handler)
    NMI_Handler                              0x08001cb5   Thumb Code     2  stm32f10x_it.o(i.NMI_Handler)
    NVIC_Init                                0x08001cb9   Thumb Code   100  misc.o(i.NVIC_Init)
    NVIC_PriorityGroupConfig                 0x08001d29   Thumb Code    10  misc.o(i.NVIC_PriorityGroupConfig)
    PendSV_Handler                           0x08001d3d   Thumb Code     2  stm32f10x_it.o(i.PendSV_Handler)
    RCC_APB1PeriphClockCmd                   0x08001d41   Thumb Code    26  stm32f10x_rcc.o(i.RCC_APB1PeriphClockCmd)
    RCC_APB2PeriphClockCmd                   0x08001d61   Thumb Code    26  stm32f10x_rcc.o(i.RCC_APB2PeriphClockCmd)
    RCC_ClockSecuritySystemCmd               0x08001d81   Thumb Code     6  stm32f10x_rcc.o(i.RCC_ClockSecuritySystemCmd)
    RCC_Configuration                        0x08001d8d   Thumb Code   122  clock.o(i.RCC_Configuration)
    RCC_DeInit                               0x08001e09   Thumb Code    64  stm32f10x_rcc.o(i.RCC_DeInit)
    RCC_GetClocksFreq                        0x08001e55   Thumb Code   192  stm32f10x_rcc.o(i.RCC_GetClocksFreq)
    RCC_GetFlagStatus                        0x08001f29   Thumb Code    56  stm32f10x_rcc.o(i.RCC_GetFlagStatus)
    RCC_GetSYSCLKSource                      0x08001f65   Thumb Code    10  stm32f10x_rcc.o(i.RCC_GetSYSCLKSource)
    RCC_HCLKConfig                           0x08001f75   Thumb Code    18  stm32f10x_rcc.o(i.RCC_HCLKConfig)
    RCC_HSEConfig                            0x08001f8d   Thumb Code    70  stm32f10x_rcc.o(i.RCC_HSEConfig)
    RCC_PCLK1Config                          0x08001fd9   Thumb Code    18  stm32f10x_rcc.o(i.RCC_PCLK1Config)
    RCC_PCLK2Config                          0x08001ff1   Thumb Code    20  stm32f10x_rcc.o(i.RCC_PCLK2Config)
    RCC_PLLCmd                               0x08002009   Thumb Code     6  stm32f10x_rcc.o(i.RCC_PLLCmd)
    RCC_PLLConfig                            0x08002015   Thumb Code    24  stm32f10x_rcc.o(i.RCC_PLLConfig)
    RCC_SYSCLKConfig                         0x08002031   Thumb Code    18  stm32f10x_rcc.o(i.RCC_SYSCLKConfig)
    RCC_WaitForHSEStartUp                    0x08002049   Thumb Code    56  stm32f10x_rcc.o(i.RCC_WaitForHSEStartUp)
    SK_TIM6_Init                             0x08002081   Thumb Code    82  main.o(i.SK_TIM6_Init)
    SK_TIM6_NVICConifg                       0x080020d9   Thumb Code    32  main.o(i.SK_TIM6_NVICConifg)
    SVC_Handler                              0x080020f9   Thumb Code     2  stm32f10x_it.o(i.SVC_Handler)
    Send_System_Board_Status2                0x080020fd   Thumb Code   248  leyaoyao_protocol.o(i.Send_System_Board_Status2)
    Switch_Key_Init                          0x080022ed   Thumb Code    68  switch_key.o(i.Switch_Key_Init)
    SysTick_Handler                          0x08002341   Thumb Code     2  stm32f10x_it.o(i.SysTick_Handler)
    SystemInit                               0x08002345   Thumb Code    78  system_stm32f10x.o(i.SystemInit)
    System_Buffer_Clean                      0x080023a5   Thumb Code    44  protocol.o(i.System_Buffer_Clean)
    System_Check_Receive                     0x080023e1   Thumb Code   668  protocol.o(i.System_Check_Receive)
    System_Check_Receive_Match               0x080026fd   Thumb Code    74  protocol.o(i.System_Check_Receive_Match)
    System_Init                              0x08002751   Thumb Code   382  main.o(i.System_Init)
    System_Send_Return_Status                0x08002955   Thumb Code   114  protocol.o(i.System_Send_Return_Status)
    System_Send_Return_Total_Days_Coin       0x080029cd   Thumb Code   190  protocol.o(i.System_Send_Return_Total_Days_Coin)
    System_Send_Return_Version               0x08002a91   Thumb Code   124  protocol.o(i.System_Send_Return_Version)
    System_Send_Status                       0x08002b11   Thumb Code   282  protocol.o(i.System_Send_Status)
    System_Setting_Coin_Insert               0x08002c31   Thumb Code    20  protocol.o(i.System_Setting_Coin_Insert)
    System_Setting_Count                     0x08002c45   Thumb Code    32  protocol.o(i.System_Setting_Count)
    System_Setting_Game_Coins                0x08002c69   Thumb Code    14  protocol.o(i.System_Setting_Game_Coins)
    System_Setting_Game_Disable              0x08002c7d   Thumb Code   186  protocol.o(i.System_Setting_Game_Disable)
    System_Setting_ID                        0x08002dd9   Thumb Code   294  protocol.o(i.System_Setting_ID)
    System_Setting_Key_Factory               0x08002f09   Thumb Code   124  main.o(i.System_Setting_Key_Factory)
    System_Setting_Light                     0x08002f8d   Thumb Code    28  protocol.o(i.System_Setting_Light)
    System_Setting_Play_Music                0x08002fa9   Thumb Code    12  protocol.o(i.System_Setting_Play_Music)
    TIM2_IRQHandler                          0x08002fb5   Thumb Code    12  stm32f10x_it.o(i.TIM2_IRQHandler)
    TIM4_IRQHandler                          0x08002fc1   Thumb Code    98  stm32f10x_it.o(i.TIM4_IRQHandler)
    TIM4_Int_Init                            0x0800302d   Thumb Code    78  timer.o(i.TIM4_Int_Init)
    TIM6_IRQHandler                          0x08003081   Thumb Code    32  stm32f10x_it.o(i.TIM6_IRQHandler)
    TIM7_IRQHandler                          0x080030a9   Thumb Code    12  stm32f10x_it.o(i.TIM7_IRQHandler)
    TIM_ARRPreloadConfig                     0x080030b9   Thumb Code    24  stm32f10x_tim.o(i.TIM_ARRPreloadConfig)
    TIM_ClearITPendingBit                    0x080030d1   Thumb Code     6  stm32f10x_tim.o(i.TIM_ClearITPendingBit)
    TIM_Cmd                                  0x080030d7   Thumb Code    24  stm32f10x_tim.o(i.TIM_Cmd)
    TIM_GetITStatus                          0x080030ef   Thumb Code    34  stm32f10x_tim.o(i.TIM_GetITStatus)
    TIM_ITConfig                             0x08003111   Thumb Code    18  stm32f10x_tim.o(i.TIM_ITConfig)
    TIM_SelectOnePulseMode                   0x08003123   Thumb Code    18  stm32f10x_tim.o(i.TIM_SelectOnePulseMode)
    TIM_TimeBaseInit                         0x08003135   Thumb Code   122  stm32f10x_tim.o(i.TIM_TimeBaseInit)
    TIM_UpdateRequestConfig                  0x080031d9   Thumb Code    24  stm32f10x_tim.o(i.TIM_UpdateRequestConfig)
    USART1_Init                              0x080031f1   Thumb Code   112  usart.o(i.USART1_Init)
    USART1_Send_Byte                         0x08003269   Thumb Code    28  usart.o(i.USART1_Send_Byte)
    USART1_Send_Debug_Message                0x08003289   Thumb Code     2  usart.o(i.USART1_Send_Debug_Message)
    USART1_Send_Dec                          0x0800328d   Thumb Code  1376  usart.o(i.USART1_Send_Dec)
    USART1_Send_Hex                          0x08003805   Thumb Code    54  usart.o(i.USART1_Send_Hex)
    USART1_Send_String                       0x08003841   Thumb Code    22  usart.o(i.USART1_Send_String)
    USART2_IRQHandler                        0x08003859   Thumb Code    40  stm32f10x_it.o(i.USART2_IRQHandler)
    USART2_Init                              0x0800388d   Thumb Code   164  usart.o(i.USART2_Init)
    USART2_Send_Byte                         0x08003939   Thumb Code    28  usart.o(i.USART2_Send_Byte)
    USART3_IRQHandler                        0x08003959   Thumb Code    46  stm32f10x_it.o(i.USART3_IRQHandler)
    USART3_Init                              0x08003999   Thumb Code   168  usart.o(i.USART3_Init)
    USART3_Send_Byte                         0x08003a49   Thumb Code    28  usart.o(i.USART3_Send_Byte)
    USART4_Init                              0x08003a69   Thumb Code   118  usart.o(i.USART4_Init)
    USART4_Send_Byte                         0x08003ae9   Thumb Code    28  usart.o(i.USART4_Send_Byte)
    USART_485_Disable                        0x08003b09   Thumb Code    18  usart.o(i.USART_485_Disable)
    USART_485_Enable                         0x08003b21   Thumb Code    12  usart.o(i.USART_485_Enable)
    USART_485_Pins_Init                      0x08003b31   Thumb Code    42  usart.o(i.USART_485_Pins_Init)
    USART_Cmd                                0x08003b61   Thumb Code    24  stm32f10x_usart.o(i.USART_Cmd)
    USART_GetFlagStatus                      0x08003b79   Thumb Code    26  stm32f10x_usart.o(i.USART_GetFlagStatus)
    USART_GetITStatus                        0x08003b93   Thumb Code    84  stm32f10x_usart.o(i.USART_GetITStatus)
    USART_ITConfig                           0x08003be7   Thumb Code    74  stm32f10x_usart.o(i.USART_ITConfig)
    USART_Init                               0x08003c31   Thumb Code   210  stm32f10x_usart.o(i.USART_Init)
    USART_ReceiveData                        0x08003d09   Thumb Code    10  stm32f10x_usart.o(i.USART_ReceiveData)
    USART_SendData                           0x08003d13   Thumb Code     8  stm32f10x_usart.o(i.USART_SendData)
    UsageFault_Handler                       0x08003d1b   Thumb Code     4  stm32f10x_it.o(i.UsageFault_Handler)
    VOICE_Check_Busy                         0x08003d21   Thumb Code    22  music.o(i.VOICE_Check_Busy)
    VOICE_Out_Pins_Disable                   0x08003d3d   Thumb Code    12  music.o(i.VOICE_Out_Pins_Disable)
    VOICE_Out_Pins_Enable                    0x08003d4d   Thumb Code    24  music.o(i.VOICE_Out_Pins_Enable)
    VOICE_Out_Pins_Init                      0x08003d6d   Thumb Code    42  music.o(i.VOICE_Out_Pins_Init)
    VOICE_Pins_Init                          0x08003d9d   Thumb Code    68  music.o(i.VOICE_Pins_Init)
    VOICE_Play                               0x08003de5   Thumb Code   148  music.o(i.VOICE_Play)
    Voice_Play_Stop                          0x08003e7d   Thumb Code    10  music.o(i.Voice_Play_Stop)
    Write_DATA                               0x08003e87   Thumb Code    40  digital_tube.o(i.Write_DATA)
    __Debug_Send_Leyaoyao_Recevie_Buffer     0x08003eb1   Thumb Code    76  leyaoyao_protocol.o(i.__Debug_Send_Leyaoyao_Recevie_Buffer)
    get_Setting_Key_Status                   0x08003f19   Thumb Code    14  key.o(i.get_Setting_Key_Status)
    leyaoyao_retrun_settings_value           0x08003f2d   Thumb Code   168  leyaoyao_protocol.o(i.leyaoyao_retrun_settings_value)
    leyaoyao_retrun_store_settings           0x08003ff1   Thumb Code   196  leyaoyao_protocol.o(i.leyaoyao_retrun_store_settings)
    leyaoyao_return_coins_settings           0x080040e5   Thumb Code   218  leyaoyao_protocol.o(i.leyaoyao_return_coins_settings)
    leyaoyao_return_pay                      0x080041f5   Thumb Code   224  leyaoyao_protocol.o(i.leyaoyao_return_pay)
    leyaoyao_return_pay_field                0x080042f5   Thumb Code   226  leyaoyao_protocol.o(i.leyaoyao_return_pay_field)
    leyaoyao_return_system_lock              0x08004405   Thumb Code   250  leyaoyao_protocol.o(i.leyaoyao_return_system_lock)
    leyaoyao_return_yun_coins_pay            0x08004519   Thumb Code   340  leyaoyao_protocol.o(i.leyaoyao_return_yun_coins_pay)
    leyaoyao_return_yun_coins_pay_jieguo     0x080046ad   Thumb Code   300  leyaoyao_protocol.o(i.leyaoyao_return_yun_coins_pay_jieguo)
    leyaoyao_test_connect                    0x0800480d   Thumb Code   114  leyaoyao_protocol.o(i.leyaoyao_test_connect)
    main                                     0x08004899   Thumb Code   138  main.o(i.main)
    sub_Check_Light_Eye_1                    0x08004931   Thumb Code    76  light_eye.o(i.sub_Check_Light_Eye_1)
    sub_Check_Light_Eye_2                    0x08004985   Thumb Code   102  light_eye.o(i.sub_Check_Light_Eye_2)
    ucGetSwitchKeyStatus                     0x08004a09   Thumb Code    56  switch_key.o(i.ucGetSwitchKeyStatus)
    ucNumSwitch                              0x08004a49   Thumb Code    68  digital_tube.o(i.ucNumSwitch)
    Region$$Table$$Base                      0x08004a8c   Number         0  anon$$obj.o(Region$$Table)
    Region$$Table$$Limit                     0x08004aac   Number         0  anon$$obj.o(Region$$Table)
    ucMusicEnable                            0x20000000   Data           1  main.o(.data)
    ADD_CODE                                 0x20000001   Data           1  main.o(.data)
    idle_handler                             0x20000002   Data           1  main.o(.data)
    ucCoinStatus                             0x20000004   Data           1  game.o(.data)
    uiCoinTimeOut                            0x20000008   Data           4  game.o(.data)
    EGG_OUT_CHECK_STATUS                     0x2000000c   Data           1  game.o(.data)
    EGG_OUT                                  0x2000000d   Data           1  game.o(.data)
    EGG_OUT_TIME                             0x20000010   Data           4  game.o(.data)
    EGG_OUT_ERROR                            0x20000014   Data           1  game.o(.data)
    Data_Pack_Head                           0x20000018   Data           2  protocol.o(.data)
    SYSTEM_BUFFER_RECEVICE_COUNT             0x2000001c   Data           4  protocol.o(.data)
    SYSTEM_RECEIVE_STATE                     0x20000020   Data           1  protocol.o(.data)
    SYSTEM_BUFFER_RECEVICE_ERROR             0x20000024   Data           4  protocol.o(.data)
    COIN_STATUS                              0x20000028   Data           8  protocol.o(.data)
    ucSwitchKeyStatus                        0x20000030   Data           1  switch_key.o(.data)
    CURRENT_SWITCH_KEY_STATUS                0x20000031   Data           1  switch_key.o(.data)
    LAST_SWITCH_KEY_STATUS                   0x20000032   Data           1  switch_key.o(.data)
    SWITCH_COUNT                             0x20000033   Data           1  switch_key.o(.data)
    HEX_TABLE                                0x20000034   Data          16  usart.o(.data)
    LEYAOYAO_REC_BUFFER_RECEVICE_COUNT       0x20000044   Data           4  leyaoyao_protocol.o(.data)
    LEYAOYAO_RECEVICE_STATE                  0x20000048   Data           1  leyaoyao_protocol.o(.data)
    LEYAOYAO_RECEVICE_ERROR                  0x2000004c   Data           4  leyaoyao_protocol.o(.data)
    LAST_PAYMENT_COINS                       0x20000050   Data           1  leyaoyao_protocol.o(.data)
    GAME_STATUS                              0x20000068   Data          84  game.o(.bss)
    SYSTEM_DEVICE_ID                         0x200000bc   Data          12  protocol.o(.bss)
    SYSTEM_USART_BUFFER                      0x200000c8   Data          64  protocol.o(.bss)
    LEYAOYAO_REC_BUFFER                      0x20000108   Data          64  leyaoyao_protocol.o(.bss)
    LAST_PAYMENT_ID                          0x20000148   Data          10  leyaoyao_protocol.o(.bss)
    __libspace_start                         0x20000154   Data          96  libspace.o(.bss)
    __temporary_stack_top$libspace           0x200001b4   Data           0  libspace.o(.bss)



==============================================================================

Memory Map of the image

  Image Entry point : 0x08000131

  Load Region LR_IROM1 (Base: 0x08000000, Size: 0x00004b14, Max: 0x00080000, ABSOLUTE)

    Execution Region ER_IROM1 (Exec base: 0x08000000, Load base: 0x08000000, Size: 0x00004aac, Max: 0x00080000, ABSOLUTE)

    Exec Addr    Load Addr    Size         Type   Attr      Idx    E Section Name        Object

    0x08000000   0x08000000   0x00000130   Data   RO         4384    RESET               startup_stm32f10x_hd.o
    0x08000130   0x08000130   0x00000008   Code   RO         4457  * !!!main             c_w.l(__main.o)
    0x08000138   0x08000138   0x00000034   Code   RO         4616    !!!scatter          c_w.l(__scatter.o)
    0x0800016c   0x0800016c   0x0000001a   Code   RO         4618    !!handler_copy      c_w.l(__scatter_copy.o)
    0x08000186   0x08000186   0x00000002   PAD
    0x08000188   0x08000188   0x0000001c   Code   RO         4620    !!handler_zi        c_w.l(__scatter_zi.o)
    0x080001a4   0x080001a4   0x00000002   Code   RO         4484    .ARM.Collect$$libinit$$00000000  c_w.l(libinit.o)
    0x080001a6   0x080001a6   0x00000000   Code   RO         4491    .ARM.Collect$$libinit$$00000002  c_w.l(libinit2.o)
    0x080001a6   0x080001a6   0x00000000   Code   RO         4493    .ARM.Collect$$libinit$$00000004  c_w.l(libinit2.o)
    0x080001a6   0x080001a6   0x00000000   Code   RO         4496    .ARM.Collect$$libinit$$0000000A  c_w.l(libinit2.o)
    0x080001a6   0x080001a6   0x00000000   Code   RO         4498    .ARM.Collect$$libinit$$0000000C  c_w.l(libinit2.o)
    0x080001a6   0x080001a6   0x00000000   Code   RO         4500    .ARM.Collect$$libinit$$0000000E  c_w.l(libinit2.o)
    0x080001a6   0x080001a6   0x00000000   Code   RO         4503    .ARM.Collect$$libinit$$00000011  c_w.l(libinit2.o)
    0x080001a6   0x080001a6   0x00000000   Code   RO         4505    .ARM.Collect$$libinit$$00000013  c_w.l(libinit2.o)
    0x080001a6   0x080001a6   0x00000000   Code   RO         4507    .ARM.Collect$$libinit$$00000015  c_w.l(libinit2.o)
    0x080001a6   0x080001a6   0x00000000   Code   RO         4509    .ARM.Collect$$libinit$$00000017  c_w.l(libinit2.o)
    0x080001a6   0x080001a6   0x00000000   Code   RO         4511    .ARM.Collect$$libinit$$00000019  c_w.l(libinit2.o)
    0x080001a6   0x080001a6   0x00000000   Code   RO         4513    .ARM.Collect$$libinit$$0000001B  c_w.l(libinit2.o)
    0x080001a6   0x080001a6   0x00000000   Code   RO         4515    .ARM.Collect$$libinit$$0000001D  c_w.l(libinit2.o)
    0x080001a6   0x080001a6   0x00000000   Code   RO         4517    .ARM.Collect$$libinit$$0000001F  c_w.l(libinit2.o)
    0x080001a6   0x080001a6   0x00000000   Code   RO         4519    .ARM.Collect$$libinit$$00000021  c_w.l(libinit2.o)
    0x080001a6   0x080001a6   0x00000000   Code   RO         4521    .ARM.Collect$$libinit$$00000023  c_w.l(libinit2.o)
    0x080001a6   0x080001a6   0x00000000   Code   RO         4523    .ARM.Collect$$libinit$$00000025  c_w.l(libinit2.o)
    0x080001a6   0x080001a6   0x00000000   Code   RO         4527    .ARM.Collect$$libinit$$0000002C  c_w.l(libinit2.o)
    0x080001a6   0x080001a6   0x00000000   Code   RO         4529    .ARM.Collect$$libinit$$0000002E  c_w.l(libinit2.o)
    0x080001a6   0x080001a6   0x00000000   Code   RO         4531    .ARM.Collect$$libinit$$00000030  c_w.l(libinit2.o)
    0x080001a6   0x080001a6   0x00000000   Code   RO         4533    .ARM.Collect$$libinit$$00000032  c_w.l(libinit2.o)
    0x080001a6   0x080001a6   0x00000002   Code   RO         4534    .ARM.Collect$$libinit$$00000033  c_w.l(libinit2.o)
    0x080001a8   0x080001a8   0x00000002   Code   RO         4554    .ARM.Collect$$libshutdown$$00000000  c_w.l(libshutdown.o)
    0x080001aa   0x080001aa   0x00000000   Code   RO         4567    .ARM.Collect$$libshutdown$$00000002  c_w.l(libshutdown2.o)
    0x080001aa   0x080001aa   0x00000000   Code   RO         4569    .ARM.Collect$$libshutdown$$00000004  c_w.l(libshutdown2.o)
    0x080001aa   0x080001aa   0x00000000   Code   RO         4571    .ARM.Collect$$libshutdown$$00000006  c_w.l(libshutdown2.o)
    0x080001aa   0x080001aa   0x00000000   Code   RO         4574    .ARM.Collect$$libshutdown$$00000009  c_w.l(libshutdown2.o)
    0x080001aa   0x080001aa   0x00000000   Code   RO         4577    .ARM.Collect$$libshutdown$$0000000C  c_w.l(libshutdown2.o)
    0x080001aa   0x080001aa   0x00000000   Code   RO         4579    .ARM.Collect$$libshutdown$$0000000E  c_w.l(libshutdown2.o)
    0x080001aa   0x080001aa   0x00000000   Code   RO         4582    .ARM.Collect$$libshutdown$$00000011  c_w.l(libshutdown2.o)
    0x080001aa   0x080001aa   0x00000002   Code   RO         4583    .ARM.Collect$$libshutdown$$00000012  c_w.l(libshutdown2.o)
    0x080001ac   0x080001ac   0x00000000   Code   RO         4459    .ARM.Collect$$rtentry$$00000000  c_w.l(__rtentry.o)
    0x080001ac   0x080001ac   0x00000000   Code   RO         4461    .ARM.Collect$$rtentry$$00000002  c_w.l(__rtentry2.o)
    0x080001ac   0x080001ac   0x00000006   Code   RO         4473    .ARM.Collect$$rtentry$$00000004  c_w.l(__rtentry4.o)
    0x080001b2   0x080001b2   0x00000000   Code   RO         4463    .ARM.Collect$$rtentry$$00000009  c_w.l(__rtentry2.o)
    0x080001b2   0x080001b2   0x00000004   Code   RO         4464    .ARM.Collect$$rtentry$$0000000A  c_w.l(__rtentry2.o)
    0x080001b6   0x080001b6   0x00000000   Code   RO         4466    .ARM.Collect$$rtentry$$0000000C  c_w.l(__rtentry2.o)
    0x080001b6   0x080001b6   0x00000008   Code   RO         4467    .ARM.Collect$$rtentry$$0000000D  c_w.l(__rtentry2.o)
    0x080001be   0x080001be   0x00000002   Code   RO         4488    .ARM.Collect$$rtexit$$00000000  c_w.l(rtexit.o)
    0x080001c0   0x080001c0   0x00000000   Code   RO         4536    .ARM.Collect$$rtexit$$00000002  c_w.l(rtexit2.o)
    0x080001c0   0x080001c0   0x00000004   Code   RO         4537    .ARM.Collect$$rtexit$$00000003  c_w.l(rtexit2.o)
    0x080001c4   0x080001c4   0x00000006   Code   RO         4538    .ARM.Collect$$rtexit$$00000004  c_w.l(rtexit2.o)
    0x080001ca   0x080001ca   0x00000002   PAD
    0x080001cc   0x080001cc   0x00000040   Code   RO         4385    .text               startup_stm32f10x_hd.o
    0x0800020c   0x0800020c   0x00000006   Code   RO         4455    .text               c_w.l(heapauxi.o)
    0x08000212   0x08000212   0x0000004a   Code   RO         4475    .text               c_w.l(sys_stackheap_outer.o)
    0x0800025c   0x0800025c   0x00000012   Code   RO         4477    .text               c_w.l(exit.o)
    0x0800026e   0x0800026e   0x00000002   PAD
    0x08000270   0x08000270   0x00000008   Code   RO         4485    .text               c_w.l(libspace.o)
    0x08000278   0x08000278   0x0000000c   Code   RO         4546    .text               c_w.l(sys_exit.o)
    0x08000284   0x08000284   0x00000002   Code   RO         4557    .text               c_w.l(use_no_semi.o)
    0x08000286   0x08000286   0x00000000   Code   RO         4559    .text               c_w.l(indicate_semi.o)
    0x08000286   0x08000286   0x00000002   PAD
    0x08000288   0x08000288   0x00000038   Code   RO         1210    i.AT24C64_Power_On  at24c64.o
    0x080002c0   0x080002c0   0x00000052   Code   RO         1211    i.AT24C64_Read_Byte  at24c64.o
    0x08000312   0x08000312   0x0000004c   Code   RO         1213    i.AT24C64_Write_Byte  at24c64.o
    0x0800035e   0x0800035e   0x00000004   Code   RO          801    i.BusFault_Handler  stm32f10x_it.o
    0x08000362   0x08000362   0x00000002   PAD
    0x08000364   0x08000364   0x000000bc   Code   RO          278    i.Check_Coin_Status  game.o
    0x08000420   0x08000420   0x00000094   Code   RO          279    i.Check_Game_Time_Out  game.o
    0x080004b4   0x080004b4   0x0000000c   Code   RO          547    i.Check_Light_Eye_Status  light_eye.o
    0x080004c0   0x080004c0   0x000000e8   Code   RO          922    i.Check_Switch_Key_Status  switch_key.o
    0x080005a8   0x080005a8   0x000000d8   Code   RO          280    i.Coin_Insert_Add   game.o
    0x08000680   0x08000680   0x00000024   Code   RO          399    i.Coin_Pin_Init     key.o
    0x080006a4   0x080006a4   0x0000002c   Code   RO         1114    i.DIGITAL_TUBE_SDA_IN  digital_tube.o
    0x080006d0   0x080006d0   0x0000002c   Code   RO         1115    i.DIGITAL_TUBE_SDA_OUT  digital_tube.o
    0x080006fc   0x080006fc   0x00000038   Code   RO         1116    i.DIGITAL_TUBE_Start  digital_tube.o
    0x08000734   0x08000734   0x00000040   Code   RO         1117    i.DIGITAL_TUBE_Stop  digital_tube.o
    0x08000774   0x08000774   0x00000044   Code   RO         1118    i.DIGITAL_TUBE_WaitAck  digital_tube.o
    0x080007b8   0x080007b8   0x00000068   Code   RO         1119    i.DIGITAL_TUBE_Write_Byte  digital_tube.o
    0x08000820   0x08000820   0x00000002   Code   RO          802    i.DebugMon_Handler  stm32f10x_it.o
    0x08000822   0x08000822   0x00000018   Code   RO          233    i.Delay_72M_Ms      delay.o
    0x0800083a   0x0800083a   0x00000016   Code   RO          235    i.Delay_72M_Us      delay.o
    0x08000850   0x08000850   0x0000008a   Code   RO         1120    i.Digital_Tube_Display  digital_tube.o
    0x080008da   0x080008da   0x00000024   Code   RO         1121    i.Digital_Tube_Display_Error  digital_tube.o
    0x080008fe   0x080008fe   0x00000002   PAD
    0x08000900   0x08000900   0x00000050   Code   RO         1122    i.Digital_Tube_Init  digital_tube.o
    0x08000950   0x08000950   0x0000000a   Code   RO          803    i.EXTI0_IRQHandler  stm32f10x_it.o
    0x0800095a   0x0800095a   0x0000000a   Code   RO          804    i.EXTI1_IRQHandler  stm32f10x_it.o
    0x08000964   0x08000964   0x0000000a   Code   RO          805    i.EXTI4_IRQHandler  stm32f10x_it.o
    0x0800096e   0x0800096e   0x00000002   PAD
    0x08000970   0x08000970   0x00000028   Code   RO         2217    i.EXTI_GetITStatus  stm32f10x_exti.o
    0x08000998   0x08000998   0x0000001c   Code   RO         2283    i.FLASH_PrefetchBufferCmd  stm32f10x_flash.o
    0x080009b4   0x080009b4   0x00000018   Code   RO         2288    i.FLASH_SetLatency  stm32f10x_flash.o
    0x080009cc   0x080009cc   0x00000116   Code   RO         2566    i.GPIO_Init         stm32f10x_gpio.o
    0x08000ae2   0x08000ae2   0x00000002   PAD
    0x08000ae4   0x08000ae4   0x00000090   Code   RO         2568    i.GPIO_PinRemapConfig  stm32f10x_gpio.o
    0x08000b74   0x08000b74   0x00000012   Code   RO         2570    i.GPIO_ReadInputDataBit  stm32f10x_gpio.o
    0x08000b86   0x08000b86   0x00000004   Code   RO         2573    i.GPIO_ResetBits    stm32f10x_gpio.o
    0x08000b8a   0x08000b8a   0x00000004   Code   RO         2574    i.GPIO_SetBits      stm32f10x_gpio.o
    0x08000b8e   0x08000b8e   0x00000002   PAD
    0x08000b90   0x08000b90   0x00000084   Code   RO            1    i.GPIO_Set_All_Pins  main.o
    0x08000c14   0x08000c14   0x00000028   Code   RO          281    i.Game_Coin_Minus   game.o
    0x08000c3c   0x08000c3c   0x00000170   Code   RO          282    i.Game_Egg_Out      game.o
    0x08000dac   0x08000dac   0x00000110   Code   RO          283    i.Game_Egg_Out_Stop  game.o
    0x08000ebc   0x08000ebc   0x000000b4   Code   RO          284    i.Game_Egg_Switch_Out  game.o
    0x08000f70   0x08000f70   0x00000020   Code   RO          401    i.Game_Insert_Coin_Disable  key.o
    0x08000f90   0x08000f90   0x00000020   Code   RO          402    i.Game_Insert_Coin_Enable  key.o
    0x08000fb0   0x08000fb0   0x00000034   Code   RO          403    i.Game_Insert_Coin_Enable_Pins_Init  key.o
    0x08000fe4   0x08000fe4   0x00000034   Code   RO          285    i.Game_Moto_Init    game.o
    0x08001018   0x08001018   0x000000f8   Code   RO          286    i.Game_Status_Read  game.o
    0x08001110   0x08001110   0x00000104   Code   RO          287    i.Game_Status_Save  game.o
    0x08001214   0x08001214   0x00000074   Code   RO          288    i.Game_Status_Value_Init  game.o
    0x08001288   0x08001288   0x00000064   Code   RO          289    i.Game_Struct_Init  game.o
    0x080012ec   0x080012ec   0x00000018   Code   RO          548    i.Get_ADC_1_DATA    light_eye.o
    0x08001304   0x08001304   0x00000010   Code   RO          549    i.Get_ADC_2_DATA    light_eye.o
    0x08001314   0x08001314   0x00000044   Code   RO          290    i.Get_ChipID        game.o
    0x08001358   0x08001358   0x00000004   Code   RO          806    i.HardFault_Handler  stm32f10x_it.o
    0x0800135c   0x0800135c   0x00000064   Code   RO         1216    i.I2C1_Read_Byte    at24c64.o
    0x080013c0   0x080013c0   0x0000002c   Code   RO         1217    i.I2C1_SDA_IN       at24c64.o
    0x080013ec   0x080013ec   0x0000002c   Code   RO         1218    i.I2C1_SDA_OUT      at24c64.o
    0x08001418   0x08001418   0x0000004c   Code   RO         1219    i.I2C1_Start        at24c64.o
    0x08001464   0x08001464   0x0000004c   Code   RO         1220    i.I2C1_Stop         at24c64.o
    0x080014b0   0x080014b0   0x00000060   Code   RO         1221    i.I2C1_WaitAck      at24c64.o
    0x08001510   0x08001510   0x00000074   Code   RO         1222    i.I2C1_Write_Byte   at24c64.o
    0x08001584   0x08001584   0x00000028   Code   RO          404    i.Key_Init          key.o
    0x080015ac   0x080015ac   0x00000012   Code   RO            2    i.LED_Blink         main.o
    0x080015be   0x080015be   0x00000002   PAD
    0x080015c0   0x080015c0   0x00000010   Code   RO          469    i.LED_Blue_Off      led.o
    0x080015d0   0x080015d0   0x00000010   Code   RO          470    i.LED_Blue_On       led.o
    0x080015e0   0x080015e0   0x00000034   Code   RO          471    i.LED_Gpio_Init     led.o
    0x08001614   0x08001614   0x00000010   Code   RO          472    i.LED_Red_Off       led.o
    0x08001624   0x08001624   0x00000010   Code   RO          473    i.LED_Red_On        led.o
    0x08001634   0x08001634   0x0000003c   Code   RO         1300    i.Leyaoyao_Buffer_Clean  leyaoyao_protocol.o
    0x08001670   0x08001670   0x00000260   Code   RO         1301    i.Leyaoyao_Check_Receive  leyaoyao_protocol.o
    0x080018d0   0x080018d0   0x00000038   Code   RO         1302    i.Leyaoyao_Check_Receive_Match  leyaoyao_protocol.o
    0x08001908   0x08001908   0x0000015c   Code   RO         1303    i.Leyaoyao_Retrun_Add_Coins  leyaoyao_protocol.o
    0x08001a64   0x08001a64   0x00000160   Code   RO         1304    i.Leyaoyao_Retrun_Coins_Details  leyaoyao_protocol.o
    0x08001bc4   0x08001bc4   0x0000001c   Code   RO          505    i.Light1_Off        light.o
    0x08001be0   0x08001be0   0x0000001c   Code   RO          506    i.Light1_On         light.o
    0x08001bfc   0x08001bfc   0x00000034   Code   RO          507    i.Light1_Pin_Init   light.o
    0x08001c30   0x08001c30   0x0000001c   Code   RO          508    i.Light2_Off        light.o
    0x08001c4c   0x08001c4c   0x0000001c   Code   RO          509    i.Light2_On         light.o
    0x08001c68   0x08001c68   0x00000034   Code   RO          510    i.Light2_Pin_Init   light.o
    0x08001c9c   0x08001c9c   0x0000000a   Code   RO          291    i.MOTO_Off          game.o
    0x08001ca6   0x08001ca6   0x0000000a   Code   RO          292    i.MOTO_On           game.o
    0x08001cb0   0x08001cb0   0x00000004   Code   RO          807    i.MemManage_Handler  stm32f10x_it.o
    0x08001cb4   0x08001cb4   0x00000002   Code   RO          808    i.NMI_Handler       stm32f10x_it.o
    0x08001cb6   0x08001cb6   0x00000002   PAD
    0x08001cb8   0x08001cb8   0x00000070   Code   RO         1415    i.NVIC_Init         misc.o
    0x08001d28   0x08001d28   0x00000014   Code   RO         1416    i.NVIC_PriorityGroupConfig  misc.o
    0x08001d3c   0x08001d3c   0x00000002   Code   RO          809    i.PendSV_Handler    stm32f10x_it.o
    0x08001d3e   0x08001d3e   0x00000002   PAD
    0x08001d40   0x08001d40   0x00000020   Code   RO         2982    i.RCC_APB1PeriphClockCmd  stm32f10x_rcc.o
    0x08001d60   0x08001d60   0x00000020   Code   RO         2984    i.RCC_APB2PeriphClockCmd  stm32f10x_rcc.o
    0x08001d80   0x08001d80   0x0000000c   Code   RO         2990    i.RCC_ClockSecuritySystemCmd  stm32f10x_rcc.o
    0x08001d8c   0x08001d8c   0x0000007a   Code   RO          206    i.RCC_Configuration  clock.o
    0x08001e06   0x08001e06   0x00000002   PAD
    0x08001e08   0x08001e08   0x0000004c   Code   RO         2991    i.RCC_DeInit        stm32f10x_rcc.o
    0x08001e54   0x08001e54   0x000000d4   Code   RO         2992    i.RCC_GetClocksFreq  stm32f10x_rcc.o
    0x08001f28   0x08001f28   0x0000003c   Code   RO         2993    i.RCC_GetFlagStatus  stm32f10x_rcc.o
    0x08001f64   0x08001f64   0x00000010   Code   RO         2995    i.RCC_GetSYSCLKSource  stm32f10x_rcc.o
    0x08001f74   0x08001f74   0x00000018   Code   RO         2996    i.RCC_HCLKConfig    stm32f10x_rcc.o
    0x08001f8c   0x08001f8c   0x0000004c   Code   RO         2997    i.RCC_HSEConfig     stm32f10x_rcc.o
    0x08001fd8   0x08001fd8   0x00000018   Code   RO         3003    i.RCC_PCLK1Config   stm32f10x_rcc.o
    0x08001ff0   0x08001ff0   0x00000018   Code   RO         3004    i.RCC_PCLK2Config   stm32f10x_rcc.o
    0x08002008   0x08002008   0x0000000c   Code   RO         3005    i.RCC_PLLCmd        stm32f10x_rcc.o
    0x08002014   0x08002014   0x0000001c   Code   RO         3006    i.RCC_PLLConfig     stm32f10x_rcc.o
    0x08002030   0x08002030   0x00000018   Code   RO         3009    i.RCC_SYSCLKConfig  stm32f10x_rcc.o
    0x08002048   0x08002048   0x00000038   Code   RO         3011    i.RCC_WaitForHSEStartUp  stm32f10x_rcc.o
    0x08002080   0x08002080   0x00000058   Code   RO            3    i.SK_TIM6_Init      main.o
    0x080020d8   0x080020d8   0x00000020   Code   RO            4    i.SK_TIM6_NVICConifg  main.o
    0x080020f8   0x080020f8   0x00000002   Code   RO          810    i.SVC_Handler       stm32f10x_it.o
    0x080020fa   0x080020fa   0x00000002   PAD
    0x080020fc   0x080020fc   0x00000108   Code   RO         1306    i.Send_System_Board_Status2  leyaoyao_protocol.o
    0x08002204   0x08002204   0x00000008   Code   RO         4400    i.SetSysClock       system_stm32f10x.o
    0x0800220c   0x0800220c   0x000000e0   Code   RO         4401    i.SetSysClockTo72   system_stm32f10x.o
    0x080022ec   0x080022ec   0x00000054   Code   RO          923    i.Switch_Key_Init   switch_key.o
    0x08002340   0x08002340   0x00000002   Code   RO          811    i.SysTick_Handler   stm32f10x_it.o
    0x08002342   0x08002342   0x00000002   PAD
    0x08002344   0x08002344   0x00000060   Code   RO         4403    i.SystemInit        system_stm32f10x.o
    0x080023a4   0x080023a4   0x0000003c   Code   RO          669    i.System_Buffer_Clean  protocol.o
    0x080023e0   0x080023e0   0x0000031c   Code   RO          670    i.System_Check_Receive  protocol.o
    0x080026fc   0x080026fc   0x00000054   Code   RO          671    i.System_Check_Receive_Match  protocol.o
    0x08002750   0x08002750   0x00000204   Code   RO            5    i.System_Init       main.o
    0x08002954   0x08002954   0x00000078   Code   RO          676    i.System_Send_Return_Status  protocol.o
    0x080029cc   0x080029cc   0x000000c4   Code   RO          677    i.System_Send_Return_Total_Days_Coin  protocol.o
    0x08002a90   0x08002a90   0x00000080   Code   RO          678    i.System_Send_Return_Version  protocol.o
    0x08002b10   0x08002b10   0x00000120   Code   RO          679    i.System_Send_Status  protocol.o
    0x08002c30   0x08002c30   0x00000014   Code   RO          680    i.System_Setting_Coin_Insert  protocol.o
    0x08002c44   0x08002c44   0x00000024   Code   RO          681    i.System_Setting_Count  protocol.o
    0x08002c68   0x08002c68   0x00000014   Code   RO          682    i.System_Setting_Game_Coins  protocol.o
    0x08002c7c   0x08002c7c   0x0000015c   Code   RO          683    i.System_Setting_Game_Disable  protocol.o
    0x08002dd8   0x08002dd8   0x00000130   Code   RO          684    i.System_Setting_ID  protocol.o
    0x08002f08   0x08002f08   0x00000084   Code   RO            6    i.System_Setting_Key_Factory  main.o
    0x08002f8c   0x08002f8c   0x0000001c   Code   RO          685    i.System_Setting_Light  protocol.o
    0x08002fa8   0x08002fa8   0x0000000c   Code   RO          686    i.System_Setting_Play_Music  protocol.o
    0x08002fb4   0x08002fb4   0x0000000c   Code   RO          812    i.TIM2_IRQHandler   stm32f10x_it.o
    0x08002fc0   0x08002fc0   0x0000006c   Code   RO          813    i.TIM4_IRQHandler   stm32f10x_it.o
    0x0800302c   0x0800302c   0x00000054   Code   RO          955    i.TIM4_Int_Init     timer.o
    0x08003080   0x08003080   0x00000028   Code   RO          814    i.TIM6_IRQHandler   stm32f10x_it.o
    0x080030a8   0x080030a8   0x00000010   Code   RO          815    i.TIM7_IRQHandler   stm32f10x_it.o
    0x080030b8   0x080030b8   0x00000018   Code   RO         3604    i.TIM_ARRPreloadConfig  stm32f10x_tim.o
    0x080030d0   0x080030d0   0x00000006   Code   RO         3611    i.TIM_ClearITPendingBit  stm32f10x_tim.o
    0x080030d6   0x080030d6   0x00000018   Code   RO         3616    i.TIM_Cmd           stm32f10x_tim.o
    0x080030ee   0x080030ee   0x00000022   Code   RO         3637    i.TIM_GetITStatus   stm32f10x_tim.o
    0x08003110   0x08003110   0x00000012   Code   RO         3641    i.TIM_ITConfig      stm32f10x_tim.o
    0x08003122   0x08003122   0x00000012   Code   RO         3672    i.TIM_SelectOnePulseMode  stm32f10x_tim.o
    0x08003134   0x08003134   0x000000a4   Code   RO         3687    i.TIM_TimeBaseInit  stm32f10x_tim.o
    0x080031d8   0x080031d8   0x00000018   Code   RO         3690    i.TIM_UpdateRequestConfig  stm32f10x_tim.o
    0x080031f0   0x080031f0   0x00000078   Code   RO          967    i.USART1_Init       usart.o
    0x08003268   0x08003268   0x00000020   Code   RO          969    i.USART1_Send_Byte  usart.o
    0x08003288   0x08003288   0x00000002   Code   RO          970    i.USART1_Send_Debug_Message  usart.o
    0x0800328a   0x0800328a   0x00000002   PAD
    0x0800328c   0x0800328c   0x00000578   Code   RO          971    i.USART1_Send_Dec   usart.o
    0x08003804   0x08003804   0x0000003c   Code   RO          972    i.USART1_Send_Hex   usart.o
    0x08003840   0x08003840   0x00000016   Code   RO          973    i.USART1_Send_String  usart.o
    0x08003856   0x08003856   0x00000002   PAD
    0x08003858   0x08003858   0x00000034   Code   RO          816    i.USART2_IRQHandler  stm32f10x_it.o
    0x0800388c   0x0800388c   0x000000ac   Code   RO          974    i.USART2_Init       usart.o
    0x08003938   0x08003938   0x00000020   Code   RO          977    i.USART2_Send_Byte  usart.o
    0x08003958   0x08003958   0x00000040   Code   RO          817    i.USART3_IRQHandler  stm32f10x_it.o
    0x08003998   0x08003998   0x000000b0   Code   RO          979    i.USART3_Init       usart.o
    0x08003a48   0x08003a48   0x00000020   Code   RO          981    i.USART3_Send_Byte  usart.o
    0x08003a68   0x08003a68   0x00000080   Code   RO          982    i.USART4_Init       usart.o
    0x08003ae8   0x08003ae8   0x00000020   Code   RO          983    i.USART4_Send_Byte  usart.o
    0x08003b08   0x08003b08   0x00000018   Code   RO          984    i.USART_485_Disable  usart.o
    0x08003b20   0x08003b20   0x00000010   Code   RO          985    i.USART_485_Enable  usart.o
    0x08003b30   0x08003b30   0x00000030   Code   RO          986    i.USART_485_Pins_Init  usart.o
    0x08003b60   0x08003b60   0x00000018   Code   RO         4152    i.USART_Cmd         stm32f10x_usart.o
    0x08003b78   0x08003b78   0x0000001a   Code   RO         4155    i.USART_GetFlagStatus  stm32f10x_usart.o
    0x08003b92   0x08003b92   0x00000054   Code   RO         4156    i.USART_GetITStatus  stm32f10x_usart.o
    0x08003be6   0x08003be6   0x0000004a   Code   RO         4158    i.USART_ITConfig    stm32f10x_usart.o
    0x08003c30   0x08003c30   0x000000d8   Code   RO         4159    i.USART_Init        stm32f10x_usart.o
    0x08003d08   0x08003d08   0x0000000a   Code   RO         4166    i.USART_ReceiveData  stm32f10x_usart.o
    0x08003d12   0x08003d12   0x00000008   Code   RO         4169    i.USART_SendData    stm32f10x_usart.o
    0x08003d1a   0x08003d1a   0x00000004   Code   RO          818    i.UsageFault_Handler  stm32f10x_it.o
    0x08003d1e   0x08003d1e   0x00000002   PAD
    0x08003d20   0x08003d20   0x0000001c   Code   RO          596    i.VOICE_Check_Busy  music.o
    0x08003d3c   0x08003d3c   0x00000010   Code   RO          598    i.VOICE_Out_Pins_Disable  music.o
    0x08003d4c   0x08003d4c   0x00000020   Code   RO          599    i.VOICE_Out_Pins_Enable  music.o
    0x08003d6c   0x08003d6c   0x00000030   Code   RO          600    i.VOICE_Out_Pins_Init  music.o
    0x08003d9c   0x08003d9c   0x00000048   Code   RO          601    i.VOICE_Pins_Init   music.o
    0x08003de4   0x08003de4   0x00000098   Code   RO          602    i.VOICE_Play        music.o
    0x08003e7c   0x08003e7c   0x0000000a   Code   RO          605    i.Voice_Play_Stop   music.o
    0x08003e86   0x08003e86   0x00000028   Code   RO         1127    i.Write_DATA        digital_tube.o
    0x08003eae   0x08003eae   0x00000002   PAD
    0x08003eb0   0x08003eb0   0x00000068   Code   RO         1307    i.__Debug_Send_Leyaoyao_Recevie_Buffer  leyaoyao_protocol.o
    0x08003f18   0x08003f18   0x00000014   Code   RO          406    i.get_Setting_Key_Status  key.o
    0x08003f2c   0x08003f2c   0x000000c4   Code   RO         1308    i.leyaoyao_retrun_settings_value  leyaoyao_protocol.o
    0x08003ff0   0x08003ff0   0x000000f4   Code   RO         1309    i.leyaoyao_retrun_store_settings  leyaoyao_protocol.o
    0x080040e4   0x080040e4   0x00000110   Code   RO         1310    i.leyaoyao_return_coins_settings  leyaoyao_protocol.o
    0x080041f4   0x080041f4   0x00000100   Code   RO         1311    i.leyaoyao_return_pay  leyaoyao_protocol.o
    0x080042f4   0x080042f4   0x00000110   Code   RO         1312    i.leyaoyao_return_pay_field  leyaoyao_protocol.o
    0x08004404   0x08004404   0x00000114   Code   RO         1313    i.leyaoyao_return_system_lock  leyaoyao_protocol.o
    0x08004518   0x08004518   0x00000194   Code   RO         1314    i.leyaoyao_return_yun_coins_pay  leyaoyao_protocol.o
    0x080046ac   0x080046ac   0x00000160   Code   RO         1315    i.leyaoyao_return_yun_coins_pay_jieguo  leyaoyao_protocol.o
    0x0800480c   0x0800480c   0x0000008c   Code   RO         1316    i.leyaoyao_test_connect  leyaoyao_protocol.o
    0x08004898   0x08004898   0x00000098   Code   RO            8    i.main              main.o
    0x08004930   0x08004930   0x00000054   Code   RO          552    i.sub_Check_Light_Eye_1  light_eye.o
    0x08004984   0x08004984   0x00000084   Code   RO          553    i.sub_Check_Light_Eye_2  light_eye.o
    0x08004a08   0x08004a08   0x00000040   Code   RO          924    i.ucGetSwitchKeyStatus  switch_key.o
    0x08004a48   0x08004a48   0x00000044   Code   RO         1128    i.ucNumSwitch       digital_tube.o
    0x08004a8c   0x08004a8c   0x00000020   Data   RO         4614    Region$$Table       anon$$obj.o


    Execution Region RW_IRAM1 (Exec base: 0x20000000, Load base: 0x08004aac, Size: 0x000007b8, Max: 0x00010000, ABSOLUTE)

    Exec Addr    Load Addr    Size         Type   Attr      Idx    E Section Name        Object

    0x20000000   0x08004aac   0x00000003   Data   RW            9    .data               main.o
    0x20000003   0x08004aaf   0x00000001   PAD
    0x20000004   0x08004ab0   0x00000011   Data   RW          294    .data               game.o
    0x20000015   0x08004ac1   0x00000003   PAD
    0x20000018   0x08004ac4   0x00000018   Data   RW          689    .data               protocol.o
    0x20000030   0x08004adc   0x00000004   Data   RW          925    .data               switch_key.o
    0x20000034   0x08004ae0   0x00000010   Data   RW          987    .data               usart.o
    0x20000044   0x08004af0   0x0000000d   Data   RW         1318    .data               leyaoyao_protocol.o
    0x20000051   0x08004afd   0x00000014   Data   RW         3012    .data               stm32f10x_rcc.o
    0x20000065   0x08004b11   0x00000003   PAD
    0x20000068        -       0x00000054   Zero   RW          293    .bss                game.o
    0x200000bc        -       0x0000004c   Zero   RW          688    .bss                protocol.o
    0x20000108        -       0x0000004a   Zero   RW         1317    .bss                leyaoyao_protocol.o
    0x20000152   0x08004b11   0x00000002   PAD
    0x20000154        -       0x00000060   Zero   RW         4486    .bss                c_w.l(libspace.o)
    0x200001b4   0x08004b11   0x00000004   PAD
    0x200001b8        -       0x00000200   Zero   RW         4383    HEAP                startup_stm32f10x_hd.o
    0x200003b8        -       0x00000400   Zero   RW         4382    STACK               startup_stm32f10x_hd.o


==============================================================================

Image component sizes


      Code (inc. data)   RO Data    RW Data    ZI Data      Debug   Object Name

       766         40          0          0          0       5616   at24c64.o
       122          0          0          0          0        580   clock.o
        46          0          0          0          0       1058   delay.o
       742         58          0          0          0       6098   digital_tube.o
      2276        274          0         17         84      10140   game.o
       212         38          0          0          0       2933   key.o
       116         22          0          0          0       2248   led.o
      4204        656          0         13         74      13857   leyaoyao_protocol.o
       216         44          0          0          0       2758   light.o
       268         48          0          0          0       2535   light_eye.o
      1070        176          0          3          0     257108   main.o
       132         22          0          0          0       1479   misc.o
       358         32          0          0          0       3555   music.o
      2440        376          0         24         76      11323   protocol.o
        64         26        304          0       1536        872   startup_stm32f10x_hd.o
        40          6          0          0          0        599   stm32f10x_exti.o
        52         12          0          0          0       1073   stm32f10x_flash.o
       448          6          0          0          0       4402   stm32f10x_gpio.o
       348         52          0          0          0       8239   stm32f10x_it.o
       708         98          0         20          0      10847   stm32f10x_rcc.o
       312         42          0          0          0       5108   stm32f10x_tim.o
       442          6          0          0          0       6049   stm32f10x_usart.o
       380         66          0          4          0       2113   switch_key.o
       328         28          0          0          0       1917   system_stm32f10x.o
        84          6          0          0          0        640   timer.o
      2296        126          0         16          0      10714   usart.o

    ----------------------------------------------------------------------
     18500       2260        336        104       1772     373861   Object Totals
         0          0         32          0          0          0   (incl. Generated)
        30          0          0          7          2          0   (incl. Padding)

    ----------------------------------------------------------------------

      Code (inc. data)   RO Data    RW Data    ZI Data      Debug   Library Member Name

         8          0          0          0          0         68   __main.o
         0          0          0          0          0          0   __rtentry.o
        12          0          0          0          0          0   __rtentry2.o
         6          0          0          0          0          0   __rtentry4.o
        52          8          0          0          0          0   __scatter.o
        26          0          0          0          0          0   __scatter_copy.o
        28          0          0          0          0          0   __scatter_zi.o
        18          0          0          0          0         80   exit.o
         6          0          0          0          0        152   heapauxi.o
         0          0          0          0          0          0   indicate_semi.o
         2          0          0          0          0          0   libinit.o
         2          0          0          0          0          0   libinit2.o
         2          0          0          0          0          0   libshutdown.o
         2          0          0          0          0          0   libshutdown2.o
         8          4          0          0         96         68   libspace.o
         2          0          0          0          0          0   rtexit.o
        10          0          0          0          0          0   rtexit2.o
        12          4          0          0          0         68   sys_exit.o
        74          0          0          0          0         80   sys_stackheap_outer.o
         2          0          0          0          0         68   use_no_semi.o

    ----------------------------------------------------------------------
       280         16          0          0        100        584   Library Totals
         8          0          0          0          4          0   (incl. Padding)

    ----------------------------------------------------------------------

      Code (inc. data)   RO Data    RW Data    ZI Data      Debug   Library Name

       272         16          0          0         96        584   c_w.l

    ----------------------------------------------------------------------
       280         16          0          0        100        584   Library Totals

    ----------------------------------------------------------------------

==============================================================================


      Code (inc. data)   RO Data    RW Data    ZI Data      Debug   

     18780       2276        336        104       1872     364925   Grand Totals
     18780       2276        336        104       1872     364925   ELF Image Totals
     18780       2276        336        104          0          0   ROM Totals

==============================================================================

    Total RO  Size (Code + RO Data)                19116 (  18.67kB)
    Total RW  Size (RW Data + ZI Data)              1976 (   1.93kB)
    Total ROM Size (Code + RO Data + RW Data)      19220 (  18.77kB)

==============================================================================

