<!doctype html public "-//w3c//dtd html 4.0 transitional//en">
<html><head>
<title>Static Call Graph - [.\Objects\niudan_src.axf]</title></head>
<body><HR>
<H1>Static Call Graph for image .\Objects\niudan_src.axf</H1><HR>
<BR><P>#&#060CALLGRAPH&#062# ARM Linker, 5060960: Last Updated: Sat Jul 03 11:24:35 2021
<BR><P>
<H3>Maximum Stack Usage =        192 bytes + Unknown(Functions without stacksize, Cycles, Untraceable Function Pointers)</H3><H3>
Call chain for Maximum Stack Depth:</H3>
__rt_entry_main &rArr; main &rArr; Game_Egg_Switch_Out &rArr; Game_Egg_Out_Stop &rArr; leyaoyao_return_yun_coins_pay_jieguo &rArr; System_Setting_Count &rArr; Game_Status_Read &rArr; AT24C64_Read_Byte &rArr; I2C1_Write_Byte &rArr; I2C1_SDA_OUT &rArr; GPIO_Init
<P>
<H3>
Functions with no stack information
</H3><UL>
 <LI><a href="#[5c]">__user_initial_stackheap</a>
</UL>
</UL>
<P>
<H3>
Mutually Recursive functions
</H3> <LI><a href="#[1f]">ADC1_2_IRQHandler</a>&nbsp;&nbsp;&nbsp;&rArr;&nbsp;&nbsp;&nbsp;<a href="#[1f]">ADC1_2_IRQHandler</a><BR>
</UL>
<P>
<H3>
Function Pointers
</H3><UL>
 <LI><a href="#[1f]">ADC1_2_IRQHandler</a> from startup_stm32f10x_hd.o(.text) referenced from startup_stm32f10x_hd.o(RESET)
 <LI><a href="#[3c]">ADC3_IRQHandler</a> from startup_stm32f10x_hd.o(.text) referenced from startup_stm32f10x_hd.o(RESET)
 <LI><a href="#[7]">BusFault_Handler</a> from stm32f10x_it.o(i.BusFault_Handler) referenced from startup_stm32f10x_hd.o(RESET)
 <LI><a href="#[22]">CAN1_RX1_IRQHandler</a> from startup_stm32f10x_hd.o(.text) referenced from startup_stm32f10x_hd.o(RESET)
 <LI><a href="#[23]">CAN1_SCE_IRQHandler</a> from startup_stm32f10x_hd.o(.text) referenced from startup_stm32f10x_hd.o(RESET)
 <LI><a href="#[18]">DMA1_Channel1_IRQHandler</a> from startup_stm32f10x_hd.o(.text) referenced from startup_stm32f10x_hd.o(RESET)
 <LI><a href="#[19]">DMA1_Channel2_IRQHandler</a> from startup_stm32f10x_hd.o(.text) referenced from startup_stm32f10x_hd.o(RESET)
 <LI><a href="#[1a]">DMA1_Channel3_IRQHandler</a> from startup_stm32f10x_hd.o(.text) referenced from startup_stm32f10x_hd.o(RESET)
 <LI><a href="#[1b]">DMA1_Channel4_IRQHandler</a> from startup_stm32f10x_hd.o(.text) referenced from startup_stm32f10x_hd.o(RESET)
 <LI><a href="#[1c]">DMA1_Channel5_IRQHandler</a> from startup_stm32f10x_hd.o(.text) referenced from startup_stm32f10x_hd.o(RESET)
 <LI><a href="#[1d]">DMA1_Channel6_IRQHandler</a> from startup_stm32f10x_hd.o(.text) referenced from startup_stm32f10x_hd.o(RESET)
 <LI><a href="#[1e]">DMA1_Channel7_IRQHandler</a> from startup_stm32f10x_hd.o(.text) referenced from startup_stm32f10x_hd.o(RESET)
 <LI><a href="#[45]">DMA2_Channel1_IRQHandler</a> from startup_stm32f10x_hd.o(.text) referenced from startup_stm32f10x_hd.o(RESET)
 <LI><a href="#[46]">DMA2_Channel2_IRQHandler</a> from startup_stm32f10x_hd.o(.text) referenced from startup_stm32f10x_hd.o(RESET)
 <LI><a href="#[47]">DMA2_Channel3_IRQHandler</a> from startup_stm32f10x_hd.o(.text) referenced from startup_stm32f10x_hd.o(RESET)
 <LI><a href="#[48]">DMA2_Channel4_5_IRQHandler</a> from startup_stm32f10x_hd.o(.text) referenced from startup_stm32f10x_hd.o(RESET)
 <LI><a href="#[a]">DebugMon_Handler</a> from stm32f10x_it.o(i.DebugMon_Handler) referenced from startup_stm32f10x_hd.o(RESET)
 <LI><a href="#[13]">EXTI0_IRQHandler</a> from stm32f10x_it.o(i.EXTI0_IRQHandler) referenced from startup_stm32f10x_hd.o(RESET)
 <LI><a href="#[35]">EXTI15_10_IRQHandler</a> from startup_stm32f10x_hd.o(.text) referenced from startup_stm32f10x_hd.o(RESET)
 <LI><a href="#[14]">EXTI1_IRQHandler</a> from stm32f10x_it.o(i.EXTI1_IRQHandler) referenced from startup_stm32f10x_hd.o(RESET)
 <LI><a href="#[15]">EXTI2_IRQHandler</a> from startup_stm32f10x_hd.o(.text) referenced from startup_stm32f10x_hd.o(RESET)
 <LI><a href="#[16]">EXTI3_IRQHandler</a> from startup_stm32f10x_hd.o(.text) referenced from startup_stm32f10x_hd.o(RESET)
 <LI><a href="#[17]">EXTI4_IRQHandler</a> from stm32f10x_it.o(i.EXTI4_IRQHandler) referenced from startup_stm32f10x_hd.o(RESET)
 <LI><a href="#[24]">EXTI9_5_IRQHandler</a> from startup_stm32f10x_hd.o(.text) referenced from startup_stm32f10x_hd.o(RESET)
 <LI><a href="#[11]">FLASH_IRQHandler</a> from startup_stm32f10x_hd.o(.text) referenced from startup_stm32f10x_hd.o(RESET)
 <LI><a href="#[3d]">FSMC_IRQHandler</a> from startup_stm32f10x_hd.o(.text) referenced from startup_stm32f10x_hd.o(RESET)
 <LI><a href="#[5]">HardFault_Handler</a> from stm32f10x_it.o(i.HardFault_Handler) referenced from startup_stm32f10x_hd.o(RESET)
 <LI><a href="#[2d]">I2C1_ER_IRQHandler</a> from startup_stm32f10x_hd.o(.text) referenced from startup_stm32f10x_hd.o(RESET)
 <LI><a href="#[2c]">I2C1_EV_IRQHandler</a> from startup_stm32f10x_hd.o(.text) referenced from startup_stm32f10x_hd.o(RESET)
 <LI><a href="#[2f]">I2C2_ER_IRQHandler</a> from startup_stm32f10x_hd.o(.text) referenced from startup_stm32f10x_hd.o(RESET)
 <LI><a href="#[2e]">I2C2_EV_IRQHandler</a> from startup_stm32f10x_hd.o(.text) referenced from startup_stm32f10x_hd.o(RESET)
 <LI><a href="#[6]">MemManage_Handler</a> from stm32f10x_it.o(i.MemManage_Handler) referenced from startup_stm32f10x_hd.o(RESET)
 <LI><a href="#[4]">NMI_Handler</a> from stm32f10x_it.o(i.NMI_Handler) referenced from startup_stm32f10x_hd.o(RESET)
 <LI><a href="#[e]">PVD_IRQHandler</a> from startup_stm32f10x_hd.o(.text) referenced from startup_stm32f10x_hd.o(RESET)
 <LI><a href="#[b]">PendSV_Handler</a> from stm32f10x_it.o(i.PendSV_Handler) referenced from startup_stm32f10x_hd.o(RESET)
 <LI><a href="#[12]">RCC_IRQHandler</a> from startup_stm32f10x_hd.o(.text) referenced from startup_stm32f10x_hd.o(RESET)
 <LI><a href="#[36]">RTCAlarm_IRQHandler</a> from startup_stm32f10x_hd.o(.text) referenced from startup_stm32f10x_hd.o(RESET)
 <LI><a href="#[10]">RTC_IRQHandler</a> from startup_stm32f10x_hd.o(.text) referenced from startup_stm32f10x_hd.o(RESET)
 <LI><a href="#[3]">Reset_Handler</a> from startup_stm32f10x_hd.o(.text) referenced from startup_stm32f10x_hd.o(RESET)
 <LI><a href="#[3e]">SDIO_IRQHandler</a> from startup_stm32f10x_hd.o(.text) referenced from startup_stm32f10x_hd.o(RESET)
 <LI><a href="#[30]">SPI1_IRQHandler</a> from startup_stm32f10x_hd.o(.text) referenced from startup_stm32f10x_hd.o(RESET)
 <LI><a href="#[31]">SPI2_IRQHandler</a> from startup_stm32f10x_hd.o(.text) referenced from startup_stm32f10x_hd.o(RESET)
 <LI><a href="#[40]">SPI3_IRQHandler</a> from startup_stm32f10x_hd.o(.text) referenced from startup_stm32f10x_hd.o(RESET)
 <LI><a href="#[9]">SVC_Handler</a> from stm32f10x_it.o(i.SVC_Handler) referenced from startup_stm32f10x_hd.o(RESET)
 <LI><a href="#[c]">SysTick_Handler</a> from stm32f10x_it.o(i.SysTick_Handler) referenced from startup_stm32f10x_hd.o(RESET)
 <LI><a href="#[49]">SystemInit</a> from system_stm32f10x.o(i.SystemInit) referenced from startup_stm32f10x_hd.o(.text)
 <LI><a href="#[f]">TAMPER_IRQHandler</a> from startup_stm32f10x_hd.o(.text) referenced from startup_stm32f10x_hd.o(RESET)
 <LI><a href="#[25]">TIM1_BRK_IRQHandler</a> from startup_stm32f10x_hd.o(.text) referenced from startup_stm32f10x_hd.o(RESET)
 <LI><a href="#[28]">TIM1_CC_IRQHandler</a> from startup_stm32f10x_hd.o(.text) referenced from startup_stm32f10x_hd.o(RESET)
 <LI><a href="#[27]">TIM1_TRG_COM_IRQHandler</a> from startup_stm32f10x_hd.o(.text) referenced from startup_stm32f10x_hd.o(RESET)
 <LI><a href="#[26]">TIM1_UP_IRQHandler</a> from startup_stm32f10x_hd.o(.text) referenced from startup_stm32f10x_hd.o(RESET)
 <LI><a href="#[29]">TIM2_IRQHandler</a> from stm32f10x_it.o(i.TIM2_IRQHandler) referenced from startup_stm32f10x_hd.o(RESET)
 <LI><a href="#[2a]">TIM3_IRQHandler</a> from startup_stm32f10x_hd.o(.text) referenced from startup_stm32f10x_hd.o(RESET)
 <LI><a href="#[2b]">TIM4_IRQHandler</a> from stm32f10x_it.o(i.TIM4_IRQHandler) referenced from startup_stm32f10x_hd.o(RESET)
 <LI><a href="#[3f]">TIM5_IRQHandler</a> from startup_stm32f10x_hd.o(.text) referenced from startup_stm32f10x_hd.o(RESET)
 <LI><a href="#[43]">TIM6_IRQHandler</a> from stm32f10x_it.o(i.TIM6_IRQHandler) referenced from startup_stm32f10x_hd.o(RESET)
 <LI><a href="#[44]">TIM7_IRQHandler</a> from stm32f10x_it.o(i.TIM7_IRQHandler) referenced from startup_stm32f10x_hd.o(RESET)
 <LI><a href="#[38]">TIM8_BRK_IRQHandler</a> from startup_stm32f10x_hd.o(.text) referenced from startup_stm32f10x_hd.o(RESET)
 <LI><a href="#[3b]">TIM8_CC_IRQHandler</a> from startup_stm32f10x_hd.o(.text) referenced from startup_stm32f10x_hd.o(RESET)
 <LI><a href="#[3a]">TIM8_TRG_COM_IRQHandler</a> from startup_stm32f10x_hd.o(.text) referenced from startup_stm32f10x_hd.o(RESET)
 <LI><a href="#[39]">TIM8_UP_IRQHandler</a> from startup_stm32f10x_hd.o(.text) referenced from startup_stm32f10x_hd.o(RESET)
 <LI><a href="#[41]">UART4_IRQHandler</a> from startup_stm32f10x_hd.o(.text) referenced from startup_stm32f10x_hd.o(RESET)
 <LI><a href="#[42]">UART5_IRQHandler</a> from startup_stm32f10x_hd.o(.text) referenced from startup_stm32f10x_hd.o(RESET)
 <LI><a href="#[32]">USART1_IRQHandler</a> from startup_stm32f10x_hd.o(.text) referenced from startup_stm32f10x_hd.o(RESET)
 <LI><a href="#[33]">USART2_IRQHandler</a> from stm32f10x_it.o(i.USART2_IRQHandler) referenced from startup_stm32f10x_hd.o(RESET)
 <LI><a href="#[34]">USART3_IRQHandler</a> from stm32f10x_it.o(i.USART3_IRQHandler) referenced from startup_stm32f10x_hd.o(RESET)
 <LI><a href="#[37]">USBWakeUp_IRQHandler</a> from startup_stm32f10x_hd.o(.text) referenced from startup_stm32f10x_hd.o(RESET)
 <LI><a href="#[20]">USB_HP_CAN1_TX_IRQHandler</a> from startup_stm32f10x_hd.o(.text) referenced from startup_stm32f10x_hd.o(RESET)
 <LI><a href="#[21]">USB_LP_CAN1_RX0_IRQHandler</a> from startup_stm32f10x_hd.o(.text) referenced from startup_stm32f10x_hd.o(RESET)
 <LI><a href="#[8]">UsageFault_Handler</a> from stm32f10x_it.o(i.UsageFault_Handler) referenced from startup_stm32f10x_hd.o(RESET)
 <LI><a href="#[d]">WWDG_IRQHandler</a> from startup_stm32f10x_hd.o(.text) referenced from startup_stm32f10x_hd.o(RESET)
 <LI><a href="#[4b]">__main</a> from __main.o(!!!main) referenced from startup_stm32f10x_hd.o(.text)
</UL>
<P>
<H3>
Global Symbols
</H3>
<P><STRONG><a name="[4b]"></a>__main</STRONG> (Thumb, 8 bytes, Stack size 0 bytes, __main.o(!!!main))
<BR><BR>[Calls]<UL><LI><a href="#[4c]">&gt;&gt;</a>&nbsp;&nbsp;&nbsp;__scatterload
<LI><a href="#[4d]">&gt;&gt;</a>&nbsp;&nbsp;&nbsp;__rt_entry
</UL>

<P><STRONG><a name="[4c]"></a>__scatterload</STRONG> (Thumb, 0 bytes, Stack size unknown bytes, __scatter.o(!!!scatter))
<BR><BR>[Called By]<UL><LI><a href="#[4b]">&gt;&gt;</a>&nbsp;&nbsp;&nbsp;__main
</UL>

<P><STRONG><a name="[4e]"></a>__scatterload_rt2</STRONG> (Thumb, 44 bytes, Stack size unknown bytes, __scatter.o(!!!scatter), UNUSED)
<BR><BR>[Calls]<UL><LI><a href="#[4d]">&gt;&gt;</a>&nbsp;&nbsp;&nbsp;__rt_entry
</UL>

<P><STRONG><a name="[103]"></a>__scatterload_rt2_thumb_only</STRONG> (Thumb, 0 bytes, Stack size unknown bytes, __scatter.o(!!!scatter), UNUSED)

<P><STRONG><a name="[104]"></a>__scatterload_null</STRONG> (Thumb, 0 bytes, Stack size unknown bytes, __scatter.o(!!!scatter), UNUSED)

<P><STRONG><a name="[4f]"></a>__scatterload_copy</STRONG> (Thumb, 26 bytes, Stack size unknown bytes, __scatter_copy.o(!!handler_copy), UNUSED)
<BR><BR>[Calls]<UL><LI><a href="#[4f]">&gt;&gt;</a>&nbsp;&nbsp;&nbsp;__scatterload_copy
</UL>
<BR>[Called By]<UL><LI><a href="#[4f]">&gt;&gt;</a>&nbsp;&nbsp;&nbsp;__scatterload_copy
</UL>

<P><STRONG><a name="[105]"></a>__scatterload_zeroinit</STRONG> (Thumb, 28 bytes, Stack size unknown bytes, __scatter_zi.o(!!handler_zi), UNUSED)

<P><STRONG><a name="[53]"></a>__rt_lib_init</STRONG> (Thumb, 0 bytes, Stack size unknown bytes, libinit.o(.ARM.Collect$$libinit$$00000000))
<BR><BR>[Called By]<UL><LI><a href="#[52]">&gt;&gt;</a>&nbsp;&nbsp;&nbsp;__rt_entry_li
</UL>

<P><STRONG><a name="[106]"></a>__rt_lib_init_alloca_1</STRONG> (Thumb, 0 bytes, Stack size unknown bytes, libinit2.o(.ARM.Collect$$libinit$$0000002E))

<P><STRONG><a name="[107]"></a>__rt_lib_init_argv_1</STRONG> (Thumb, 0 bytes, Stack size unknown bytes, libinit2.o(.ARM.Collect$$libinit$$0000002C))

<P><STRONG><a name="[108]"></a>__rt_lib_init_atexit_1</STRONG> (Thumb, 0 bytes, Stack size unknown bytes, libinit2.o(.ARM.Collect$$libinit$$0000001B))

<P><STRONG><a name="[109]"></a>__rt_lib_init_clock_1</STRONG> (Thumb, 0 bytes, Stack size unknown bytes, libinit2.o(.ARM.Collect$$libinit$$00000021))

<P><STRONG><a name="[10a]"></a>__rt_lib_init_cpp_1</STRONG> (Thumb, 0 bytes, Stack size unknown bytes, libinit2.o(.ARM.Collect$$libinit$$00000032))

<P><STRONG><a name="[10b]"></a>__rt_lib_init_exceptions_1</STRONG> (Thumb, 0 bytes, Stack size unknown bytes, libinit2.o(.ARM.Collect$$libinit$$00000030))

<P><STRONG><a name="[10c]"></a>__rt_lib_init_fp_1</STRONG> (Thumb, 0 bytes, Stack size unknown bytes, libinit2.o(.ARM.Collect$$libinit$$00000002))

<P><STRONG><a name="[10d]"></a>__rt_lib_init_fp_trap_1</STRONG> (Thumb, 0 bytes, Stack size unknown bytes, libinit2.o(.ARM.Collect$$libinit$$0000001F))

<P><STRONG><a name="[10e]"></a>__rt_lib_init_getenv_1</STRONG> (Thumb, 0 bytes, Stack size unknown bytes, libinit2.o(.ARM.Collect$$libinit$$00000023))

<P><STRONG><a name="[10f]"></a>__rt_lib_init_heap_1</STRONG> (Thumb, 0 bytes, Stack size unknown bytes, libinit2.o(.ARM.Collect$$libinit$$0000000A))

<P><STRONG><a name="[110]"></a>__rt_lib_init_lc_collate_1</STRONG> (Thumb, 0 bytes, Stack size unknown bytes, libinit2.o(.ARM.Collect$$libinit$$00000011))

<P><STRONG><a name="[111]"></a>__rt_lib_init_lc_ctype_1</STRONG> (Thumb, 0 bytes, Stack size unknown bytes, libinit2.o(.ARM.Collect$$libinit$$00000013))

<P><STRONG><a name="[112]"></a>__rt_lib_init_lc_monetary_1</STRONG> (Thumb, 0 bytes, Stack size unknown bytes, libinit2.o(.ARM.Collect$$libinit$$00000015))

<P><STRONG><a name="[113]"></a>__rt_lib_init_lc_numeric_1</STRONG> (Thumb, 0 bytes, Stack size unknown bytes, libinit2.o(.ARM.Collect$$libinit$$00000017))

<P><STRONG><a name="[114]"></a>__rt_lib_init_lc_time_1</STRONG> (Thumb, 0 bytes, Stack size unknown bytes, libinit2.o(.ARM.Collect$$libinit$$00000019))

<P><STRONG><a name="[115]"></a>__rt_lib_init_preinit_1</STRONG> (Thumb, 0 bytes, Stack size unknown bytes, libinit2.o(.ARM.Collect$$libinit$$00000004))

<P><STRONG><a name="[116]"></a>__rt_lib_init_rand_1</STRONG> (Thumb, 0 bytes, Stack size unknown bytes, libinit2.o(.ARM.Collect$$libinit$$0000000E))

<P><STRONG><a name="[117]"></a>__rt_lib_init_return</STRONG> (Thumb, 0 bytes, Stack size unknown bytes, libinit2.o(.ARM.Collect$$libinit$$00000033))

<P><STRONG><a name="[118]"></a>__rt_lib_init_signal_1</STRONG> (Thumb, 0 bytes, Stack size unknown bytes, libinit2.o(.ARM.Collect$$libinit$$0000001D))

<P><STRONG><a name="[119]"></a>__rt_lib_init_stdio_1</STRONG> (Thumb, 0 bytes, Stack size unknown bytes, libinit2.o(.ARM.Collect$$libinit$$00000025))

<P><STRONG><a name="[11a]"></a>__rt_lib_init_user_alloc_1</STRONG> (Thumb, 0 bytes, Stack size unknown bytes, libinit2.o(.ARM.Collect$$libinit$$0000000C))

<P><STRONG><a name="[58]"></a>__rt_lib_shutdown</STRONG> (Thumb, 0 bytes, Stack size unknown bytes, libshutdown.o(.ARM.Collect$$libshutdown$$00000000))
<BR><BR>[Called By]<UL><LI><a href="#[57]">&gt;&gt;</a>&nbsp;&nbsp;&nbsp;__rt_exit_ls
</UL>

<P><STRONG><a name="[11b]"></a>__rt_lib_shutdown_cpp_1</STRONG> (Thumb, 0 bytes, Stack size unknown bytes, libshutdown2.o(.ARM.Collect$$libshutdown$$00000004))

<P><STRONG><a name="[11c]"></a>__rt_lib_shutdown_fini_1</STRONG> (Thumb, 0 bytes, Stack size unknown bytes, libshutdown2.o(.ARM.Collect$$libshutdown$$00000002))

<P><STRONG><a name="[11d]"></a>__rt_lib_shutdown_fp_trap_1</STRONG> (Thumb, 0 bytes, Stack size unknown bytes, libshutdown2.o(.ARM.Collect$$libshutdown$$00000009))

<P><STRONG><a name="[11e]"></a>__rt_lib_shutdown_heap_1</STRONG> (Thumb, 0 bytes, Stack size unknown bytes, libshutdown2.o(.ARM.Collect$$libshutdown$$00000011))

<P><STRONG><a name="[11f]"></a>__rt_lib_shutdown_return</STRONG> (Thumb, 0 bytes, Stack size unknown bytes, libshutdown2.o(.ARM.Collect$$libshutdown$$00000012))

<P><STRONG><a name="[120]"></a>__rt_lib_shutdown_signal_1</STRONG> (Thumb, 0 bytes, Stack size unknown bytes, libshutdown2.o(.ARM.Collect$$libshutdown$$0000000C))

<P><STRONG><a name="[121]"></a>__rt_lib_shutdown_stdio_1</STRONG> (Thumb, 0 bytes, Stack size unknown bytes, libshutdown2.o(.ARM.Collect$$libshutdown$$00000006))

<P><STRONG><a name="[122]"></a>__rt_lib_shutdown_user_alloc_1</STRONG> (Thumb, 0 bytes, Stack size unknown bytes, libshutdown2.o(.ARM.Collect$$libshutdown$$0000000E))

<P><STRONG><a name="[4d]"></a>__rt_entry</STRONG> (Thumb, 0 bytes, Stack size unknown bytes, __rtentry.o(.ARM.Collect$$rtentry$$00000000))
<BR><BR>[Called By]<UL><LI><a href="#[4e]">&gt;&gt;</a>&nbsp;&nbsp;&nbsp;__scatterload_rt2
<LI><a href="#[4b]">&gt;&gt;</a>&nbsp;&nbsp;&nbsp;__main
</UL>

<P><STRONG><a name="[123]"></a>__rt_entry_presh_1</STRONG> (Thumb, 0 bytes, Stack size unknown bytes, __rtentry2.o(.ARM.Collect$$rtentry$$00000002))

<P><STRONG><a name="[50]"></a>__rt_entry_sh</STRONG> (Thumb, 0 bytes, Stack size unknown bytes, __rtentry4.o(.ARM.Collect$$rtentry$$00000004))
<BR><BR>[Stack]<UL><LI>Max Depth = 8 + Unknown Stack Size
<LI>Call Chain = __rt_entry_sh &rArr; __user_setup_stackheap
</UL>
<BR>[Calls]<UL><LI><a href="#[51]">&gt;&gt;</a>&nbsp;&nbsp;&nbsp;__user_setup_stackheap
</UL>

<P><STRONG><a name="[52]"></a>__rt_entry_li</STRONG> (Thumb, 0 bytes, Stack size unknown bytes, __rtentry2.o(.ARM.Collect$$rtentry$$0000000A))
<BR><BR>[Calls]<UL><LI><a href="#[53]">&gt;&gt;</a>&nbsp;&nbsp;&nbsp;__rt_lib_init
</UL>

<P><STRONG><a name="[124]"></a>__rt_entry_postsh_1</STRONG> (Thumb, 0 bytes, Stack size unknown bytes, __rtentry2.o(.ARM.Collect$$rtentry$$00000009))

<P><STRONG><a name="[54]"></a>__rt_entry_main</STRONG> (Thumb, 0 bytes, Stack size unknown bytes, __rtentry2.o(.ARM.Collect$$rtentry$$0000000D))
<BR><BR>[Stack]<UL><LI>Max Depth = 192 + Unknown Stack Size
<LI>Call Chain = __rt_entry_main &rArr; main &rArr; Game_Egg_Switch_Out &rArr; Game_Egg_Out_Stop &rArr; leyaoyao_return_yun_coins_pay_jieguo &rArr; System_Setting_Count &rArr; Game_Status_Read &rArr; AT24C64_Read_Byte &rArr; I2C1_Write_Byte &rArr; I2C1_SDA_OUT &rArr; GPIO_Init
</UL>
<BR>[Calls]<UL><LI><a href="#[55]">&gt;&gt;</a>&nbsp;&nbsp;&nbsp;main
<LI><a href="#[56]">&gt;&gt;</a>&nbsp;&nbsp;&nbsp;exit
</UL>

<P><STRONG><a name="[125]"></a>__rt_entry_postli_1</STRONG> (Thumb, 0 bytes, Stack size unknown bytes, __rtentry2.o(.ARM.Collect$$rtentry$$0000000C))

<P><STRONG><a name="[5d]"></a>__rt_exit</STRONG> (Thumb, 0 bytes, Stack size unknown bytes, rtexit.o(.ARM.Collect$$rtexit$$00000000))
<BR><BR>[Called By]<UL><LI><a href="#[56]">&gt;&gt;</a>&nbsp;&nbsp;&nbsp;exit
</UL>

<P><STRONG><a name="[57]"></a>__rt_exit_ls</STRONG> (Thumb, 0 bytes, Stack size unknown bytes, rtexit2.o(.ARM.Collect$$rtexit$$00000003))
<BR><BR>[Calls]<UL><LI><a href="#[58]">&gt;&gt;</a>&nbsp;&nbsp;&nbsp;__rt_lib_shutdown
</UL>

<P><STRONG><a name="[126]"></a>__rt_exit_prels_1</STRONG> (Thumb, 0 bytes, Stack size unknown bytes, rtexit2.o(.ARM.Collect$$rtexit$$00000002))

<P><STRONG><a name="[59]"></a>__rt_exit_exit</STRONG> (Thumb, 0 bytes, Stack size unknown bytes, rtexit2.o(.ARM.Collect$$rtexit$$00000004))
<BR><BR>[Calls]<UL><LI><a href="#[5a]">&gt;&gt;</a>&nbsp;&nbsp;&nbsp;_sys_exit
</UL>

<P><STRONG><a name="[3]"></a>Reset_Handler</STRONG> (Thumb, 8 bytes, Stack size 0 bytes, startup_stm32f10x_hd.o(.text))
<BR>[Address Reference Count : 1]<UL><LI> startup_stm32f10x_hd.o(RESET)
</UL>
<P><STRONG><a name="[1f]"></a>ADC1_2_IRQHandler</STRONG> (Thumb, 0 bytes, Stack size 0 bytes, startup_stm32f10x_hd.o(.text))
<BR><BR>[Calls]<UL><LI><a href="#[1f]">&gt;&gt;</a>&nbsp;&nbsp;&nbsp;ADC1_2_IRQHandler
</UL>
<BR>[Called By]<UL><LI><a href="#[1f]">&gt;&gt;</a>&nbsp;&nbsp;&nbsp;ADC1_2_IRQHandler
</UL>
<BR>[Address Reference Count : 1]<UL><LI> startup_stm32f10x_hd.o(RESET)
</UL>
<P><STRONG><a name="[3c]"></a>ADC3_IRQHandler</STRONG> (Thumb, 0 bytes, Stack size 0 bytes, startup_stm32f10x_hd.o(.text))
<BR>[Address Reference Count : 1]<UL><LI> startup_stm32f10x_hd.o(RESET)
</UL>
<P><STRONG><a name="[22]"></a>CAN1_RX1_IRQHandler</STRONG> (Thumb, 0 bytes, Stack size 0 bytes, startup_stm32f10x_hd.o(.text))
<BR>[Address Reference Count : 1]<UL><LI> startup_stm32f10x_hd.o(RESET)
</UL>
<P><STRONG><a name="[23]"></a>CAN1_SCE_IRQHandler</STRONG> (Thumb, 0 bytes, Stack size 0 bytes, startup_stm32f10x_hd.o(.text))
<BR>[Address Reference Count : 1]<UL><LI> startup_stm32f10x_hd.o(RESET)
</UL>
<P><STRONG><a name="[18]"></a>DMA1_Channel1_IRQHandler</STRONG> (Thumb, 0 bytes, Stack size 0 bytes, startup_stm32f10x_hd.o(.text))
<BR>[Address Reference Count : 1]<UL><LI> startup_stm32f10x_hd.o(RESET)
</UL>
<P><STRONG><a name="[19]"></a>DMA1_Channel2_IRQHandler</STRONG> (Thumb, 0 bytes, Stack size 0 bytes, startup_stm32f10x_hd.o(.text))
<BR>[Address Reference Count : 1]<UL><LI> startup_stm32f10x_hd.o(RESET)
</UL>
<P><STRONG><a name="[1a]"></a>DMA1_Channel3_IRQHandler</STRONG> (Thumb, 0 bytes, Stack size 0 bytes, startup_stm32f10x_hd.o(.text))
<BR>[Address Reference Count : 1]<UL><LI> startup_stm32f10x_hd.o(RESET)
</UL>
<P><STRONG><a name="[1b]"></a>DMA1_Channel4_IRQHandler</STRONG> (Thumb, 0 bytes, Stack size 0 bytes, startup_stm32f10x_hd.o(.text))
<BR>[Address Reference Count : 1]<UL><LI> startup_stm32f10x_hd.o(RESET)
</UL>
<P><STRONG><a name="[1c]"></a>DMA1_Channel5_IRQHandler</STRONG> (Thumb, 0 bytes, Stack size 0 bytes, startup_stm32f10x_hd.o(.text))
<BR>[Address Reference Count : 1]<UL><LI> startup_stm32f10x_hd.o(RESET)
</UL>
<P><STRONG><a name="[1d]"></a>DMA1_Channel6_IRQHandler</STRONG> (Thumb, 0 bytes, Stack size 0 bytes, startup_stm32f10x_hd.o(.text))
<BR>[Address Reference Count : 1]<UL><LI> startup_stm32f10x_hd.o(RESET)
</UL>
<P><STRONG><a name="[1e]"></a>DMA1_Channel7_IRQHandler</STRONG> (Thumb, 0 bytes, Stack size 0 bytes, startup_stm32f10x_hd.o(.text))
<BR>[Address Reference Count : 1]<UL><LI> startup_stm32f10x_hd.o(RESET)
</UL>
<P><STRONG><a name="[45]"></a>DMA2_Channel1_IRQHandler</STRONG> (Thumb, 0 bytes, Stack size 0 bytes, startup_stm32f10x_hd.o(.text))
<BR>[Address Reference Count : 1]<UL><LI> startup_stm32f10x_hd.o(RESET)
</UL>
<P><STRONG><a name="[46]"></a>DMA2_Channel2_IRQHandler</STRONG> (Thumb, 0 bytes, Stack size 0 bytes, startup_stm32f10x_hd.o(.text))
<BR>[Address Reference Count : 1]<UL><LI> startup_stm32f10x_hd.o(RESET)
</UL>
<P><STRONG><a name="[47]"></a>DMA2_Channel3_IRQHandler</STRONG> (Thumb, 0 bytes, Stack size 0 bytes, startup_stm32f10x_hd.o(.text))
<BR>[Address Reference Count : 1]<UL><LI> startup_stm32f10x_hd.o(RESET)
</UL>
<P><STRONG><a name="[48]"></a>DMA2_Channel4_5_IRQHandler</STRONG> (Thumb, 0 bytes, Stack size 0 bytes, startup_stm32f10x_hd.o(.text))
<BR>[Address Reference Count : 1]<UL><LI> startup_stm32f10x_hd.o(RESET)
</UL>
<P><STRONG><a name="[35]"></a>EXTI15_10_IRQHandler</STRONG> (Thumb, 0 bytes, Stack size 0 bytes, startup_stm32f10x_hd.o(.text))
<BR>[Address Reference Count : 1]<UL><LI> startup_stm32f10x_hd.o(RESET)
</UL>
<P><STRONG><a name="[15]"></a>EXTI2_IRQHandler</STRONG> (Thumb, 0 bytes, Stack size 0 bytes, startup_stm32f10x_hd.o(.text))
<BR>[Address Reference Count : 1]<UL><LI> startup_stm32f10x_hd.o(RESET)
</UL>
<P><STRONG><a name="[16]"></a>EXTI3_IRQHandler</STRONG> (Thumb, 0 bytes, Stack size 0 bytes, startup_stm32f10x_hd.o(.text))
<BR>[Address Reference Count : 1]<UL><LI> startup_stm32f10x_hd.o(RESET)
</UL>
<P><STRONG><a name="[24]"></a>EXTI9_5_IRQHandler</STRONG> (Thumb, 0 bytes, Stack size 0 bytes, startup_stm32f10x_hd.o(.text))
<BR>[Address Reference Count : 1]<UL><LI> startup_stm32f10x_hd.o(RESET)
</UL>
<P><STRONG><a name="[11]"></a>FLASH_IRQHandler</STRONG> (Thumb, 0 bytes, Stack size 0 bytes, startup_stm32f10x_hd.o(.text))
<BR>[Address Reference Count : 1]<UL><LI> startup_stm32f10x_hd.o(RESET)
</UL>
<P><STRONG><a name="[3d]"></a>FSMC_IRQHandler</STRONG> (Thumb, 0 bytes, Stack size 0 bytes, startup_stm32f10x_hd.o(.text))
<BR>[Address Reference Count : 1]<UL><LI> startup_stm32f10x_hd.o(RESET)
</UL>
<P><STRONG><a name="[2d]"></a>I2C1_ER_IRQHandler</STRONG> (Thumb, 0 bytes, Stack size 0 bytes, startup_stm32f10x_hd.o(.text))
<BR>[Address Reference Count : 1]<UL><LI> startup_stm32f10x_hd.o(RESET)
</UL>
<P><STRONG><a name="[2c]"></a>I2C1_EV_IRQHandler</STRONG> (Thumb, 0 bytes, Stack size 0 bytes, startup_stm32f10x_hd.o(.text))
<BR>[Address Reference Count : 1]<UL><LI> startup_stm32f10x_hd.o(RESET)
</UL>
<P><STRONG><a name="[2f]"></a>I2C2_ER_IRQHandler</STRONG> (Thumb, 0 bytes, Stack size 0 bytes, startup_stm32f10x_hd.o(.text))
<BR>[Address Reference Count : 1]<UL><LI> startup_stm32f10x_hd.o(RESET)
</UL>
<P><STRONG><a name="[2e]"></a>I2C2_EV_IRQHandler</STRONG> (Thumb, 0 bytes, Stack size 0 bytes, startup_stm32f10x_hd.o(.text))
<BR>[Address Reference Count : 1]<UL><LI> startup_stm32f10x_hd.o(RESET)
</UL>
<P><STRONG><a name="[e]"></a>PVD_IRQHandler</STRONG> (Thumb, 0 bytes, Stack size 0 bytes, startup_stm32f10x_hd.o(.text))
<BR>[Address Reference Count : 1]<UL><LI> startup_stm32f10x_hd.o(RESET)
</UL>
<P><STRONG><a name="[12]"></a>RCC_IRQHandler</STRONG> (Thumb, 0 bytes, Stack size 0 bytes, startup_stm32f10x_hd.o(.text))
<BR>[Address Reference Count : 1]<UL><LI> startup_stm32f10x_hd.o(RESET)
</UL>
<P><STRONG><a name="[36]"></a>RTCAlarm_IRQHandler</STRONG> (Thumb, 0 bytes, Stack size 0 bytes, startup_stm32f10x_hd.o(.text))
<BR>[Address Reference Count : 1]<UL><LI> startup_stm32f10x_hd.o(RESET)
</UL>
<P><STRONG><a name="[10]"></a>RTC_IRQHandler</STRONG> (Thumb, 0 bytes, Stack size 0 bytes, startup_stm32f10x_hd.o(.text))
<BR>[Address Reference Count : 1]<UL><LI> startup_stm32f10x_hd.o(RESET)
</UL>
<P><STRONG><a name="[3e]"></a>SDIO_IRQHandler</STRONG> (Thumb, 0 bytes, Stack size 0 bytes, startup_stm32f10x_hd.o(.text))
<BR>[Address Reference Count : 1]<UL><LI> startup_stm32f10x_hd.o(RESET)
</UL>
<P><STRONG><a name="[30]"></a>SPI1_IRQHandler</STRONG> (Thumb, 0 bytes, Stack size 0 bytes, startup_stm32f10x_hd.o(.text))
<BR>[Address Reference Count : 1]<UL><LI> startup_stm32f10x_hd.o(RESET)
</UL>
<P><STRONG><a name="[31]"></a>SPI2_IRQHandler</STRONG> (Thumb, 0 bytes, Stack size 0 bytes, startup_stm32f10x_hd.o(.text))
<BR>[Address Reference Count : 1]<UL><LI> startup_stm32f10x_hd.o(RESET)
</UL>
<P><STRONG><a name="[40]"></a>SPI3_IRQHandler</STRONG> (Thumb, 0 bytes, Stack size 0 bytes, startup_stm32f10x_hd.o(.text))
<BR>[Address Reference Count : 1]<UL><LI> startup_stm32f10x_hd.o(RESET)
</UL>
<P><STRONG><a name="[f]"></a>TAMPER_IRQHandler</STRONG> (Thumb, 0 bytes, Stack size 0 bytes, startup_stm32f10x_hd.o(.text))
<BR>[Address Reference Count : 1]<UL><LI> startup_stm32f10x_hd.o(RESET)
</UL>
<P><STRONG><a name="[25]"></a>TIM1_BRK_IRQHandler</STRONG> (Thumb, 0 bytes, Stack size 0 bytes, startup_stm32f10x_hd.o(.text))
<BR>[Address Reference Count : 1]<UL><LI> startup_stm32f10x_hd.o(RESET)
</UL>
<P><STRONG><a name="[28]"></a>TIM1_CC_IRQHandler</STRONG> (Thumb, 0 bytes, Stack size 0 bytes, startup_stm32f10x_hd.o(.text))
<BR>[Address Reference Count : 1]<UL><LI> startup_stm32f10x_hd.o(RESET)
</UL>
<P><STRONG><a name="[27]"></a>TIM1_TRG_COM_IRQHandler</STRONG> (Thumb, 0 bytes, Stack size 0 bytes, startup_stm32f10x_hd.o(.text))
<BR>[Address Reference Count : 1]<UL><LI> startup_stm32f10x_hd.o(RESET)
</UL>
<P><STRONG><a name="[26]"></a>TIM1_UP_IRQHandler</STRONG> (Thumb, 0 bytes, Stack size 0 bytes, startup_stm32f10x_hd.o(.text))
<BR>[Address Reference Count : 1]<UL><LI> startup_stm32f10x_hd.o(RESET)
</UL>
<P><STRONG><a name="[2a]"></a>TIM3_IRQHandler</STRONG> (Thumb, 0 bytes, Stack size 0 bytes, startup_stm32f10x_hd.o(.text))
<BR>[Address Reference Count : 1]<UL><LI> startup_stm32f10x_hd.o(RESET)
</UL>
<P><STRONG><a name="[3f]"></a>TIM5_IRQHandler</STRONG> (Thumb, 0 bytes, Stack size 0 bytes, startup_stm32f10x_hd.o(.text))
<BR>[Address Reference Count : 1]<UL><LI> startup_stm32f10x_hd.o(RESET)
</UL>
<P><STRONG><a name="[38]"></a>TIM8_BRK_IRQHandler</STRONG> (Thumb, 0 bytes, Stack size 0 bytes, startup_stm32f10x_hd.o(.text))
<BR>[Address Reference Count : 1]<UL><LI> startup_stm32f10x_hd.o(RESET)
</UL>
<P><STRONG><a name="[3b]"></a>TIM8_CC_IRQHandler</STRONG> (Thumb, 0 bytes, Stack size 0 bytes, startup_stm32f10x_hd.o(.text))
<BR>[Address Reference Count : 1]<UL><LI> startup_stm32f10x_hd.o(RESET)
</UL>
<P><STRONG><a name="[3a]"></a>TIM8_TRG_COM_IRQHandler</STRONG> (Thumb, 0 bytes, Stack size 0 bytes, startup_stm32f10x_hd.o(.text))
<BR>[Address Reference Count : 1]<UL><LI> startup_stm32f10x_hd.o(RESET)
</UL>
<P><STRONG><a name="[39]"></a>TIM8_UP_IRQHandler</STRONG> (Thumb, 0 bytes, Stack size 0 bytes, startup_stm32f10x_hd.o(.text))
<BR>[Address Reference Count : 1]<UL><LI> startup_stm32f10x_hd.o(RESET)
</UL>
<P><STRONG><a name="[41]"></a>UART4_IRQHandler</STRONG> (Thumb, 0 bytes, Stack size 0 bytes, startup_stm32f10x_hd.o(.text))
<BR>[Address Reference Count : 1]<UL><LI> startup_stm32f10x_hd.o(RESET)
</UL>
<P><STRONG><a name="[42]"></a>UART5_IRQHandler</STRONG> (Thumb, 0 bytes, Stack size 0 bytes, startup_stm32f10x_hd.o(.text))
<BR>[Address Reference Count : 1]<UL><LI> startup_stm32f10x_hd.o(RESET)
</UL>
<P><STRONG><a name="[32]"></a>USART1_IRQHandler</STRONG> (Thumb, 0 bytes, Stack size 0 bytes, startup_stm32f10x_hd.o(.text))
<BR>[Address Reference Count : 1]<UL><LI> startup_stm32f10x_hd.o(RESET)
</UL>
<P><STRONG><a name="[37]"></a>USBWakeUp_IRQHandler</STRONG> (Thumb, 0 bytes, Stack size 0 bytes, startup_stm32f10x_hd.o(.text))
<BR>[Address Reference Count : 1]<UL><LI> startup_stm32f10x_hd.o(RESET)
</UL>
<P><STRONG><a name="[20]"></a>USB_HP_CAN1_TX_IRQHandler</STRONG> (Thumb, 0 bytes, Stack size 0 bytes, startup_stm32f10x_hd.o(.text))
<BR>[Address Reference Count : 1]<UL><LI> startup_stm32f10x_hd.o(RESET)
</UL>
<P><STRONG><a name="[21]"></a>USB_LP_CAN1_RX0_IRQHandler</STRONG> (Thumb, 0 bytes, Stack size 0 bytes, startup_stm32f10x_hd.o(.text))
<BR>[Address Reference Count : 1]<UL><LI> startup_stm32f10x_hd.o(RESET)
</UL>
<P><STRONG><a name="[d]"></a>WWDG_IRQHandler</STRONG> (Thumb, 0 bytes, Stack size 0 bytes, startup_stm32f10x_hd.o(.text))
<BR>[Address Reference Count : 1]<UL><LI> startup_stm32f10x_hd.o(RESET)
</UL>
<P><STRONG><a name="[5c]"></a>__user_initial_stackheap</STRONG> (Thumb, 0 bytes, Stack size unknown bytes, startup_stm32f10x_hd.o(.text))
<BR><BR>[Called By]<UL><LI><a href="#[51]">&gt;&gt;</a>&nbsp;&nbsp;&nbsp;__user_setup_stackheap
</UL>

<P><STRONG><a name="[127]"></a>__use_two_region_memory</STRONG> (Thumb, 2 bytes, Stack size 0 bytes, heapauxi.o(.text), UNUSED)

<P><STRONG><a name="[128]"></a>__rt_heap_escrow$2region</STRONG> (Thumb, 2 bytes, Stack size 0 bytes, heapauxi.o(.text), UNUSED)

<P><STRONG><a name="[129]"></a>__rt_heap_expand$2region</STRONG> (Thumb, 2 bytes, Stack size 0 bytes, heapauxi.o(.text), UNUSED)

<P><STRONG><a name="[51]"></a>__user_setup_stackheap</STRONG> (Thumb, 74 bytes, Stack size 8 bytes, sys_stackheap_outer.o(.text))
<BR><BR>[Stack]<UL><LI>Max Depth = 8 + Unknown Stack Size
<LI>Call Chain = __user_setup_stackheap
</UL>
<BR>[Calls]<UL><LI><a href="#[5b]">&gt;&gt;</a>&nbsp;&nbsp;&nbsp;__user_perproc_libspace
<LI><a href="#[5c]">&gt;&gt;</a>&nbsp;&nbsp;&nbsp;__user_initial_stackheap
</UL>
<BR>[Called By]<UL><LI><a href="#[50]">&gt;&gt;</a>&nbsp;&nbsp;&nbsp;__rt_entry_sh
</UL>

<P><STRONG><a name="[56]"></a>exit</STRONG> (Thumb, 18 bytes, Stack size 8 bytes, exit.o(.text))
<BR><BR>[Stack]<UL><LI>Max Depth = 8 + Unknown Stack Size
<LI>Call Chain = exit
</UL>
<BR>[Calls]<UL><LI><a href="#[5d]">&gt;&gt;</a>&nbsp;&nbsp;&nbsp;__rt_exit
</UL>
<BR>[Called By]<UL><LI><a href="#[54]">&gt;&gt;</a>&nbsp;&nbsp;&nbsp;__rt_entry_main
</UL>

<P><STRONG><a name="[12a]"></a>__user_libspace</STRONG> (Thumb, 8 bytes, Stack size 0 bytes, libspace.o(.text), UNUSED)

<P><STRONG><a name="[5b]"></a>__user_perproc_libspace</STRONG> (Thumb, 0 bytes, Stack size 0 bytes, libspace.o(.text))
<BR><BR>[Called By]<UL><LI><a href="#[51]">&gt;&gt;</a>&nbsp;&nbsp;&nbsp;__user_setup_stackheap
</UL>

<P><STRONG><a name="[12b]"></a>__user_perthread_libspace</STRONG> (Thumb, 0 bytes, Stack size 0 bytes, libspace.o(.text), UNUSED)

<P><STRONG><a name="[5a]"></a>_sys_exit</STRONG> (Thumb, 8 bytes, Stack size 0 bytes, sys_exit.o(.text))
<BR><BR>[Called By]<UL><LI><a href="#[59]">&gt;&gt;</a>&nbsp;&nbsp;&nbsp;__rt_exit_exit
</UL>

<P><STRONG><a name="[12c]"></a>__I$use$semihosting</STRONG> (Thumb, 0 bytes, Stack size 0 bytes, use_no_semi.o(.text), UNUSED)

<P><STRONG><a name="[12d]"></a>__use_no_semihosting_swi</STRONG> (Thumb, 2 bytes, Stack size 0 bytes, use_no_semi.o(.text), UNUSED)

<P><STRONG><a name="[12e]"></a>__semihosting_library_function</STRONG> (Thumb, 0 bytes, Stack size unknown bytes, indicate_semi.o(.text), UNUSED)

<P><STRONG><a name="[5e]"></a>AT24C64_Power_On</STRONG> (Thumb, 50 bytes, Stack size 8 bytes, at24c64.o(i.AT24C64_Power_On))
<BR><BR>[Stack]<UL><LI>Max Depth = 32<LI>Call Chain = AT24C64_Power_On &rArr; GPIO_Init
</UL>
<BR>[Calls]<UL><LI><a href="#[61]">&gt;&gt;</a>&nbsp;&nbsp;&nbsp;GPIO_SetBits
<LI><a href="#[5f]">&gt;&gt;</a>&nbsp;&nbsp;&nbsp;RCC_APB2PeriphClockCmd
<LI><a href="#[60]">&gt;&gt;</a>&nbsp;&nbsp;&nbsp;GPIO_Init
</UL>
<BR>[Called By]<UL><LI><a href="#[e4]">&gt;&gt;</a>&nbsp;&nbsp;&nbsp;System_Init
</UL>

<P><STRONG><a name="[62]"></a>AT24C64_Read_Byte</STRONG> (Thumb, 82 bytes, Stack size 24 bytes, at24c64.o(i.AT24C64_Read_Byte))
<BR><BR>[Stack]<UL><LI>Max Depth = 72<LI>Call Chain = AT24C64_Read_Byte &rArr; I2C1_Write_Byte &rArr; I2C1_SDA_OUT &rArr; GPIO_Init
</UL>
<BR>[Calls]<UL><LI><a href="#[64]">&gt;&gt;</a>&nbsp;&nbsp;&nbsp;I2C1_Write_Byte
<LI><a href="#[65]">&gt;&gt;</a>&nbsp;&nbsp;&nbsp;I2C1_WaitAck
<LI><a href="#[67]">&gt;&gt;</a>&nbsp;&nbsp;&nbsp;I2C1_Stop
<LI><a href="#[63]">&gt;&gt;</a>&nbsp;&nbsp;&nbsp;I2C1_Start
<LI><a href="#[66]">&gt;&gt;</a>&nbsp;&nbsp;&nbsp;I2C1_Read_Byte
</UL>
<BR>[Called By]<UL><LI><a href="#[7a]">&gt;&gt;</a>&nbsp;&nbsp;&nbsp;Game_Status_Read
<LI><a href="#[9a]">&gt;&gt;</a>&nbsp;&nbsp;&nbsp;Game_Status_Value_Init
</UL>

<P><STRONG><a name="[68]"></a>AT24C64_Write_Byte</STRONG> (Thumb, 76 bytes, Stack size 24 bytes, at24c64.o(i.AT24C64_Write_Byte))
<BR><BR>[Stack]<UL><LI>Max Depth = 72<LI>Call Chain = AT24C64_Write_Byte &rArr; I2C1_Write_Byte &rArr; I2C1_SDA_OUT &rArr; GPIO_Init
</UL>
<BR>[Calls]<UL><LI><a href="#[69]">&gt;&gt;</a>&nbsp;&nbsp;&nbsp;Delay_72M_Ms
<LI><a href="#[64]">&gt;&gt;</a>&nbsp;&nbsp;&nbsp;I2C1_Write_Byte
<LI><a href="#[65]">&gt;&gt;</a>&nbsp;&nbsp;&nbsp;I2C1_WaitAck
<LI><a href="#[67]">&gt;&gt;</a>&nbsp;&nbsp;&nbsp;I2C1_Stop
<LI><a href="#[63]">&gt;&gt;</a>&nbsp;&nbsp;&nbsp;I2C1_Start
</UL>
<BR>[Called By]<UL><LI><a href="#[79]">&gt;&gt;</a>&nbsp;&nbsp;&nbsp;Game_Status_Save
<LI><a href="#[a7]">&gt;&gt;</a>&nbsp;&nbsp;&nbsp;Leyaoyao_Check_Receive
<LI><a href="#[9a]">&gt;&gt;</a>&nbsp;&nbsp;&nbsp;Game_Status_Value_Init
<LI><a href="#[ee]">&gt;&gt;</a>&nbsp;&nbsp;&nbsp;System_Setting_Key_Factory
</UL>

<P><STRONG><a name="[7]"></a>BusFault_Handler</STRONG> (Thumb, 4 bytes, Stack size 0 bytes, stm32f10x_it.o(i.BusFault_Handler))
<BR>[Address Reference Count : 1]<UL><LI> startup_stm32f10x_hd.o(RESET)
</UL>
<P><STRONG><a name="[6a]"></a>Check_Coin_Status</STRONG> (Thumb, 172 bytes, Stack size 8 bytes, game.o(i.Check_Coin_Status))
<BR><BR>[Stack]<UL><LI>Max Depth = 112<LI>Call Chain = Check_Coin_Status &rArr; Leyaoyao_Retrun_Add_Coins &rArr; USART1_Send_Hex &rArr; USART1_Send_String &rArr; USART1_Send_Byte
</UL>
<BR>[Calls]<UL><LI><a href="#[6e]">&gt;&gt;</a>&nbsp;&nbsp;&nbsp;Leyaoyao_Retrun_Add_Coins
<LI><a href="#[6c]">&gt;&gt;</a>&nbsp;&nbsp;&nbsp;Game_Insert_Coin_Disable
<LI><a href="#[6b]">&gt;&gt;</a>&nbsp;&nbsp;&nbsp;GPIO_ReadInputDataBit
<LI><a href="#[6d]">&gt;&gt;</a>&nbsp;&nbsp;&nbsp;Coin_Insert_Add
<LI><a href="#[69]">&gt;&gt;</a>&nbsp;&nbsp;&nbsp;Delay_72M_Ms
</UL>
<BR>[Called By]<UL><LI><a href="#[55]">&gt;&gt;</a>&nbsp;&nbsp;&nbsp;main
</UL>

<P><STRONG><a name="[6f]"></a>Check_Game_Time_Out</STRONG> (Thumb, 138 bytes, Stack size 8 bytes, game.o(i.Check_Game_Time_Out))
<BR><BR>[Stack]<UL><LI>Max Depth = 96<LI>Call Chain = Check_Game_Time_Out &rArr; Game_Egg_Out &rArr; Game_Status_Save &rArr; AT24C64_Write_Byte &rArr; I2C1_Write_Byte &rArr; I2C1_SDA_OUT &rArr; GPIO_Init
</UL>
<BR>[Calls]<UL><LI><a href="#[70]">&gt;&gt;</a>&nbsp;&nbsp;&nbsp;VOICE_Check_Busy
<LI><a href="#[72]">&gt;&gt;</a>&nbsp;&nbsp;&nbsp;Game_Egg_Out
<LI><a href="#[71]">&gt;&gt;</a>&nbsp;&nbsp;&nbsp;VOICE_Play
<LI><a href="#[69]">&gt;&gt;</a>&nbsp;&nbsp;&nbsp;Delay_72M_Ms
</UL>
<BR>[Called By]<UL><LI><a href="#[55]">&gt;&gt;</a>&nbsp;&nbsp;&nbsp;main
</UL>

<P><STRONG><a name="[73]"></a>Check_Light_Eye_Status</STRONG> (Thumb, 12 bytes, Stack size 8 bytes, light_eye.o(i.Check_Light_Eye_Status))
<BR><BR>[Stack]<UL><LI>Max Depth = 48<LI>Call Chain = Check_Light_Eye_Status &rArr; sub_Check_Light_Eye_2 &rArr; Voice_Play_Stop &rArr; VOICE_Play &rArr; VOICE_Out_Pins_Enable
</UL>
<BR>[Calls]<UL><LI><a href="#[74]">&gt;&gt;</a>&nbsp;&nbsp;&nbsp;sub_Check_Light_Eye_2
<LI><a href="#[75]">&gt;&gt;</a>&nbsp;&nbsp;&nbsp;sub_Check_Light_Eye_1
</UL>
<BR>[Called By]<UL><LI><a href="#[55]">&gt;&gt;</a>&nbsp;&nbsp;&nbsp;main
</UL>

<P><STRONG><a name="[76]"></a>Check_Switch_Key_Status</STRONG> (Thumb, 190 bytes, Stack size 8 bytes, switch_key.o(i.Check_Switch_Key_Status))
<BR><BR>[Stack]<UL><LI>Max Depth = 96<LI>Call Chain = Check_Switch_Key_Status &rArr; Game_Egg_Out &rArr; Game_Status_Save &rArr; AT24C64_Write_Byte &rArr; I2C1_Write_Byte &rArr; I2C1_SDA_OUT &rArr; GPIO_Init
</UL>
<BR>[Calls]<UL><LI><a href="#[70]">&gt;&gt;</a>&nbsp;&nbsp;&nbsp;VOICE_Check_Busy
<LI><a href="#[72]">&gt;&gt;</a>&nbsp;&nbsp;&nbsp;Game_Egg_Out
<LI><a href="#[71]">&gt;&gt;</a>&nbsp;&nbsp;&nbsp;VOICE_Play
<LI><a href="#[78]">&gt;&gt;</a>&nbsp;&nbsp;&nbsp;USART1_Send_String
<LI><a href="#[77]">&gt;&gt;</a>&nbsp;&nbsp;&nbsp;ucGetSwitchKeyStatus
</UL>
<BR>[Called By]<UL><LI><a href="#[55]">&gt;&gt;</a>&nbsp;&nbsp;&nbsp;main
</UL>

<P><STRONG><a name="[6d]"></a>Coin_Insert_Add</STRONG> (Thumb, 206 bytes, Stack size 8 bytes, game.o(i.Coin_Insert_Add))
<BR><BR>[Stack]<UL><LI>Max Depth = 104<LI>Call Chain = Coin_Insert_Add &rArr; System_Setting_Count &rArr; Game_Status_Read &rArr; AT24C64_Read_Byte &rArr; I2C1_Write_Byte &rArr; I2C1_SDA_OUT &rArr; GPIO_Init
</UL>
<BR>[Calls]<UL><LI><a href="#[7b]">&gt;&gt;</a>&nbsp;&nbsp;&nbsp;System_Setting_Count
<LI><a href="#[7c]">&gt;&gt;</a>&nbsp;&nbsp;&nbsp;System_Send_Return_Status
<LI><a href="#[79]">&gt;&gt;</a>&nbsp;&nbsp;&nbsp;Game_Status_Save
<LI><a href="#[7a]">&gt;&gt;</a>&nbsp;&nbsp;&nbsp;Game_Status_Read
<LI><a href="#[71]">&gt;&gt;</a>&nbsp;&nbsp;&nbsp;VOICE_Play
</UL>
<BR>[Called By]<UL><LI><a href="#[d9]">&gt;&gt;</a>&nbsp;&nbsp;&nbsp;System_Check_Receive
<LI><a href="#[6a]">&gt;&gt;</a>&nbsp;&nbsp;&nbsp;Check_Coin_Status
</UL>

<P><STRONG><a name="[7d]"></a>Coin_Pin_Init</STRONG> (Thumb, 32 bytes, Stack size 8 bytes, key.o(i.Coin_Pin_Init))
<BR><BR>[Stack]<UL><LI>Max Depth = 32<LI>Call Chain = Coin_Pin_Init &rArr; GPIO_Init
</UL>
<BR>[Calls]<UL><LI><a href="#[5f]">&gt;&gt;</a>&nbsp;&nbsp;&nbsp;RCC_APB2PeriphClockCmd
<LI><a href="#[60]">&gt;&gt;</a>&nbsp;&nbsp;&nbsp;GPIO_Init
</UL>
<BR>[Called By]<UL><LI><a href="#[e4]">&gt;&gt;</a>&nbsp;&nbsp;&nbsp;System_Init
</UL>

<P><STRONG><a name="[7e]"></a>DIGITAL_TUBE_SDA_IN</STRONG> (Thumb, 38 bytes, Stack size 8 bytes, digital_tube.o(i.DIGITAL_TUBE_SDA_IN))
<BR><BR>[Stack]<UL><LI>Max Depth = 32<LI>Call Chain = DIGITAL_TUBE_SDA_IN &rArr; GPIO_Init
</UL>
<BR>[Calls]<UL><LI><a href="#[5f]">&gt;&gt;</a>&nbsp;&nbsp;&nbsp;RCC_APB2PeriphClockCmd
<LI><a href="#[60]">&gt;&gt;</a>&nbsp;&nbsp;&nbsp;GPIO_Init
</UL>
<BR>[Called By]<UL><LI><a href="#[84]">&gt;&gt;</a>&nbsp;&nbsp;&nbsp;DIGITAL_TUBE_WaitAck
</UL>

<P><STRONG><a name="[7f]"></a>DIGITAL_TUBE_SDA_OUT</STRONG> (Thumb, 38 bytes, Stack size 8 bytes, digital_tube.o(i.DIGITAL_TUBE_SDA_OUT))
<BR><BR>[Stack]<UL><LI>Max Depth = 32<LI>Call Chain = DIGITAL_TUBE_SDA_OUT &rArr; GPIO_Init
</UL>
<BR>[Calls]<UL><LI><a href="#[5f]">&gt;&gt;</a>&nbsp;&nbsp;&nbsp;RCC_APB2PeriphClockCmd
<LI><a href="#[60]">&gt;&gt;</a>&nbsp;&nbsp;&nbsp;GPIO_Init
</UL>
<BR>[Called By]<UL><LI><a href="#[85]">&gt;&gt;</a>&nbsp;&nbsp;&nbsp;DIGITAL_TUBE_Write_Byte
<LI><a href="#[83]">&gt;&gt;</a>&nbsp;&nbsp;&nbsp;DIGITAL_TUBE_Stop
<LI><a href="#[80]">&gt;&gt;</a>&nbsp;&nbsp;&nbsp;DIGITAL_TUBE_Start
</UL>

<P><STRONG><a name="[80]"></a>DIGITAL_TUBE_Start</STRONG> (Thumb, 50 bytes, Stack size 8 bytes, digital_tube.o(i.DIGITAL_TUBE_Start))
<BR><BR>[Stack]<UL><LI>Max Depth = 40<LI>Call Chain = DIGITAL_TUBE_Start &rArr; DIGITAL_TUBE_SDA_OUT &rArr; GPIO_Init
</UL>
<BR>[Calls]<UL><LI><a href="#[61]">&gt;&gt;</a>&nbsp;&nbsp;&nbsp;GPIO_SetBits
<LI><a href="#[81]">&gt;&gt;</a>&nbsp;&nbsp;&nbsp;Delay_72M_Us
<LI><a href="#[82]">&gt;&gt;</a>&nbsp;&nbsp;&nbsp;GPIO_ResetBits
<LI><a href="#[7f]">&gt;&gt;</a>&nbsp;&nbsp;&nbsp;DIGITAL_TUBE_SDA_OUT
</UL>
<BR>[Called By]<UL><LI><a href="#[88]">&gt;&gt;</a>&nbsp;&nbsp;&nbsp;Write_DATA
</UL>

<P><STRONG><a name="[83]"></a>DIGITAL_TUBE_Stop</STRONG> (Thumb, 58 bytes, Stack size 8 bytes, digital_tube.o(i.DIGITAL_TUBE_Stop))
<BR><BR>[Stack]<UL><LI>Max Depth = 40<LI>Call Chain = DIGITAL_TUBE_Stop &rArr; DIGITAL_TUBE_SDA_OUT &rArr; GPIO_Init
</UL>
<BR>[Calls]<UL><LI><a href="#[61]">&gt;&gt;</a>&nbsp;&nbsp;&nbsp;GPIO_SetBits
<LI><a href="#[81]">&gt;&gt;</a>&nbsp;&nbsp;&nbsp;Delay_72M_Us
<LI><a href="#[82]">&gt;&gt;</a>&nbsp;&nbsp;&nbsp;GPIO_ResetBits
<LI><a href="#[7f]">&gt;&gt;</a>&nbsp;&nbsp;&nbsp;DIGITAL_TUBE_SDA_OUT
</UL>
<BR>[Called By]<UL><LI><a href="#[88]">&gt;&gt;</a>&nbsp;&nbsp;&nbsp;Write_DATA
</UL>

<P><STRONG><a name="[84]"></a>DIGITAL_TUBE_WaitAck</STRONG> (Thumb, 62 bytes, Stack size 8 bytes, digital_tube.o(i.DIGITAL_TUBE_WaitAck))
<BR><BR>[Stack]<UL><LI>Max Depth = 40<LI>Call Chain = DIGITAL_TUBE_WaitAck &rArr; DIGITAL_TUBE_SDA_IN &rArr; GPIO_Init
</UL>
<BR>[Calls]<UL><LI><a href="#[61]">&gt;&gt;</a>&nbsp;&nbsp;&nbsp;GPIO_SetBits
<LI><a href="#[6b]">&gt;&gt;</a>&nbsp;&nbsp;&nbsp;GPIO_ReadInputDataBit
<LI><a href="#[81]">&gt;&gt;</a>&nbsp;&nbsp;&nbsp;Delay_72M_Us
<LI><a href="#[82]">&gt;&gt;</a>&nbsp;&nbsp;&nbsp;GPIO_ResetBits
<LI><a href="#[7e]">&gt;&gt;</a>&nbsp;&nbsp;&nbsp;DIGITAL_TUBE_SDA_IN
</UL>
<BR>[Called By]<UL><LI><a href="#[88]">&gt;&gt;</a>&nbsp;&nbsp;&nbsp;Write_DATA
</UL>

<P><STRONG><a name="[85]"></a>DIGITAL_TUBE_Write_Byte</STRONG> (Thumb, 100 bytes, Stack size 16 bytes, digital_tube.o(i.DIGITAL_TUBE_Write_Byte))
<BR><BR>[Stack]<UL><LI>Max Depth = 48<LI>Call Chain = DIGITAL_TUBE_Write_Byte &rArr; DIGITAL_TUBE_SDA_OUT &rArr; GPIO_Init
</UL>
<BR>[Calls]<UL><LI><a href="#[61]">&gt;&gt;</a>&nbsp;&nbsp;&nbsp;GPIO_SetBits
<LI><a href="#[81]">&gt;&gt;</a>&nbsp;&nbsp;&nbsp;Delay_72M_Us
<LI><a href="#[82]">&gt;&gt;</a>&nbsp;&nbsp;&nbsp;GPIO_ResetBits
<LI><a href="#[7f]">&gt;&gt;</a>&nbsp;&nbsp;&nbsp;DIGITAL_TUBE_SDA_OUT
</UL>
<BR>[Called By]<UL><LI><a href="#[88]">&gt;&gt;</a>&nbsp;&nbsp;&nbsp;Write_DATA
</UL>

<P><STRONG><a name="[a]"></a>DebugMon_Handler</STRONG> (Thumb, 2 bytes, Stack size 0 bytes, stm32f10x_it.o(i.DebugMon_Handler))
<BR>[Address Reference Count : 1]<UL><LI> startup_stm32f10x_hd.o(RESET)
</UL>
<P><STRONG><a name="[69]"></a>Delay_72M_Ms</STRONG> (Thumb, 24 bytes, Stack size 0 bytes, delay.o(i.Delay_72M_Ms))
<BR><BR>[Called By]<UL><LI><a href="#[74]">&gt;&gt;</a>&nbsp;&nbsp;&nbsp;sub_Check_Light_Eye_2
<LI><a href="#[75]">&gt;&gt;</a>&nbsp;&nbsp;&nbsp;sub_Check_Light_Eye_1
<LI><a href="#[92]">&gt;&gt;</a>&nbsp;&nbsp;&nbsp;leyaoyao_return_yun_coins_pay_jieguo
<LI><a href="#[79]">&gt;&gt;</a>&nbsp;&nbsp;&nbsp;Game_Status_Save
<LI><a href="#[90]">&gt;&gt;</a>&nbsp;&nbsp;&nbsp;Game_Egg_Out_Stop
<LI><a href="#[71]">&gt;&gt;</a>&nbsp;&nbsp;&nbsp;VOICE_Play
<LI><a href="#[d9]">&gt;&gt;</a>&nbsp;&nbsp;&nbsp;System_Check_Receive
<LI><a href="#[d8]">&gt;&gt;</a>&nbsp;&nbsp;&nbsp;System_Buffer_Clean
<LI><a href="#[a7]">&gt;&gt;</a>&nbsp;&nbsp;&nbsp;Leyaoyao_Check_Receive
<LI><a href="#[a6]">&gt;&gt;</a>&nbsp;&nbsp;&nbsp;Leyaoyao_Buffer_Clean
<LI><a href="#[6f]">&gt;&gt;</a>&nbsp;&nbsp;&nbsp;Check_Game_Time_Out
<LI><a href="#[6a]">&gt;&gt;</a>&nbsp;&nbsp;&nbsp;Check_Coin_Status
<LI><a href="#[68]">&gt;&gt;</a>&nbsp;&nbsp;&nbsp;AT24C64_Write_Byte
<LI><a href="#[ee]">&gt;&gt;</a>&nbsp;&nbsp;&nbsp;System_Setting_Key_Factory
<LI><a href="#[e4]">&gt;&gt;</a>&nbsp;&nbsp;&nbsp;System_Init
<LI><a href="#[aa]">&gt;&gt;</a>&nbsp;&nbsp;&nbsp;leyaoyao_test_connect
<LI><a href="#[b3]">&gt;&gt;</a>&nbsp;&nbsp;&nbsp;leyaoyao_return_yun_coins_pay
<LI><a href="#[b1]">&gt;&gt;</a>&nbsp;&nbsp;&nbsp;leyaoyao_return_pay_field
<LI><a href="#[b2]">&gt;&gt;</a>&nbsp;&nbsp;&nbsp;leyaoyao_return_pay
<LI><a href="#[a8]">&gt;&gt;</a>&nbsp;&nbsp;&nbsp;__Debug_Send_Leyaoyao_Recevie_Buffer
<LI><a href="#[f3]">&gt;&gt;</a>&nbsp;&nbsp;&nbsp;USART_485_Disable
</UL>

<P><STRONG><a name="[81]"></a>Delay_72M_Us</STRONG> (Thumb, 22 bytes, Stack size 0 bytes, delay.o(i.Delay_72M_Us))
<BR><BR>[Called By]<UL><LI><a href="#[71]">&gt;&gt;</a>&nbsp;&nbsp;&nbsp;VOICE_Play
<LI><a href="#[64]">&gt;&gt;</a>&nbsp;&nbsp;&nbsp;I2C1_Write_Byte
<LI><a href="#[65]">&gt;&gt;</a>&nbsp;&nbsp;&nbsp;I2C1_WaitAck
<LI><a href="#[67]">&gt;&gt;</a>&nbsp;&nbsp;&nbsp;I2C1_Stop
<LI><a href="#[63]">&gt;&gt;</a>&nbsp;&nbsp;&nbsp;I2C1_Start
<LI><a href="#[66]">&gt;&gt;</a>&nbsp;&nbsp;&nbsp;I2C1_Read_Byte
<LI><a href="#[85]">&gt;&gt;</a>&nbsp;&nbsp;&nbsp;DIGITAL_TUBE_Write_Byte
<LI><a href="#[84]">&gt;&gt;</a>&nbsp;&nbsp;&nbsp;DIGITAL_TUBE_WaitAck
<LI><a href="#[83]">&gt;&gt;</a>&nbsp;&nbsp;&nbsp;DIGITAL_TUBE_Stop
<LI><a href="#[80]">&gt;&gt;</a>&nbsp;&nbsp;&nbsp;DIGITAL_TUBE_Start
</UL>

<P><STRONG><a name="[86]"></a>Digital_Tube_Display</STRONG> (Thumb, 138 bytes, Stack size 16 bytes, digital_tube.o(i.Digital_Tube_Display))
<BR><BR>[Stack]<UL><LI>Max Depth = 80<LI>Call Chain = Digital_Tube_Display &rArr; Write_DATA &rArr; DIGITAL_TUBE_Write_Byte &rArr; DIGITAL_TUBE_SDA_OUT &rArr; GPIO_Init
</UL>
<BR>[Calls]<UL><LI><a href="#[87]">&gt;&gt;</a>&nbsp;&nbsp;&nbsp;ucNumSwitch
<LI><a href="#[88]">&gt;&gt;</a>&nbsp;&nbsp;&nbsp;Write_DATA
</UL>
<BR>[Called By]<UL><LI><a href="#[55]">&gt;&gt;</a>&nbsp;&nbsp;&nbsp;main
<LI><a href="#[e4]">&gt;&gt;</a>&nbsp;&nbsp;&nbsp;System_Init
</UL>

<P><STRONG><a name="[89]"></a>Digital_Tube_Display_Error</STRONG> (Thumb, 36 bytes, Stack size 8 bytes, digital_tube.o(i.Digital_Tube_Display_Error))
<BR><BR>[Stack]<UL><LI>Max Depth = 72<LI>Call Chain = Digital_Tube_Display_Error &rArr; Write_DATA &rArr; DIGITAL_TUBE_Write_Byte &rArr; DIGITAL_TUBE_SDA_OUT &rArr; GPIO_Init
</UL>
<BR>[Calls]<UL><LI><a href="#[88]">&gt;&gt;</a>&nbsp;&nbsp;&nbsp;Write_DATA
</UL>
<BR>[Called By]<UL><LI><a href="#[55]">&gt;&gt;</a>&nbsp;&nbsp;&nbsp;main
</UL>

<P><STRONG><a name="[8a]"></a>Digital_Tube_Init</STRONG> (Thumb, 66 bytes, Stack size 8 bytes, digital_tube.o(i.Digital_Tube_Init))
<BR><BR>[Stack]<UL><LI>Max Depth = 72<LI>Call Chain = Digital_Tube_Init &rArr; Write_DATA &rArr; DIGITAL_TUBE_Write_Byte &rArr; DIGITAL_TUBE_SDA_OUT &rArr; GPIO_Init
</UL>
<BR>[Calls]<UL><LI><a href="#[61]">&gt;&gt;</a>&nbsp;&nbsp;&nbsp;GPIO_SetBits
<LI><a href="#[78]">&gt;&gt;</a>&nbsp;&nbsp;&nbsp;USART1_Send_String
<LI><a href="#[5f]">&gt;&gt;</a>&nbsp;&nbsp;&nbsp;RCC_APB2PeriphClockCmd
<LI><a href="#[60]">&gt;&gt;</a>&nbsp;&nbsp;&nbsp;GPIO_Init
<LI><a href="#[88]">&gt;&gt;</a>&nbsp;&nbsp;&nbsp;Write_DATA
</UL>
<BR>[Called By]<UL><LI><a href="#[e4]">&gt;&gt;</a>&nbsp;&nbsp;&nbsp;System_Init
</UL>

<P><STRONG><a name="[13]"></a>EXTI0_IRQHandler</STRONG> (Thumb, 10 bytes, Stack size 8 bytes, stm32f10x_it.o(i.EXTI0_IRQHandler))
<BR><BR>[Stack]<UL><LI>Max Depth = 8<LI>Call Chain = EXTI0_IRQHandler
</UL>
<BR>[Calls]<UL><LI><a href="#[8b]">&gt;&gt;</a>&nbsp;&nbsp;&nbsp;EXTI_GetITStatus
</UL>
<BR>[Address Reference Count : 1]<UL><LI> startup_stm32f10x_hd.o(RESET)
</UL>
<P><STRONG><a name="[14]"></a>EXTI1_IRQHandler</STRONG> (Thumb, 10 bytes, Stack size 8 bytes, stm32f10x_it.o(i.EXTI1_IRQHandler))
<BR><BR>[Stack]<UL><LI>Max Depth = 8<LI>Call Chain = EXTI1_IRQHandler
</UL>
<BR>[Calls]<UL><LI><a href="#[8b]">&gt;&gt;</a>&nbsp;&nbsp;&nbsp;EXTI_GetITStatus
</UL>
<BR>[Address Reference Count : 1]<UL><LI> startup_stm32f10x_hd.o(RESET)
</UL>
<P><STRONG><a name="[17]"></a>EXTI4_IRQHandler</STRONG> (Thumb, 10 bytes, Stack size 8 bytes, stm32f10x_it.o(i.EXTI4_IRQHandler))
<BR><BR>[Stack]<UL><LI>Max Depth = 8<LI>Call Chain = EXTI4_IRQHandler
</UL>
<BR>[Calls]<UL><LI><a href="#[8b]">&gt;&gt;</a>&nbsp;&nbsp;&nbsp;EXTI_GetITStatus
</UL>
<BR>[Address Reference Count : 1]<UL><LI> startup_stm32f10x_hd.o(RESET)
</UL>
<P><STRONG><a name="[8b]"></a>EXTI_GetITStatus</STRONG> (Thumb, 34 bytes, Stack size 0 bytes, stm32f10x_exti.o(i.EXTI_GetITStatus))
<BR><BR>[Called By]<UL><LI><a href="#[17]">&gt;&gt;</a>&nbsp;&nbsp;&nbsp;EXTI4_IRQHandler
<LI><a href="#[14]">&gt;&gt;</a>&nbsp;&nbsp;&nbsp;EXTI1_IRQHandler
<LI><a href="#[13]">&gt;&gt;</a>&nbsp;&nbsp;&nbsp;EXTI0_IRQHandler
</UL>

<P><STRONG><a name="[be]"></a>FLASH_PrefetchBufferCmd</STRONG> (Thumb, 22 bytes, Stack size 0 bytes, stm32f10x_flash.o(i.FLASH_PrefetchBufferCmd))
<BR><BR>[Called By]<UL><LI><a href="#[ba]">&gt;&gt;</a>&nbsp;&nbsp;&nbsp;RCC_Configuration
</UL>

<P><STRONG><a name="[bf]"></a>FLASH_SetLatency</STRONG> (Thumb, 18 bytes, Stack size 0 bytes, stm32f10x_flash.o(i.FLASH_SetLatency))
<BR><BR>[Called By]<UL><LI><a href="#[ba]">&gt;&gt;</a>&nbsp;&nbsp;&nbsp;RCC_Configuration
</UL>

<P><STRONG><a name="[60]"></a>GPIO_Init</STRONG> (Thumb, 278 bytes, Stack size 24 bytes, stm32f10x_gpio.o(i.GPIO_Init))
<BR><BR>[Stack]<UL><LI>Max Depth = 24<LI>Call Chain = GPIO_Init
</UL>
<BR>[Called By]<UL><LI><a href="#[ea]">&gt;&gt;</a>&nbsp;&nbsp;&nbsp;VOICE_Pins_Init
<LI><a href="#[e5]">&gt;&gt;</a>&nbsp;&nbsp;&nbsp;VOICE_Out_Pins_Init
<LI><a href="#[ed]">&gt;&gt;</a>&nbsp;&nbsp;&nbsp;USART_485_Pins_Init
<LI><a href="#[e8]">&gt;&gt;</a>&nbsp;&nbsp;&nbsp;USART4_Init
<LI><a href="#[e9]">&gt;&gt;</a>&nbsp;&nbsp;&nbsp;USART3_Init
<LI><a href="#[e7]">&gt;&gt;</a>&nbsp;&nbsp;&nbsp;USART2_Init
<LI><a href="#[e6]">&gt;&gt;</a>&nbsp;&nbsp;&nbsp;USART1_Init
<LI><a href="#[d6]">&gt;&gt;</a>&nbsp;&nbsp;&nbsp;Switch_Key_Init
<LI><a href="#[b8]">&gt;&gt;</a>&nbsp;&nbsp;&nbsp;Light2_Pin_Init
<LI><a href="#[b5]">&gt;&gt;</a>&nbsp;&nbsp;&nbsp;Light1_Pin_Init
<LI><a href="#[a5]">&gt;&gt;</a>&nbsp;&nbsp;&nbsp;LED_Gpio_Init
<LI><a href="#[9f]">&gt;&gt;</a>&nbsp;&nbsp;&nbsp;Key_Init
<LI><a href="#[99]">&gt;&gt;</a>&nbsp;&nbsp;&nbsp;Game_Moto_Init
<LI><a href="#[98]">&gt;&gt;</a>&nbsp;&nbsp;&nbsp;Game_Insert_Coin_Enable_Pins_Init
<LI><a href="#[8a]">&gt;&gt;</a>&nbsp;&nbsp;&nbsp;Digital_Tube_Init
<LI><a href="#[7d]">&gt;&gt;</a>&nbsp;&nbsp;&nbsp;Coin_Pin_Init
<LI><a href="#[5e]">&gt;&gt;</a>&nbsp;&nbsp;&nbsp;AT24C64_Power_On
<LI><a href="#[8c]">&gt;&gt;</a>&nbsp;&nbsp;&nbsp;GPIO_Set_All_Pins
<LI><a href="#[9d]">&gt;&gt;</a>&nbsp;&nbsp;&nbsp;I2C1_SDA_OUT
<LI><a href="#[9e]">&gt;&gt;</a>&nbsp;&nbsp;&nbsp;I2C1_SDA_IN
<LI><a href="#[7f]">&gt;&gt;</a>&nbsp;&nbsp;&nbsp;DIGITAL_TUBE_SDA_OUT
<LI><a href="#[7e]">&gt;&gt;</a>&nbsp;&nbsp;&nbsp;DIGITAL_TUBE_SDA_IN
</UL>

<P><STRONG><a name="[d7]"></a>GPIO_PinRemapConfig</STRONG> (Thumb, 138 bytes, Stack size 20 bytes, stm32f10x_gpio.o(i.GPIO_PinRemapConfig))
<BR><BR>[Stack]<UL><LI>Max Depth = 20<LI>Call Chain = GPIO_PinRemapConfig
</UL>
<BR>[Called By]<UL><LI><a href="#[d6]">&gt;&gt;</a>&nbsp;&nbsp;&nbsp;Switch_Key_Init
</UL>

<P><STRONG><a name="[6b]"></a>GPIO_ReadInputDataBit</STRONG> (Thumb, 18 bytes, Stack size 0 bytes, stm32f10x_gpio.o(i.GPIO_ReadInputDataBit))
<BR><BR>[Called By]<UL><LI><a href="#[9c]">&gt;&gt;</a>&nbsp;&nbsp;&nbsp;Get_ADC_2_DATA
<LI><a href="#[9b]">&gt;&gt;</a>&nbsp;&nbsp;&nbsp;Get_ADC_1_DATA
<LI><a href="#[70]">&gt;&gt;</a>&nbsp;&nbsp;&nbsp;VOICE_Check_Busy
<LI><a href="#[db]">&gt;&gt;</a>&nbsp;&nbsp;&nbsp;get_Setting_Key_Status
<LI><a href="#[6a]">&gt;&gt;</a>&nbsp;&nbsp;&nbsp;Check_Coin_Status
<LI><a href="#[65]">&gt;&gt;</a>&nbsp;&nbsp;&nbsp;I2C1_WaitAck
<LI><a href="#[66]">&gt;&gt;</a>&nbsp;&nbsp;&nbsp;I2C1_Read_Byte
<LI><a href="#[84]">&gt;&gt;</a>&nbsp;&nbsp;&nbsp;DIGITAL_TUBE_WaitAck
<LI><a href="#[77]">&gt;&gt;</a>&nbsp;&nbsp;&nbsp;ucGetSwitchKeyStatus
</UL>

<P><STRONG><a name="[82]"></a>GPIO_ResetBits</STRONG> (Thumb, 4 bytes, Stack size 0 bytes, stm32f10x_gpio.o(i.GPIO_ResetBits))
<BR><BR>[Called By]<UL><LI><a href="#[101]">&gt;&gt;</a>&nbsp;&nbsp;&nbsp;VOICE_Out_Pins_Disable
<LI><a href="#[6c]">&gt;&gt;</a>&nbsp;&nbsp;&nbsp;Game_Insert_Coin_Disable
<LI><a href="#[71]">&gt;&gt;</a>&nbsp;&nbsp;&nbsp;VOICE_Play
<LI><a href="#[b6]">&gt;&gt;</a>&nbsp;&nbsp;&nbsp;Light2_Off
<LI><a href="#[ad]">&gt;&gt;</a>&nbsp;&nbsp;&nbsp;Light1_Off
<LI><a href="#[a1]">&gt;&gt;</a>&nbsp;&nbsp;&nbsp;LED_Red_On
<LI><a href="#[a4]">&gt;&gt;</a>&nbsp;&nbsp;&nbsp;LED_Blue_On
<LI><a href="#[99]">&gt;&gt;</a>&nbsp;&nbsp;&nbsp;Game_Moto_Init
<LI><a href="#[8c]">&gt;&gt;</a>&nbsp;&nbsp;&nbsp;GPIO_Set_All_Pins
<LI><a href="#[64]">&gt;&gt;</a>&nbsp;&nbsp;&nbsp;I2C1_Write_Byte
<LI><a href="#[65]">&gt;&gt;</a>&nbsp;&nbsp;&nbsp;I2C1_WaitAck
<LI><a href="#[67]">&gt;&gt;</a>&nbsp;&nbsp;&nbsp;I2C1_Stop
<LI><a href="#[63]">&gt;&gt;</a>&nbsp;&nbsp;&nbsp;I2C1_Start
<LI><a href="#[66]">&gt;&gt;</a>&nbsp;&nbsp;&nbsp;I2C1_Read_Byte
<LI><a href="#[85]">&gt;&gt;</a>&nbsp;&nbsp;&nbsp;DIGITAL_TUBE_Write_Byte
<LI><a href="#[84]">&gt;&gt;</a>&nbsp;&nbsp;&nbsp;DIGITAL_TUBE_WaitAck
<LI><a href="#[83]">&gt;&gt;</a>&nbsp;&nbsp;&nbsp;DIGITAL_TUBE_Stop
<LI><a href="#[80]">&gt;&gt;</a>&nbsp;&nbsp;&nbsp;DIGITAL_TUBE_Start
<LI><a href="#[f3]">&gt;&gt;</a>&nbsp;&nbsp;&nbsp;USART_485_Disable
</UL>

<P><STRONG><a name="[61]"></a>GPIO_SetBits</STRONG> (Thumb, 4 bytes, Stack size 0 bytes, stm32f10x_gpio.o(i.GPIO_SetBits))
<BR><BR>[Called By]<UL><LI><a href="#[102]">&gt;&gt;</a>&nbsp;&nbsp;&nbsp;VOICE_Out_Pins_Enable
<LI><a href="#[97]">&gt;&gt;</a>&nbsp;&nbsp;&nbsp;Game_Insert_Coin_Enable
<LI><a href="#[71]">&gt;&gt;</a>&nbsp;&nbsp;&nbsp;VOICE_Play
<LI><a href="#[b8]">&gt;&gt;</a>&nbsp;&nbsp;&nbsp;Light2_Pin_Init
<LI><a href="#[b7]">&gt;&gt;</a>&nbsp;&nbsp;&nbsp;Light2_On
<LI><a href="#[b5]">&gt;&gt;</a>&nbsp;&nbsp;&nbsp;Light1_Pin_Init
<LI><a href="#[ac]">&gt;&gt;</a>&nbsp;&nbsp;&nbsp;Light1_On
<LI><a href="#[a2]">&gt;&gt;</a>&nbsp;&nbsp;&nbsp;LED_Red_Off
<LI><a href="#[a5]">&gt;&gt;</a>&nbsp;&nbsp;&nbsp;LED_Gpio_Init
<LI><a href="#[a3]">&gt;&gt;</a>&nbsp;&nbsp;&nbsp;LED_Blue_Off
<LI><a href="#[98]">&gt;&gt;</a>&nbsp;&nbsp;&nbsp;Game_Insert_Coin_Enable_Pins_Init
<LI><a href="#[8a]">&gt;&gt;</a>&nbsp;&nbsp;&nbsp;Digital_Tube_Init
<LI><a href="#[5e]">&gt;&gt;</a>&nbsp;&nbsp;&nbsp;AT24C64_Power_On
<LI><a href="#[64]">&gt;&gt;</a>&nbsp;&nbsp;&nbsp;I2C1_Write_Byte
<LI><a href="#[65]">&gt;&gt;</a>&nbsp;&nbsp;&nbsp;I2C1_WaitAck
<LI><a href="#[67]">&gt;&gt;</a>&nbsp;&nbsp;&nbsp;I2C1_Stop
<LI><a href="#[63]">&gt;&gt;</a>&nbsp;&nbsp;&nbsp;I2C1_Start
<LI><a href="#[66]">&gt;&gt;</a>&nbsp;&nbsp;&nbsp;I2C1_Read_Byte
<LI><a href="#[85]">&gt;&gt;</a>&nbsp;&nbsp;&nbsp;DIGITAL_TUBE_Write_Byte
<LI><a href="#[84]">&gt;&gt;</a>&nbsp;&nbsp;&nbsp;DIGITAL_TUBE_WaitAck
<LI><a href="#[83]">&gt;&gt;</a>&nbsp;&nbsp;&nbsp;DIGITAL_TUBE_Stop
<LI><a href="#[80]">&gt;&gt;</a>&nbsp;&nbsp;&nbsp;DIGITAL_TUBE_Start
<LI><a href="#[f1]">&gt;&gt;</a>&nbsp;&nbsp;&nbsp;USART_485_Enable
</UL>

<P><STRONG><a name="[8c]"></a>GPIO_Set_All_Pins</STRONG> (Thumb, 118 bytes, Stack size 8 bytes, main.o(i.GPIO_Set_All_Pins))
<BR><BR>[Stack]<UL><LI>Max Depth = 32<LI>Call Chain = GPIO_Set_All_Pins &rArr; GPIO_Init
</UL>
<BR>[Calls]<UL><LI><a href="#[82]">&gt;&gt;</a>&nbsp;&nbsp;&nbsp;GPIO_ResetBits
<LI><a href="#[60]">&gt;&gt;</a>&nbsp;&nbsp;&nbsp;GPIO_Init
</UL>
<BR>[Called By]<UL><LI><a href="#[e4]">&gt;&gt;</a>&nbsp;&nbsp;&nbsp;System_Init
</UL>

<P><STRONG><a name="[8e]"></a>Game_Coin_Minus</STRONG> (Thumb, 36 bytes, Stack size 0 bytes, game.o(i.Game_Coin_Minus))
<BR><BR>[Called By]<UL><LI><a href="#[72]">&gt;&gt;</a>&nbsp;&nbsp;&nbsp;Game_Egg_Out
</UL>

<P><STRONG><a name="[72]"></a>Game_Egg_Out</STRONG> (Thumb, 270 bytes, Stack size 8 bytes, game.o(i.Game_Egg_Out))
<BR><BR>[Stack]<UL><LI>Max Depth = 88<LI>Call Chain = Game_Egg_Out &rArr; Game_Status_Save &rArr; AT24C64_Write_Byte &rArr; I2C1_Write_Byte &rArr; I2C1_SDA_OUT &rArr; GPIO_Init
</UL>
<BR>[Calls]<UL><LI><a href="#[8f]">&gt;&gt;</a>&nbsp;&nbsp;&nbsp;MOTO_On
<LI><a href="#[79]">&gt;&gt;</a>&nbsp;&nbsp;&nbsp;Game_Status_Save
<LI><a href="#[8e]">&gt;&gt;</a>&nbsp;&nbsp;&nbsp;Game_Coin_Minus
<LI><a href="#[8d]">&gt;&gt;</a>&nbsp;&nbsp;&nbsp;Voice_Play_Stop
<LI><a href="#[71]">&gt;&gt;</a>&nbsp;&nbsp;&nbsp;VOICE_Play
<LI><a href="#[78]">&gt;&gt;</a>&nbsp;&nbsp;&nbsp;USART1_Send_String
</UL>
<BR>[Called By]<UL><LI><a href="#[96]">&gt;&gt;</a>&nbsp;&nbsp;&nbsp;Game_Egg_Switch_Out
<LI><a href="#[76]">&gt;&gt;</a>&nbsp;&nbsp;&nbsp;Check_Switch_Key_Status
<LI><a href="#[6f]">&gt;&gt;</a>&nbsp;&nbsp;&nbsp;Check_Game_Time_Out
</UL>

<P><STRONG><a name="[90]"></a>Game_Egg_Out_Stop</STRONG> (Thumb, 230 bytes, Stack size 8 bytes, game.o(i.Game_Egg_Out_Stop))
<BR><BR>[Stack]<UL><LI>Max Depth = 184<LI>Call Chain = Game_Egg_Out_Stop &rArr; leyaoyao_return_yun_coins_pay_jieguo &rArr; System_Setting_Count &rArr; Game_Status_Read &rArr; AT24C64_Read_Byte &rArr; I2C1_Write_Byte &rArr; I2C1_SDA_OUT &rArr; GPIO_Init
</UL>
<BR>[Calls]<UL><LI><a href="#[92]">&gt;&gt;</a>&nbsp;&nbsp;&nbsp;leyaoyao_return_yun_coins_pay_jieguo
<LI><a href="#[95]">&gt;&gt;</a>&nbsp;&nbsp;&nbsp;leyaoyao_return_system_lock
<LI><a href="#[93]">&gt;&gt;</a>&nbsp;&nbsp;&nbsp;Leyaoyao_Retrun_Coins_Details
<LI><a href="#[79]">&gt;&gt;</a>&nbsp;&nbsp;&nbsp;Game_Status_Save
<LI><a href="#[8d]">&gt;&gt;</a>&nbsp;&nbsp;&nbsp;Voice_Play_Stop
<LI><a href="#[71]">&gt;&gt;</a>&nbsp;&nbsp;&nbsp;VOICE_Play
<LI><a href="#[78]">&gt;&gt;</a>&nbsp;&nbsp;&nbsp;USART1_Send_String
<LI><a href="#[94]">&gt;&gt;</a>&nbsp;&nbsp;&nbsp;System_Setting_Game_Disable
<LI><a href="#[91]">&gt;&gt;</a>&nbsp;&nbsp;&nbsp;MOTO_Off
<LI><a href="#[69]">&gt;&gt;</a>&nbsp;&nbsp;&nbsp;Delay_72M_Ms
</UL>
<BR>[Called By]<UL><LI><a href="#[96]">&gt;&gt;</a>&nbsp;&nbsp;&nbsp;Game_Egg_Switch_Out
</UL>

<P><STRONG><a name="[96]"></a>Game_Egg_Switch_Out</STRONG> (Thumb, 170 bytes, Stack size 8 bytes, game.o(i.Game_Egg_Switch_Out))
<BR><BR>[Stack]<UL><LI>Max Depth = 192<LI>Call Chain = Game_Egg_Switch_Out &rArr; Game_Egg_Out_Stop &rArr; leyaoyao_return_yun_coins_pay_jieguo &rArr; System_Setting_Count &rArr; Game_Status_Read &rArr; AT24C64_Read_Byte &rArr; I2C1_Write_Byte &rArr; I2C1_SDA_OUT &rArr; GPIO_Init
</UL>
<BR>[Calls]<UL><LI><a href="#[8f]">&gt;&gt;</a>&nbsp;&nbsp;&nbsp;MOTO_On
<LI><a href="#[90]">&gt;&gt;</a>&nbsp;&nbsp;&nbsp;Game_Egg_Out_Stop
<LI><a href="#[72]">&gt;&gt;</a>&nbsp;&nbsp;&nbsp;Game_Egg_Out
<LI><a href="#[8d]">&gt;&gt;</a>&nbsp;&nbsp;&nbsp;Voice_Play_Stop
<LI><a href="#[71]">&gt;&gt;</a>&nbsp;&nbsp;&nbsp;VOICE_Play
<LI><a href="#[91]">&gt;&gt;</a>&nbsp;&nbsp;&nbsp;MOTO_Off
</UL>
<BR>[Called By]<UL><LI><a href="#[55]">&gt;&gt;</a>&nbsp;&nbsp;&nbsp;main
</UL>

<P><STRONG><a name="[6c]"></a>Game_Insert_Coin_Disable</STRONG> (Thumb, 24 bytes, Stack size 8 bytes, key.o(i.Game_Insert_Coin_Disable))
<BR><BR>[Stack]<UL><LI>Max Depth = 8<LI>Call Chain = Game_Insert_Coin_Disable
</UL>
<BR>[Calls]<UL><LI><a href="#[82]">&gt;&gt;</a>&nbsp;&nbsp;&nbsp;GPIO_ResetBits
</UL>
<BR>[Called By]<UL><LI><a href="#[94]">&gt;&gt;</a>&nbsp;&nbsp;&nbsp;System_Setting_Game_Disable
<LI><a href="#[a7]">&gt;&gt;</a>&nbsp;&nbsp;&nbsp;Leyaoyao_Check_Receive
<LI><a href="#[6a]">&gt;&gt;</a>&nbsp;&nbsp;&nbsp;Check_Coin_Status
<LI><a href="#[e1]">&gt;&gt;</a>&nbsp;&nbsp;&nbsp;System_Setting_Coin_Insert
</UL>

<P><STRONG><a name="[97]"></a>Game_Insert_Coin_Enable</STRONG> (Thumb, 24 bytes, Stack size 8 bytes, key.o(i.Game_Insert_Coin_Enable))
<BR><BR>[Stack]<UL><LI>Max Depth = 8<LI>Call Chain = Game_Insert_Coin_Enable
</UL>
<BR>[Calls]<UL><LI><a href="#[61]">&gt;&gt;</a>&nbsp;&nbsp;&nbsp;GPIO_SetBits
</UL>
<BR>[Called By]<UL><LI><a href="#[94]">&gt;&gt;</a>&nbsp;&nbsp;&nbsp;System_Setting_Game_Disable
<LI><a href="#[a7]">&gt;&gt;</a>&nbsp;&nbsp;&nbsp;Leyaoyao_Check_Receive
<LI><a href="#[e1]">&gt;&gt;</a>&nbsp;&nbsp;&nbsp;System_Setting_Coin_Insert
</UL>

<P><STRONG><a name="[98]"></a>Game_Insert_Coin_Enable_Pins_Init</STRONG> (Thumb, 46 bytes, Stack size 8 bytes, key.o(i.Game_Insert_Coin_Enable_Pins_Init))
<BR><BR>[Stack]<UL><LI>Max Depth = 32<LI>Call Chain = Game_Insert_Coin_Enable_Pins_Init &rArr; GPIO_Init
</UL>
<BR>[Calls]<UL><LI><a href="#[61]">&gt;&gt;</a>&nbsp;&nbsp;&nbsp;GPIO_SetBits
<LI><a href="#[5f]">&gt;&gt;</a>&nbsp;&nbsp;&nbsp;RCC_APB2PeriphClockCmd
<LI><a href="#[60]">&gt;&gt;</a>&nbsp;&nbsp;&nbsp;GPIO_Init
</UL>
<BR>[Called By]<UL><LI><a href="#[e4]">&gt;&gt;</a>&nbsp;&nbsp;&nbsp;System_Init
</UL>

<P><STRONG><a name="[99]"></a>Game_Moto_Init</STRONG> (Thumb, 46 bytes, Stack size 8 bytes, game.o(i.Game_Moto_Init))
<BR><BR>[Stack]<UL><LI>Max Depth = 32<LI>Call Chain = Game_Moto_Init &rArr; GPIO_Init
</UL>
<BR>[Calls]<UL><LI><a href="#[5f]">&gt;&gt;</a>&nbsp;&nbsp;&nbsp;RCC_APB2PeriphClockCmd
<LI><a href="#[82]">&gt;&gt;</a>&nbsp;&nbsp;&nbsp;GPIO_ResetBits
<LI><a href="#[60]">&gt;&gt;</a>&nbsp;&nbsp;&nbsp;GPIO_Init
</UL>
<BR>[Called By]<UL><LI><a href="#[e4]">&gt;&gt;</a>&nbsp;&nbsp;&nbsp;System_Init
</UL>

<P><STRONG><a name="[7a]"></a>Game_Status_Read</STRONG> (Thumb, 244 bytes, Stack size 16 bytes, game.o(i.Game_Status_Read))
<BR><BR>[Stack]<UL><LI>Max Depth = 88<LI>Call Chain = Game_Status_Read &rArr; AT24C64_Read_Byte &rArr; I2C1_Write_Byte &rArr; I2C1_SDA_OUT &rArr; GPIO_Init
</UL>
<BR>[Calls]<UL><LI><a href="#[62]">&gt;&gt;</a>&nbsp;&nbsp;&nbsp;AT24C64_Read_Byte
</UL>
<BR>[Called By]<UL><LI><a href="#[7b]">&gt;&gt;</a>&nbsp;&nbsp;&nbsp;System_Setting_Count
<LI><a href="#[6d]">&gt;&gt;</a>&nbsp;&nbsp;&nbsp;Coin_Insert_Add
<LI><a href="#[9a]">&gt;&gt;</a>&nbsp;&nbsp;&nbsp;Game_Status_Value_Init
</UL>

<P><STRONG><a name="[79]"></a>Game_Status_Save</STRONG> (Thumb, 254 bytes, Stack size 8 bytes, game.o(i.Game_Status_Save))
<BR><BR>[Stack]<UL><LI>Max Depth = 80<LI>Call Chain = Game_Status_Save &rArr; AT24C64_Write_Byte &rArr; I2C1_Write_Byte &rArr; I2C1_SDA_OUT &rArr; GPIO_Init
</UL>
<BR>[Calls]<UL><LI><a href="#[69]">&gt;&gt;</a>&nbsp;&nbsp;&nbsp;Delay_72M_Ms
<LI><a href="#[68]">&gt;&gt;</a>&nbsp;&nbsp;&nbsp;AT24C64_Write_Byte
</UL>
<BR>[Called By]<UL><LI><a href="#[7b]">&gt;&gt;</a>&nbsp;&nbsp;&nbsp;System_Setting_Count
<LI><a href="#[90]">&gt;&gt;</a>&nbsp;&nbsp;&nbsp;Game_Egg_Out_Stop
<LI><a href="#[72]">&gt;&gt;</a>&nbsp;&nbsp;&nbsp;Game_Egg_Out
<LI><a href="#[6d]">&gt;&gt;</a>&nbsp;&nbsp;&nbsp;Coin_Insert_Add
<LI><a href="#[9a]">&gt;&gt;</a>&nbsp;&nbsp;&nbsp;Game_Status_Value_Init
<LI><a href="#[af]">&gt;&gt;</a>&nbsp;&nbsp;&nbsp;leyaoyao_return_coins_settings
<LI><a href="#[dc]">&gt;&gt;</a>&nbsp;&nbsp;&nbsp;System_Setting_ID
<LI><a href="#[de]">&gt;&gt;</a>&nbsp;&nbsp;&nbsp;System_Setting_Game_Coins
</UL>

<P><STRONG><a name="[9a]"></a>Game_Status_Value_Init</STRONG> (Thumb, 70 bytes, Stack size 8 bytes, game.o(i.Game_Status_Value_Init))
<BR><BR>[Stack]<UL><LI>Max Depth = 96<LI>Call Chain = Game_Status_Value_Init &rArr; Game_Status_Read &rArr; AT24C64_Read_Byte &rArr; I2C1_Write_Byte &rArr; I2C1_SDA_OUT &rArr; GPIO_Init
</UL>
<BR>[Calls]<UL><LI><a href="#[62]">&gt;&gt;</a>&nbsp;&nbsp;&nbsp;AT24C64_Read_Byte
<LI><a href="#[79]">&gt;&gt;</a>&nbsp;&nbsp;&nbsp;Game_Status_Save
<LI><a href="#[7a]">&gt;&gt;</a>&nbsp;&nbsp;&nbsp;Game_Status_Read
<LI><a href="#[78]">&gt;&gt;</a>&nbsp;&nbsp;&nbsp;USART1_Send_String
<LI><a href="#[68]">&gt;&gt;</a>&nbsp;&nbsp;&nbsp;AT24C64_Write_Byte
</UL>
<BR>[Called By]<UL><LI><a href="#[e4]">&gt;&gt;</a>&nbsp;&nbsp;&nbsp;System_Init
</UL>

<P><STRONG><a name="[eb]"></a>Game_Struct_Init</STRONG> (Thumb, 94 bytes, Stack size 0 bytes, game.o(i.Game_Struct_Init))
<BR><BR>[Called By]<UL><LI><a href="#[e4]">&gt;&gt;</a>&nbsp;&nbsp;&nbsp;System_Init
</UL>

<P><STRONG><a name="[9b]"></a>Get_ADC_1_DATA</STRONG> (Thumb, 18 bytes, Stack size 8 bytes, light_eye.o(i.Get_ADC_1_DATA))
<BR><BR>[Stack]<UL><LI>Max Depth = 8<LI>Call Chain = Get_ADC_1_DATA
</UL>
<BR>[Calls]<UL><LI><a href="#[6b]">&gt;&gt;</a>&nbsp;&nbsp;&nbsp;GPIO_ReadInputDataBit
</UL>
<BR>[Called By]<UL><LI><a href="#[75]">&gt;&gt;</a>&nbsp;&nbsp;&nbsp;sub_Check_Light_Eye_1
</UL>

<P><STRONG><a name="[9c]"></a>Get_ADC_2_DATA</STRONG> (Thumb, 12 bytes, Stack size 8 bytes, light_eye.o(i.Get_ADC_2_DATA))
<BR><BR>[Stack]<UL><LI>Max Depth = 8<LI>Call Chain = Get_ADC_2_DATA
</UL>
<BR>[Calls]<UL><LI><a href="#[6b]">&gt;&gt;</a>&nbsp;&nbsp;&nbsp;GPIO_ReadInputDataBit
</UL>
<BR>[Called By]<UL><LI><a href="#[74]">&gt;&gt;</a>&nbsp;&nbsp;&nbsp;sub_Check_Light_Eye_2
</UL>

<P><STRONG><a name="[ec]"></a>Get_ChipID</STRONG> (Thumb, 60 bytes, Stack size 8 bytes, game.o(i.Get_ChipID))
<BR><BR>[Stack]<UL><LI>Max Depth = 8<LI>Call Chain = Get_ChipID
</UL>
<BR>[Called By]<UL><LI><a href="#[e4]">&gt;&gt;</a>&nbsp;&nbsp;&nbsp;System_Init
</UL>

<P><STRONG><a name="[5]"></a>HardFault_Handler</STRONG> (Thumb, 4 bytes, Stack size 0 bytes, stm32f10x_it.o(i.HardFault_Handler))
<BR>[Address Reference Count : 1]<UL><LI> startup_stm32f10x_hd.o(RESET)
</UL>
<P><STRONG><a name="[66]"></a>I2C1_Read_Byte</STRONG> (Thumb, 94 bytes, Stack size 16 bytes, at24c64.o(i.I2C1_Read_Byte))
<BR><BR>[Stack]<UL><LI>Max Depth = 48<LI>Call Chain = I2C1_Read_Byte &rArr; I2C1_SDA_OUT &rArr; GPIO_Init
</UL>
<BR>[Calls]<UL><LI><a href="#[61]">&gt;&gt;</a>&nbsp;&nbsp;&nbsp;GPIO_SetBits
<LI><a href="#[6b]">&gt;&gt;</a>&nbsp;&nbsp;&nbsp;GPIO_ReadInputDataBit
<LI><a href="#[81]">&gt;&gt;</a>&nbsp;&nbsp;&nbsp;Delay_72M_Us
<LI><a href="#[82]">&gt;&gt;</a>&nbsp;&nbsp;&nbsp;GPIO_ResetBits
<LI><a href="#[9d]">&gt;&gt;</a>&nbsp;&nbsp;&nbsp;I2C1_SDA_OUT
<LI><a href="#[9e]">&gt;&gt;</a>&nbsp;&nbsp;&nbsp;I2C1_SDA_IN
</UL>
<BR>[Called By]<UL><LI><a href="#[62]">&gt;&gt;</a>&nbsp;&nbsp;&nbsp;AT24C64_Read_Byte
</UL>

<P><STRONG><a name="[9e]"></a>I2C1_SDA_IN</STRONG> (Thumb, 40 bytes, Stack size 8 bytes, at24c64.o(i.I2C1_SDA_IN))
<BR><BR>[Stack]<UL><LI>Max Depth = 32<LI>Call Chain = I2C1_SDA_IN &rArr; GPIO_Init
</UL>
<BR>[Calls]<UL><LI><a href="#[5f]">&gt;&gt;</a>&nbsp;&nbsp;&nbsp;RCC_APB2PeriphClockCmd
<LI><a href="#[60]">&gt;&gt;</a>&nbsp;&nbsp;&nbsp;GPIO_Init
</UL>
<BR>[Called By]<UL><LI><a href="#[65]">&gt;&gt;</a>&nbsp;&nbsp;&nbsp;I2C1_WaitAck
<LI><a href="#[66]">&gt;&gt;</a>&nbsp;&nbsp;&nbsp;I2C1_Read_Byte
</UL>

<P><STRONG><a name="[9d]"></a>I2C1_SDA_OUT</STRONG> (Thumb, 40 bytes, Stack size 8 bytes, at24c64.o(i.I2C1_SDA_OUT))
<BR><BR>[Stack]<UL><LI>Max Depth = 32<LI>Call Chain = I2C1_SDA_OUT &rArr; GPIO_Init
</UL>
<BR>[Calls]<UL><LI><a href="#[5f]">&gt;&gt;</a>&nbsp;&nbsp;&nbsp;RCC_APB2PeriphClockCmd
<LI><a href="#[60]">&gt;&gt;</a>&nbsp;&nbsp;&nbsp;GPIO_Init
</UL>
<BR>[Called By]<UL><LI><a href="#[64]">&gt;&gt;</a>&nbsp;&nbsp;&nbsp;I2C1_Write_Byte
<LI><a href="#[67]">&gt;&gt;</a>&nbsp;&nbsp;&nbsp;I2C1_Stop
<LI><a href="#[63]">&gt;&gt;</a>&nbsp;&nbsp;&nbsp;I2C1_Start
<LI><a href="#[66]">&gt;&gt;</a>&nbsp;&nbsp;&nbsp;I2C1_Read_Byte
</UL>

<P><STRONG><a name="[63]"></a>I2C1_Start</STRONG> (Thumb, 72 bytes, Stack size 8 bytes, at24c64.o(i.I2C1_Start))
<BR><BR>[Stack]<UL><LI>Max Depth = 40<LI>Call Chain = I2C1_Start &rArr; I2C1_SDA_OUT &rArr; GPIO_Init
</UL>
<BR>[Calls]<UL><LI><a href="#[61]">&gt;&gt;</a>&nbsp;&nbsp;&nbsp;GPIO_SetBits
<LI><a href="#[81]">&gt;&gt;</a>&nbsp;&nbsp;&nbsp;Delay_72M_Us
<LI><a href="#[82]">&gt;&gt;</a>&nbsp;&nbsp;&nbsp;GPIO_ResetBits
<LI><a href="#[9d]">&gt;&gt;</a>&nbsp;&nbsp;&nbsp;I2C1_SDA_OUT
</UL>
<BR>[Called By]<UL><LI><a href="#[62]">&gt;&gt;</a>&nbsp;&nbsp;&nbsp;AT24C64_Read_Byte
<LI><a href="#[68]">&gt;&gt;</a>&nbsp;&nbsp;&nbsp;AT24C64_Write_Byte
</UL>

<P><STRONG><a name="[67]"></a>I2C1_Stop</STRONG> (Thumb, 72 bytes, Stack size 8 bytes, at24c64.o(i.I2C1_Stop))
<BR><BR>[Stack]<UL><LI>Max Depth = 40<LI>Call Chain = I2C1_Stop &rArr; I2C1_SDA_OUT &rArr; GPIO_Init
</UL>
<BR>[Calls]<UL><LI><a href="#[61]">&gt;&gt;</a>&nbsp;&nbsp;&nbsp;GPIO_SetBits
<LI><a href="#[81]">&gt;&gt;</a>&nbsp;&nbsp;&nbsp;Delay_72M_Us
<LI><a href="#[82]">&gt;&gt;</a>&nbsp;&nbsp;&nbsp;GPIO_ResetBits
<LI><a href="#[9d]">&gt;&gt;</a>&nbsp;&nbsp;&nbsp;I2C1_SDA_OUT
</UL>
<BR>[Called By]<UL><LI><a href="#[62]">&gt;&gt;</a>&nbsp;&nbsp;&nbsp;AT24C64_Read_Byte
<LI><a href="#[68]">&gt;&gt;</a>&nbsp;&nbsp;&nbsp;AT24C64_Write_Byte
<LI><a href="#[65]">&gt;&gt;</a>&nbsp;&nbsp;&nbsp;I2C1_WaitAck
</UL>

<P><STRONG><a name="[65]"></a>I2C1_WaitAck</STRONG> (Thumb, 90 bytes, Stack size 8 bytes, at24c64.o(i.I2C1_WaitAck))
<BR><BR>[Stack]<UL><LI>Max Depth = 48<LI>Call Chain = I2C1_WaitAck &rArr; I2C1_Stop &rArr; I2C1_SDA_OUT &rArr; GPIO_Init
</UL>
<BR>[Calls]<UL><LI><a href="#[61]">&gt;&gt;</a>&nbsp;&nbsp;&nbsp;GPIO_SetBits
<LI><a href="#[6b]">&gt;&gt;</a>&nbsp;&nbsp;&nbsp;GPIO_ReadInputDataBit
<LI><a href="#[81]">&gt;&gt;</a>&nbsp;&nbsp;&nbsp;Delay_72M_Us
<LI><a href="#[82]">&gt;&gt;</a>&nbsp;&nbsp;&nbsp;GPIO_ResetBits
<LI><a href="#[67]">&gt;&gt;</a>&nbsp;&nbsp;&nbsp;I2C1_Stop
<LI><a href="#[9e]">&gt;&gt;</a>&nbsp;&nbsp;&nbsp;I2C1_SDA_IN
</UL>
<BR>[Called By]<UL><LI><a href="#[62]">&gt;&gt;</a>&nbsp;&nbsp;&nbsp;AT24C64_Read_Byte
<LI><a href="#[68]">&gt;&gt;</a>&nbsp;&nbsp;&nbsp;AT24C64_Write_Byte
</UL>

<P><STRONG><a name="[64]"></a>I2C1_Write_Byte</STRONG> (Thumb, 110 bytes, Stack size 16 bytes, at24c64.o(i.I2C1_Write_Byte))
<BR><BR>[Stack]<UL><LI>Max Depth = 48<LI>Call Chain = I2C1_Write_Byte &rArr; I2C1_SDA_OUT &rArr; GPIO_Init
</UL>
<BR>[Calls]<UL><LI><a href="#[61]">&gt;&gt;</a>&nbsp;&nbsp;&nbsp;GPIO_SetBits
<LI><a href="#[81]">&gt;&gt;</a>&nbsp;&nbsp;&nbsp;Delay_72M_Us
<LI><a href="#[82]">&gt;&gt;</a>&nbsp;&nbsp;&nbsp;GPIO_ResetBits
<LI><a href="#[9d]">&gt;&gt;</a>&nbsp;&nbsp;&nbsp;I2C1_SDA_OUT
</UL>
<BR>[Called By]<UL><LI><a href="#[62]">&gt;&gt;</a>&nbsp;&nbsp;&nbsp;AT24C64_Read_Byte
<LI><a href="#[68]">&gt;&gt;</a>&nbsp;&nbsp;&nbsp;AT24C64_Write_Byte
</UL>

<P><STRONG><a name="[9f]"></a>Key_Init</STRONG> (Thumb, 34 bytes, Stack size 8 bytes, key.o(i.Key_Init))
<BR><BR>[Stack]<UL><LI>Max Depth = 32<LI>Call Chain = Key_Init &rArr; GPIO_Init
</UL>
<BR>[Calls]<UL><LI><a href="#[5f]">&gt;&gt;</a>&nbsp;&nbsp;&nbsp;RCC_APB2PeriphClockCmd
<LI><a href="#[60]">&gt;&gt;</a>&nbsp;&nbsp;&nbsp;GPIO_Init
</UL>
<BR>[Called By]<UL><LI><a href="#[e4]">&gt;&gt;</a>&nbsp;&nbsp;&nbsp;System_Init
</UL>

<P><STRONG><a name="[a0]"></a>LED_Blink</STRONG> (Thumb, 18 bytes, Stack size 8 bytes, main.o(i.LED_Blink))
<BR><BR>[Stack]<UL><LI>Max Depth = 16<LI>Call Chain = LED_Blink &rArr; LED_Red_On
</UL>
<BR>[Calls]<UL><LI><a href="#[a1]">&gt;&gt;</a>&nbsp;&nbsp;&nbsp;LED_Red_On
<LI><a href="#[a2]">&gt;&gt;</a>&nbsp;&nbsp;&nbsp;LED_Red_Off
</UL>
<BR>[Called By]<UL><LI><a href="#[55]">&gt;&gt;</a>&nbsp;&nbsp;&nbsp;main
</UL>

<P><STRONG><a name="[a3]"></a>LED_Blue_Off</STRONG> (Thumb, 12 bytes, Stack size 8 bytes, led.o(i.LED_Blue_Off))
<BR><BR>[Stack]<UL><LI>Max Depth = 8<LI>Call Chain = LED_Blue_Off
</UL>
<BR>[Calls]<UL><LI><a href="#[61]">&gt;&gt;</a>&nbsp;&nbsp;&nbsp;GPIO_SetBits
</UL>
<BR>[Called By]<UL><LI><a href="#[d9]">&gt;&gt;</a>&nbsp;&nbsp;&nbsp;System_Check_Receive
<LI><a href="#[ee]">&gt;&gt;</a>&nbsp;&nbsp;&nbsp;System_Setting_Key_Factory
<LI><a href="#[e4]">&gt;&gt;</a>&nbsp;&nbsp;&nbsp;System_Init
</UL>

<P><STRONG><a name="[a4]"></a>LED_Blue_On</STRONG> (Thumb, 12 bytes, Stack size 8 bytes, led.o(i.LED_Blue_On))
<BR><BR>[Stack]<UL><LI>Max Depth = 8<LI>Call Chain = LED_Blue_On
</UL>
<BR>[Calls]<UL><LI><a href="#[82]">&gt;&gt;</a>&nbsp;&nbsp;&nbsp;GPIO_ResetBits
</UL>
<BR>[Called By]<UL><LI><a href="#[d9]">&gt;&gt;</a>&nbsp;&nbsp;&nbsp;System_Check_Receive
<LI><a href="#[ee]">&gt;&gt;</a>&nbsp;&nbsp;&nbsp;System_Setting_Key_Factory
<LI><a href="#[e4]">&gt;&gt;</a>&nbsp;&nbsp;&nbsp;System_Init
</UL>

<P><STRONG><a name="[a5]"></a>LED_Gpio_Init</STRONG> (Thumb, 46 bytes, Stack size 8 bytes, led.o(i.LED_Gpio_Init))
<BR><BR>[Stack]<UL><LI>Max Depth = 32<LI>Call Chain = LED_Gpio_Init &rArr; GPIO_Init
</UL>
<BR>[Calls]<UL><LI><a href="#[61]">&gt;&gt;</a>&nbsp;&nbsp;&nbsp;GPIO_SetBits
<LI><a href="#[5f]">&gt;&gt;</a>&nbsp;&nbsp;&nbsp;RCC_APB2PeriphClockCmd
<LI><a href="#[60]">&gt;&gt;</a>&nbsp;&nbsp;&nbsp;GPIO_Init
</UL>
<BR>[Called By]<UL><LI><a href="#[e4]">&gt;&gt;</a>&nbsp;&nbsp;&nbsp;System_Init
</UL>

<P><STRONG><a name="[a2]"></a>LED_Red_Off</STRONG> (Thumb, 12 bytes, Stack size 8 bytes, led.o(i.LED_Red_Off))
<BR><BR>[Stack]<UL><LI>Max Depth = 8<LI>Call Chain = LED_Red_Off
</UL>
<BR>[Calls]<UL><LI><a href="#[61]">&gt;&gt;</a>&nbsp;&nbsp;&nbsp;GPIO_SetBits
</UL>
<BR>[Called By]<UL><LI><a href="#[a0]">&gt;&gt;</a>&nbsp;&nbsp;&nbsp;LED_Blink
</UL>

<P><STRONG><a name="[a1]"></a>LED_Red_On</STRONG> (Thumb, 12 bytes, Stack size 8 bytes, led.o(i.LED_Red_On))
<BR><BR>[Stack]<UL><LI>Max Depth = 8<LI>Call Chain = LED_Red_On
</UL>
<BR>[Calls]<UL><LI><a href="#[82]">&gt;&gt;</a>&nbsp;&nbsp;&nbsp;GPIO_ResetBits
</UL>
<BR>[Called By]<UL><LI><a href="#[e4]">&gt;&gt;</a>&nbsp;&nbsp;&nbsp;System_Init
<LI><a href="#[a0]">&gt;&gt;</a>&nbsp;&nbsp;&nbsp;LED_Blink
</UL>

<P><STRONG><a name="[a6]"></a>Leyaoyao_Buffer_Clean</STRONG> (Thumb, 44 bytes, Stack size 8 bytes, leyaoyao_protocol.o(i.Leyaoyao_Buffer_Clean))
<BR><BR>[Stack]<UL><LI>Max Depth = 8<LI>Call Chain = Leyaoyao_Buffer_Clean
</UL>
<BR>[Calls]<UL><LI><a href="#[69]">&gt;&gt;</a>&nbsp;&nbsp;&nbsp;Delay_72M_Ms
</UL>
<BR>[Called By]<UL><LI><a href="#[a7]">&gt;&gt;</a>&nbsp;&nbsp;&nbsp;Leyaoyao_Check_Receive
<LI><a href="#[55]">&gt;&gt;</a>&nbsp;&nbsp;&nbsp;main
</UL>

<P><STRONG><a name="[a7]"></a>Leyaoyao_Check_Receive</STRONG> (Thumb, 480 bytes, Stack size 8 bytes, leyaoyao_protocol.o(i.Leyaoyao_Check_Receive))
<BR><BR>[Stack]<UL><LI>Max Depth = 176<LI>Call Chain = Leyaoyao_Check_Receive &rArr; leyaoyao_return_yun_coins_pay &rArr; System_Setting_Count &rArr; Game_Status_Read &rArr; AT24C64_Read_Byte &rArr; I2C1_Write_Byte &rArr; I2C1_SDA_OUT &rArr; GPIO_Init
</UL>
<BR>[Calls]<UL><LI><a href="#[97]">&gt;&gt;</a>&nbsp;&nbsp;&nbsp;Game_Insert_Coin_Enable
<LI><a href="#[6c]">&gt;&gt;</a>&nbsp;&nbsp;&nbsp;Game_Insert_Coin_Disable
<LI><a href="#[8d]">&gt;&gt;</a>&nbsp;&nbsp;&nbsp;Voice_Play_Stop
<LI><a href="#[71]">&gt;&gt;</a>&nbsp;&nbsp;&nbsp;VOICE_Play
<LI><a href="#[78]">&gt;&gt;</a>&nbsp;&nbsp;&nbsp;USART1_Send_String
<LI><a href="#[ac]">&gt;&gt;</a>&nbsp;&nbsp;&nbsp;Light1_On
<LI><a href="#[ad]">&gt;&gt;</a>&nbsp;&nbsp;&nbsp;Light1_Off
<LI><a href="#[a6]">&gt;&gt;</a>&nbsp;&nbsp;&nbsp;Leyaoyao_Buffer_Clean
<LI><a href="#[69]">&gt;&gt;</a>&nbsp;&nbsp;&nbsp;Delay_72M_Ms
<LI><a href="#[68]">&gt;&gt;</a>&nbsp;&nbsp;&nbsp;AT24C64_Write_Byte
<LI><a href="#[aa]">&gt;&gt;</a>&nbsp;&nbsp;&nbsp;leyaoyao_test_connect
<LI><a href="#[b3]">&gt;&gt;</a>&nbsp;&nbsp;&nbsp;leyaoyao_return_yun_coins_pay
<LI><a href="#[b1]">&gt;&gt;</a>&nbsp;&nbsp;&nbsp;leyaoyao_return_pay_field
<LI><a href="#[b2]">&gt;&gt;</a>&nbsp;&nbsp;&nbsp;leyaoyao_return_pay
<LI><a href="#[af]">&gt;&gt;</a>&nbsp;&nbsp;&nbsp;leyaoyao_return_coins_settings
<LI><a href="#[b0]">&gt;&gt;</a>&nbsp;&nbsp;&nbsp;leyaoyao_retrun_store_settings
<LI><a href="#[ab]">&gt;&gt;</a>&nbsp;&nbsp;&nbsp;leyaoyao_retrun_settings_value
<LI><a href="#[a8]">&gt;&gt;</a>&nbsp;&nbsp;&nbsp;__Debug_Send_Leyaoyao_Recevie_Buffer
<LI><a href="#[a9]">&gt;&gt;</a>&nbsp;&nbsp;&nbsp;Leyaoyao_Check_Receive_Match
<LI><a href="#[ae]">&gt;&gt;</a>&nbsp;&nbsp;&nbsp;USART3_Send_Byte
</UL>
<BR>[Called By]<UL><LI><a href="#[55]">&gt;&gt;</a>&nbsp;&nbsp;&nbsp;main
</UL>

<P><STRONG><a name="[a9]"></a>Leyaoyao_Check_Receive_Match</STRONG> (Thumb, 46 bytes, Stack size 0 bytes, leyaoyao_protocol.o(i.Leyaoyao_Check_Receive_Match))
<BR><BR>[Called By]<UL><LI><a href="#[a7]">&gt;&gt;</a>&nbsp;&nbsp;&nbsp;Leyaoyao_Check_Receive
</UL>

<P><STRONG><a name="[6e]"></a>Leyaoyao_Retrun_Add_Coins</STRONG> (Thumb, 312 bytes, Stack size 72 bytes, leyaoyao_protocol.o(i.Leyaoyao_Retrun_Add_Coins))
<BR><BR>[Stack]<UL><LI>Max Depth = 104<LI>Call Chain = Leyaoyao_Retrun_Add_Coins &rArr; USART1_Send_Hex &rArr; USART1_Send_String &rArr; USART1_Send_Byte
</UL>
<BR>[Calls]<UL><LI><a href="#[78]">&gt;&gt;</a>&nbsp;&nbsp;&nbsp;USART1_Send_String
<LI><a href="#[ae]">&gt;&gt;</a>&nbsp;&nbsp;&nbsp;USART3_Send_Byte
<LI><a href="#[b4]">&gt;&gt;</a>&nbsp;&nbsp;&nbsp;USART1_Send_Hex
</UL>
<BR>[Called By]<UL><LI><a href="#[6a]">&gt;&gt;</a>&nbsp;&nbsp;&nbsp;Check_Coin_Status
</UL>

<P><STRONG><a name="[93]"></a>Leyaoyao_Retrun_Coins_Details</STRONG> (Thumb, 316 bytes, Stack size 72 bytes, leyaoyao_protocol.o(i.Leyaoyao_Retrun_Coins_Details))
<BR><BR>[Stack]<UL><LI>Max Depth = 104<LI>Call Chain = Leyaoyao_Retrun_Coins_Details &rArr; USART1_Send_Hex &rArr; USART1_Send_String &rArr; USART1_Send_Byte
</UL>
<BR>[Calls]<UL><LI><a href="#[78]">&gt;&gt;</a>&nbsp;&nbsp;&nbsp;USART1_Send_String
<LI><a href="#[ae]">&gt;&gt;</a>&nbsp;&nbsp;&nbsp;USART3_Send_Byte
<LI><a href="#[b4]">&gt;&gt;</a>&nbsp;&nbsp;&nbsp;USART1_Send_Hex
</UL>
<BR>[Called By]<UL><LI><a href="#[90]">&gt;&gt;</a>&nbsp;&nbsp;&nbsp;Game_Egg_Out_Stop
</UL>

<P><STRONG><a name="[ad]"></a>Light1_Off</STRONG> (Thumb, 20 bytes, Stack size 8 bytes, light.o(i.Light1_Off))
<BR><BR>[Stack]<UL><LI>Max Depth = 8<LI>Call Chain = Light1_Off
</UL>
<BR>[Calls]<UL><LI><a href="#[82]">&gt;&gt;</a>&nbsp;&nbsp;&nbsp;GPIO_ResetBits
</UL>
<BR>[Called By]<UL><LI><a href="#[d9]">&gt;&gt;</a>&nbsp;&nbsp;&nbsp;System_Check_Receive
<LI><a href="#[a7]">&gt;&gt;</a>&nbsp;&nbsp;&nbsp;Leyaoyao_Check_Receive
<LI><a href="#[ee]">&gt;&gt;</a>&nbsp;&nbsp;&nbsp;System_Setting_Key_Factory
<LI><a href="#[e0]">&gt;&gt;</a>&nbsp;&nbsp;&nbsp;System_Setting_Light
</UL>

<P><STRONG><a name="[ac]"></a>Light1_On</STRONG> (Thumb, 20 bytes, Stack size 8 bytes, light.o(i.Light1_On))
<BR><BR>[Stack]<UL><LI>Max Depth = 8<LI>Call Chain = Light1_On
</UL>
<BR>[Calls]<UL><LI><a href="#[61]">&gt;&gt;</a>&nbsp;&nbsp;&nbsp;GPIO_SetBits
</UL>
<BR>[Called By]<UL><LI><a href="#[d9]">&gt;&gt;</a>&nbsp;&nbsp;&nbsp;System_Check_Receive
<LI><a href="#[a7]">&gt;&gt;</a>&nbsp;&nbsp;&nbsp;Leyaoyao_Check_Receive
<LI><a href="#[ee]">&gt;&gt;</a>&nbsp;&nbsp;&nbsp;System_Setting_Key_Factory
<LI><a href="#[e4]">&gt;&gt;</a>&nbsp;&nbsp;&nbsp;System_Init
<LI><a href="#[e0]">&gt;&gt;</a>&nbsp;&nbsp;&nbsp;System_Setting_Light
</UL>

<P><STRONG><a name="[b5]"></a>Light1_Pin_Init</STRONG> (Thumb, 46 bytes, Stack size 8 bytes, light.o(i.Light1_Pin_Init))
<BR><BR>[Stack]<UL><LI>Max Depth = 32<LI>Call Chain = Light1_Pin_Init &rArr; GPIO_Init
</UL>
<BR>[Calls]<UL><LI><a href="#[61]">&gt;&gt;</a>&nbsp;&nbsp;&nbsp;GPIO_SetBits
<LI><a href="#[5f]">&gt;&gt;</a>&nbsp;&nbsp;&nbsp;RCC_APB2PeriphClockCmd
<LI><a href="#[60]">&gt;&gt;</a>&nbsp;&nbsp;&nbsp;GPIO_Init
</UL>
<BR>[Called By]<UL><LI><a href="#[e4]">&gt;&gt;</a>&nbsp;&nbsp;&nbsp;System_Init
</UL>

<P><STRONG><a name="[b6]"></a>Light2_Off</STRONG> (Thumb, 20 bytes, Stack size 8 bytes, light.o(i.Light2_Off))
<BR><BR>[Stack]<UL><LI>Max Depth = 8<LI>Call Chain = Light2_Off
</UL>
<BR>[Calls]<UL><LI><a href="#[82]">&gt;&gt;</a>&nbsp;&nbsp;&nbsp;GPIO_ResetBits
</UL>
<BR>[Called By]<UL><LI><a href="#[d9]">&gt;&gt;</a>&nbsp;&nbsp;&nbsp;System_Check_Receive
<LI><a href="#[ee]">&gt;&gt;</a>&nbsp;&nbsp;&nbsp;System_Setting_Key_Factory
<LI><a href="#[e0]">&gt;&gt;</a>&nbsp;&nbsp;&nbsp;System_Setting_Light
</UL>

<P><STRONG><a name="[b7]"></a>Light2_On</STRONG> (Thumb, 20 bytes, Stack size 8 bytes, light.o(i.Light2_On))
<BR><BR>[Stack]<UL><LI>Max Depth = 8<LI>Call Chain = Light2_On
</UL>
<BR>[Calls]<UL><LI><a href="#[61]">&gt;&gt;</a>&nbsp;&nbsp;&nbsp;GPIO_SetBits
</UL>
<BR>[Called By]<UL><LI><a href="#[d9]">&gt;&gt;</a>&nbsp;&nbsp;&nbsp;System_Check_Receive
<LI><a href="#[ee]">&gt;&gt;</a>&nbsp;&nbsp;&nbsp;System_Setting_Key_Factory
<LI><a href="#[e4]">&gt;&gt;</a>&nbsp;&nbsp;&nbsp;System_Init
<LI><a href="#[e0]">&gt;&gt;</a>&nbsp;&nbsp;&nbsp;System_Setting_Light
</UL>

[...]
</UL>
<BR>[Called By]<UL><LI><a href="#[e9]">&gt;&gt;</a>&nbsp;&nbsp;&nbsp;USART3_Init
<LI><a href="#[e7]">&gt;&gt;</a>&nbsp;&nbsp;&nbsp;USART2_Init
</UL>

<P><STRONG><a name="[f7]"></a>USART_Init</STRONG> (Thumb, 210 bytes, Stack size 56 bytes, stm32f10x_usart.o(i.USART_Init))
<BR><BR>[Stack]<UL><LI>Max Depth = 68<LI>Call Chain = USART_Init &rArr; RCC_GetClocksFreq
</UL>
<BR>[Calls]<UL><LI><a href="#[100]">&gt;&gt;</a>&nbsp;&nbsp;&nbsp;RCC_GetClocksFreq
</UL>
<BR>[Called By]<UL><LI><a href="#[e8]">&gt;&gt;</a>&nbsp;&nbsp;&nbsp;USART4_Init
<LI><a href="#[e9]">&gt;&gt;</a>&nbsp;&nbsp;&nbsp;USART3_Init
<LI><a href="#[e7]">&gt;&gt;</a>&nbsp;&nbsp;&nbsp;USART2_Init
<LI><a href="#[e6]">&gt;&gt;</a>&nbsp;&nbsp;&nbsp;USART1_Init
</UL>

<P><STRONG><a name="[fd]"></a>USART_ReceiveData</STRONG> (Thumb, 10 bytes, Stack size 0 bytes, stm32f10x_usart.o(i.USART_ReceiveData))
<BR><BR>[Called By]<UL><LI><a href="#[34]">&gt;&gt;</a>&nbsp;&nbsp;&nbsp;USART3_IRQHandler
<LI><a href="#[33]">&gt;&gt;</a>&nbsp;&nbsp;&nbsp;USART2_IRQHandler
</UL>

<P><STRONG><a name="[fa]"></a>USART_SendData</STRONG> (Thumb, 8 bytes, Stack size 0 bytes, stm32f10x_usart.o(i.USART_SendData))
<BR><BR>[Called By]<UL><LI><a href="#[b9]">&gt;&gt;</a>&nbsp;&nbsp;&nbsp;USART4_Send_Byte
<LI><a href="#[ae]">&gt;&gt;</a>&nbsp;&nbsp;&nbsp;USART3_Send_Byte
<LI><a href="#[f2]">&gt;&gt;</a>&nbsp;&nbsp;&nbsp;USART2_Send_Byte
<LI><a href="#[f9]">&gt;&gt;</a>&nbsp;&nbsp;&nbsp;USART1_Send_Byte
</UL>

<P><STRONG><a name="[8]"></a>UsageFault_Handler</STRONG> (Thumb, 4 bytes, Stack size 0 bytes, stm32f10x_it.o(i.UsageFault_Handler))
<BR>[Address Reference Count : 1]<UL><LI> startup_stm32f10x_hd.o(RESET)
</UL>
<P><STRONG><a name="[70]"></a>VOICE_Check_Busy</STRONG> (Thumb, 22 bytes, Stack size 8 bytes, music.o(i.VOICE_Check_Busy))
<BR><BR>[Stack]<UL><LI>Max Depth = 8<LI>Call Chain = VOICE_Check_Busy
</UL>
<BR>[Calls]<UL><LI><a href="#[6b]">&gt;&gt;</a>&nbsp;&nbsp;&nbsp;GPIO_ReadInputDataBit
</UL>
<BR>[Called By]<UL><LI><a href="#[74]">&gt;&gt;</a>&nbsp;&nbsp;&nbsp;sub_Check_Light_Eye_2
<LI><a href="#[75]">&gt;&gt;</a>&nbsp;&nbsp;&nbsp;sub_Check_Light_Eye_1
<LI><a href="#[76]">&gt;&gt;</a>&nbsp;&nbsp;&nbsp;Check_Switch_Key_Status
<LI><a href="#[6f]">&gt;&gt;</a>&nbsp;&nbsp;&nbsp;Check_Game_Time_Out
</UL>

<P><STRONG><a name="[101]"></a>VOICE_Out_Pins_Disable</STRONG> (Thumb, 12 bytes, Stack size 8 bytes, music.o(i.VOICE_Out_Pins_Disable))
<BR><BR>[Stack]<UL><LI>Max Depth = 8<LI>Call Chain = VOICE_Out_Pins_Disable
</UL>
<BR>[Calls]<UL><LI><a href="#[82]">&gt;&gt;</a>&nbsp;&nbsp;&nbsp;GPIO_ResetBits
</UL>
<BR>[Called By]<UL><LI><a href="#[e5]">&gt;&gt;</a>&nbsp;&nbsp;&nbsp;VOICE_Out_Pins_Init
</UL>

<P><STRONG><a name="[102]"></a>VOICE_Out_Pins_Enable</STRONG> (Thumb, 24 bytes, Stack size 8 bytes, music.o(i.VOICE_Out_Pins_Enable))
<BR><BR>[Stack]<UL><LI>Max Depth = 8<LI>Call Chain = VOICE_Out_Pins_Enable
</UL>
<BR>[Calls]<UL><LI><a href="#[61]">&gt;&gt;</a>&nbsp;&nbsp;&nbsp;GPIO_SetBits
</UL>
<BR>[Called By]<UL><LI><a href="#[71]">&gt;&gt;</a>&nbsp;&nbsp;&nbsp;VOICE_Play
</UL>

<P><STRONG><a name="[e5]"></a>VOICE_Out_Pins_Init</STRONG> (Thumb, 42 bytes, Stack size 8 bytes, music.o(i.VOICE_Out_Pins_Init))
<BR><BR>[Stack]<UL><LI>Max Depth = 32<LI>Call Chain = VOICE_Out_Pins_Init &rArr; GPIO_Init
</UL>
<BR>[Calls]<UL><LI><a href="#[101]">&gt;&gt;</a>&nbsp;&nbsp;&nbsp;VOICE_Out_Pins_Disable
<LI><a href="#[5f]">&gt;&gt;</a>&nbsp;&nbsp;&nbsp;RCC_APB2PeriphClockCmd
<LI><a href="#[60]">&gt;&gt;</a>&nbsp;&nbsp;&nbsp;GPIO_Init
</UL>
<BR>[Called By]<UL><LI><a href="#[e4]">&gt;&gt;</a>&nbsp;&nbsp;&nbsp;System_Init
</UL>

<P><STRONG><a name="[ea]"></a>VOICE_Pins_Init</STRONG> (Thumb, 68 bytes, Stack size 8 bytes, music.o(i.VOICE_Pins_Init))
<BR><BR>[Stack]<UL><LI>Max Depth = 32<LI>Call Chain = VOICE_Pins_Init &rArr; GPIO_Init
</UL>
<BR>[Calls]<UL><LI><a href="#[5f]">&gt;&gt;</a>&nbsp;&nbsp;&nbsp;RCC_APB2PeriphClockCmd
<LI><a href="#[60]">&gt;&gt;</a>&nbsp;&nbsp;&nbsp;GPIO_Init
</UL>
<BR>[Called By]<UL><LI><a href="#[e4]">&gt;&gt;</a>&nbsp;&nbsp;&nbsp;System_Init
</UL>

<P><STRONG><a name="[71]"></a>VOICE_Play</STRONG> (Thumb, 148 bytes, Stack size 16 bytes, music.o(i.VOICE_Play))
<BR><BR>[Stack]<UL><LI>Max Depth = 24<LI>Call Chain = VOICE_Play &rArr; VOICE_Out_Pins_Enable
</UL>
<BR>[Calls]<UL><LI><a href="#[102]">&gt;&gt;</a>&nbsp;&nbsp;&nbsp;VOICE_Out_Pins_Enable
<LI><a href="#[61]">&gt;&gt;</a>&nbsp;&nbsp;&nbsp;GPIO_SetBits
<LI><a href="#[81]">&gt;&gt;</a>&nbsp;&nbsp;&nbsp;Delay_72M_Us
<LI><a href="#[82]">&gt;&gt;</a>&nbsp;&nbsp;&nbsp;GPIO_ResetBits
<LI><a href="#[69]">&gt;&gt;</a>&nbsp;&nbsp;&nbsp;Delay_72M_Ms
</UL>
<BR>[Called By]<UL><LI><a href="#[74]">&gt;&gt;</a>&nbsp;&nbsp;&nbsp;sub_Check_Light_Eye_2
<LI><a href="#[75]">&gt;&gt;</a>&nbsp;&nbsp;&nbsp;sub_Check_Light_Eye_1
<LI><a href="#[92]">&gt;&gt;</a>&nbsp;&nbsp;&nbsp;leyaoyao_return_yun_coins_pay_jieguo
<LI><a href="#[90]">&gt;&gt;</a>&nbsp;&nbsp;&nbsp;Game_Egg_Out_Stop
<LI><a href="#[72]">&gt;&gt;</a>&nbsp;&nbsp;&nbsp;Game_Egg_Out
<LI><a href="#[6d]">&gt;&gt;</a>&nbsp;&nbsp;&nbsp;Coin_Insert_Add
<LI><a href="#[8d]">&gt;&gt;</a>&nbsp;&nbsp;&nbsp;Voice_Play_Stop
<LI><a href="#[a7]">&gt;&gt;</a>&nbsp;&nbsp;&nbsp;Leyaoyao_Check_Receive
<LI><a href="#[96]">&gt;&gt;</a>&nbsp;&nbsp;&nbsp;Game_Egg_Switch_Out
<LI><a href="#[76]">&gt;&gt;</a>&nbsp;&nbsp;&nbsp;Check_Switch_Key_Status
<LI><a href="#[6f]">&gt;&gt;</a>&nbsp;&nbsp;&nbsp;Check_Game_Time_Out
<LI><a href="#[ee]">&gt;&gt;</a>&nbsp;&nbsp;&nbsp;System_Setting_Key_Factory
<LI><a href="#[b3]">&gt;&gt;</a>&nbsp;&nbsp;&nbsp;leyaoyao_return_yun_coins_pay
<LI><a href="#[df]">&gt;&gt;</a>&nbsp;&nbsp;&nbsp;System_Setting_Play_Music
</UL>

<P><STRONG><a name="[8d]"></a>Voice_Play_Stop</STRONG> (Thumb, 10 bytes, Stack size 8 bytes, music.o(i.Voice_Play_Stop))
<BR><BR>[Stack]<UL><LI>Max Depth = 32<LI>Call Chain = Voice_Play_Stop &rArr; VOICE_Play &rArr; VOICE_Out_Pins_Enable
</UL>
<BR>[Calls]<UL><LI><a href="#[71]">&gt;&gt;</a>&nbsp;&nbsp;&nbsp;VOICE_Play
</UL>
<BR>[Called By]<UL><LI><a href="#[74]">&gt;&gt;</a>&nbsp;&nbsp;&nbsp;sub_Check_Light_Eye_2
<LI><a href="#[90]">&gt;&gt;</a>&nbsp;&nbsp;&nbsp;Game_Egg_Out_Stop
<LI><a href="#[72]">&gt;&gt;</a>&nbsp;&nbsp;&nbsp;Game_Egg_Out
<LI><a href="#[a7]">&gt;&gt;</a>&nbsp;&nbsp;&nbsp;Leyaoyao_Check_Receive
<LI><a href="#[96]">&gt;&gt;</a>&nbsp;&nbsp;&nbsp;Game_Egg_Switch_Out
<LI><a href="#[ee]">&gt;&gt;</a>&nbsp;&nbsp;&nbsp;System_Setting_Key_Factory
</UL>

<P><STRONG><a name="[88]"></a>Write_DATA</STRONG> (Thumb, 40 bytes, Stack size 16 bytes, digital_tube.o(i.Write_DATA))
<BR><BR>[Stack]<UL><LI>Max Depth = 64<LI>Call Chain = Write_DATA &rArr; DIGITAL_TUBE_Write_Byte &rArr; DIGITAL_TUBE_SDA_OUT &rArr; GPIO_Init
</UL>
<BR>[Calls]<UL><LI><a href="#[85]">&gt;&gt;</a>&nbsp;&nbsp;&nbsp;DIGITAL_TUBE_Write_Byte
<LI><a href="#[84]">&gt;&gt;</a>&nbsp;&nbsp;&nbsp;DIGITAL_TUBE_WaitAck
<LI><a href="#[83]">&gt;&gt;</a>&nbsp;&nbsp;&nbsp;DIGITAL_TUBE_Stop
<LI><a href="#[80]">&gt;&gt;</a>&nbsp;&nbsp;&nbsp;DIGITAL_TUBE_Start
</UL>
<BR>[Called By]<UL><LI><a href="#[8a]">&gt;&gt;</a>&nbsp;&nbsp;&nbsp;Digital_Tube_Init
<LI><a href="#[89]">&gt;&gt;</a>&nbsp;&nbsp;&nbsp;Digital_Tube_Display_Error
<LI><a href="#[86]">&gt;&gt;</a>&nbsp;&nbsp;&nbsp;Digital_Tube_Display
</UL>

<P><STRONG><a name="[a8]"></a>__Debug_Send_Leyaoyao_Recevie_Buffer</STRONG> (Thumb, 76 bytes, Stack size 8 bytes, leyaoyao_protocol.o(i.__Debug_Send_Leyaoyao_Recevie_Buffer))
<BR><BR>[Stack]<UL><LI>Max Depth = 72<LI>Call Chain = __Debug_Send_Leyaoyao_Recevie_Buffer &rArr; USART1_Send_Dec &rArr; USART1_Send_String &rArr; USART1_Send_Byte
</UL>
<BR>[Calls]<UL><LI><a href="#[78]">&gt;&gt;</a>&nbsp;&nbsp;&nbsp;USART1_Send_String
<LI><a href="#[ef]">&gt;&gt;</a>&nbsp;&nbsp;&nbsp;USART1_Send_Dec
<LI><a href="#[69]">&gt;&gt;</a>&nbsp;&nbsp;&nbsp;Delay_72M_Ms
<LI><a href="#[b4]">&gt;&gt;</a>&nbsp;&nbsp;&nbsp;USART1_Send_Hex
</UL>
<BR>[Called By]<UL><LI><a href="#[a7]">&gt;&gt;</a>&nbsp;&nbsp;&nbsp;Leyaoyao_Check_Receive
<LI><a href="#[af]">&gt;&gt;</a>&nbsp;&nbsp;&nbsp;leyaoyao_return_coins_settings
<LI><a href="#[b0]">&gt;&gt;</a>&nbsp;&nbsp;&nbsp;leyaoyao_retrun_store_settings
</UL>

<P><STRONG><a name="[db]"></a>get_Setting_Key_Status</STRONG> (Thumb, 14 bytes, Stack size 8 bytes, key.o(i.get_Setting_Key_Status))
<BR><BR>[Stack]<UL><LI>Max Depth = 8<LI>Call Chain = get_Setting_Key_Status
</UL>
<BR>[Calls]<UL><LI><a href="#[6b]">&gt;&gt;</a>&nbsp;&nbsp;&nbsp;GPIO_ReadInputDataBit
</UL>
<BR>[Called By]<UL><LI><a href="#[d9]">&gt;&gt;</a>&nbsp;&nbsp;&nbsp;System_Check_Receive
<LI><a href="#[ee]">&gt;&gt;</a>&nbsp;&nbsp;&nbsp;System_Setting_Key_Factory
</UL>

<P><STRONG><a name="[ab]"></a>leyaoyao_retrun_settings_value</STRONG> (Thumb, 168 bytes, Stack size 72 bytes, leyaoyao_protocol.o(i.leyaoyao_retrun_settings_value))
<BR><BR>[Stack]<UL><LI>Max Depth = 104<LI>Call Chain = leyaoyao_retrun_settings_value &rArr; USART1_Send_Hex &rArr; USART1_Send_String &rArr; USART1_Send_Byte
</UL>
<BR>[Calls]<UL><LI><a href="#[78]">&gt;&gt;</a>&nbsp;&nbsp;&nbsp;USART1_Send_String
<LI><a href="#[ae]">&gt;&gt;</a>&nbsp;&nbsp;&nbsp;USART3_Send_Byte
<LI><a href="#[b4]">&gt;&gt;</a>&nbsp;&nbsp;&nbsp;USART1_Send_Hex
</UL>
<BR>[Called By]<UL><LI><a href="#[a7]">&gt;&gt;</a>&nbsp;&nbsp;&nbsp;Leyaoyao_Check_Receive
</UL>

<P><STRONG><a name="[b0]"></a>leyaoyao_retrun_store_settings</STRONG> (Thumb, 196 bytes, Stack size 72 bytes, leyaoyao_protocol.o(i.leyaoyao_retrun_store_settings))
<BR><BR>[Stack]<UL><LI>Max Depth = 144<LI>Call Chain = leyaoyao_retrun_store_settings &rArr; __Debug_Send_Leyaoyao_Recevie_Buffer &rArr; USART1_Send_Dec &rArr; USART1_Send_String &rArr; USART1_Send_Byte
</UL>
<BR>[Calls]<UL><LI><a href="#[78]">&gt;&gt;</a>&nbsp;&nbsp;&nbsp;USART1_Send_String
<LI><a href="#[94]">&gt;&gt;</a>&nbsp;&nbsp;&nbsp;System_Setting_Game_Disable
<LI><a href="#[a8]">&gt;&gt;</a>&nbsp;&nbsp;&nbsp;__Debug_Send_Leyaoyao_Recevie_Buffer
<LI><a href="#[ae]">&gt;&gt;</a>&nbsp;&nbsp;&nbsp;USART3_Send_Byte
<LI><a href="#[b4]">&gt;&gt;</a>&nbsp;&nbsp;&nbsp;USART1_Send_Hex
</UL>
<BR>[Called By]<UL><LI><a href="#[a7]">&gt;&gt;</a>&nbsp;&nbsp;&nbsp;Leyaoyao_Check_Receive
</UL>

<P><STRONG><a name="[af]"></a>leyaoyao_return_coins_settings</STRONG> (Thumb, 218 bytes, Stack size 72 bytes, leyaoyao_protocol.o(i.leyaoyao_return_coins_settings))
<BR><BR>[Stack]<UL><LI>Max Depth = 152<LI>Call Chain = leyaoyao_return_coins_settings &rArr; Game_Status_Save &rArr; AT24C64_Write_Byte &rArr; I2C1_Write_Byte &rArr; I2C1_SDA_OUT &rArr; GPIO_Init
</UL>
<BR>[Calls]<UL><LI><a href="#[79]">&gt;&gt;</a>&nbsp;&nbsp;&nbsp;Game_Status_Save
<LI><a href="#[78]">&gt;&gt;</a>&nbsp;&nbsp;&nbsp;USART1_Send_String
<LI><a href="#[a8]">&gt;&gt;</a>&nbsp;&nbsp;&nbsp;__Debug_Send_Leyaoyao_Recevie_Buffer
<LI><a href="#[ae]">&gt;&gt;</a>&nbsp;&nbsp;&nbsp;USART3_Send_Byte
<LI><a href="#[b4]">&gt;&gt;</a>&nbsp;&nbsp;&nbsp;USART1_Send_Hex
</UL>
<BR>[Called By]<UL><LI><a href="#[a7]">&gt;&gt;</a>&nbsp;&nbsp;&nbsp;Leyaoyao_Check_Receive
</UL>

<P><STRONG><a name="[b2]"></a>leyaoyao_return_pay</STRONG> (Thumb, 224 bytes, Stack size 72 bytes, leyaoyao_protocol.o(i.leyaoyao_return_pay))
<BR><BR>[Stack]<UL><LI>Max Depth = 104<LI>Call Chain = leyaoyao_return_pay &rArr; USART1_Send_Hex &rArr; USART1_Send_String &rArr; USART1_Send_Byte
</UL>
<BR>[Calls]<UL><LI><a href="#[78]">&gt;&gt;</a>&nbsp;&nbsp;&nbsp;USART1_Send_String
<LI><a href="#[69]">&gt;&gt;</a>&nbsp;&nbsp;&nbsp;Delay_72M_Ms
<LI><a href="#[ae]">&gt;&gt;</a>&nbsp;&nbsp;&nbsp;USART3_Send_Byte
<LI><a href="#[b4]">&gt;&gt;</a>&nbsp;&nbsp;&nbsp;USART1_Send_Hex
</UL>
<BR>[Called By]<UL><LI><a href="#[a7]">&gt;&gt;</a>&nbsp;&nbsp;&nbsp;Leyaoyao_Check_Receive
</UL>

<P><STRONG><a name="[b1]"></a>leyaoyao_return_pay_field</STRONG> (Thumb, 226 bytes, Stack size 72 bytes, leyaoyao_protocol.o(i.leyaoyao_return_pay_field))
<BR><BR>[Stack]<UL><LI>Max Depth = 104<LI>Call Chain = leyaoyao_return_pay_field &rArr; USART1_Send_Hex &rArr; USART1_Send_String &rArr; USART1_Send_Byte
</UL>
<BR>[Calls]<UL><LI><a href="#[78]">&gt;&gt;</a>&nbsp;&nbsp;&nbsp;USART1_Send_String
<LI><a href="#[69]">&gt;&gt;</a>&nbsp;&nbsp;&nbsp;Delay_72M_Ms
<LI><a href="#[ae]">&gt;&gt;</a>&nbsp;&nbsp;&nbsp;USART3_Send_Byte
<LI><a href="#[b4]">&gt;&gt;</a>&nbsp;&nbsp;&nbsp;USART1_Send_Hex
</UL>
<BR>[Called By]<UL><LI><a href="#[a7]">&gt;&gt;</a>&nbsp;&nbsp;&nbsp;Leyaoyao_Check_Receive
</UL>

<P><STRONG><a name="[95]"></a>leyaoyao_return_system_lock</STRONG> (Thumb, 250 bytes, Stack size 80 bytes, leyaoyao_protocol.o(i.leyaoyao_return_system_lock))
<BR><BR>[Stack]<UL><LI>Max Depth = 112<LI>Call Chain = leyaoyao_return_system_lock &rArr; USART1_Send_Hex &rArr; USART1_Send_String &rArr; USART1_Send_Byte
</UL>
<BR>[Calls]<UL><LI><a href="#[78]">&gt;&gt;</a>&nbsp;&nbsp;&nbsp;USART1_Send_String
<LI><a href="#[ae]">&gt;&gt;</a>&nbsp;&nbsp;&nbsp;USART3_Send_Byte
<LI><a href="#[b4]">&gt;&gt;</a>&nbsp;&nbsp;&nbsp;USART1_Send_Hex
</UL>
<BR>[Called By]<UL><LI><a href="#[90]">&gt;&gt;</a>&nbsp;&nbsp;&nbsp;Game_Egg_Out_Stop
<LI><a href="#[aa]">&gt;&gt;</a>&nbsp;&nbsp;&nbsp;leyaoyao_test_connect
</UL>

<P><STRONG><a name="[b3]"></a>leyaoyao_return_yun_coins_pay</STRONG> (Thumb, 340 bytes, Stack size 72 bytes, leyaoyao_protocol.o(i.leyaoyao_return_yun_coins_pay))
<BR><BR>[Stack]<UL><LI>Max Depth = 168<LI>Call Chain = leyaoyao_return_yun_coins_pay &rArr; System_Setting_Count &rArr; Game_Status_Read &rArr; AT24C64_Read_Byte &rArr; I2C1_Write_Byte &rArr; I2C1_SDA_OUT &rArr; GPIO_Init
</UL>
<BR>[Calls]<UL><LI><a href="#[7b]">&gt;&gt;</a>&nbsp;&nbsp;&nbsp;System_Setting_Count
<LI><a href="#[71]">&gt;&gt;</a>&nbsp;&nbsp;&nbsp;VOICE_Play
<LI><a href="#[78]">&gt;&gt;</a>&nbsp;&nbsp;&nbsp;USART1_Send_String
<LI><a href="#[69]">&gt;&gt;</a>&nbsp;&nbsp;&nbsp;Delay_72M_Ms
<LI><a href="#[ae]">&gt;&gt;</a>&nbsp;&nbsp;&nbsp;USART3_Send_Byte
<LI><a href="#[b4]">&gt;&gt;</a>&nbsp;&nbsp;&nbsp;USART1_Send_Hex
</UL>
<BR>[Called By]<UL><LI><a href="#[a7]">&gt;&gt;</a>&nbsp;&nbsp;&nbsp;Leyaoyao_Check_Receive
</UL>

<P><STRONG><a name="[92]"></a>leyaoyao_return_yun_coins_pay_jieguo</STRONG> (Thumb, 300 bytes, Stack size 80 bytes, leyaoyao_protocol.o(i.leyaoyao_return_yun_coins_pay_jieguo))
<BR><BR>[Stack]<UL><LI>Max Depth = 176<LI>Call Chain = leyaoyao_return_yun_coins_pay_jieguo &rArr; System_Setting_Count &rArr; Game_Status_Read &rArr; AT24C64_Read_Byte &rArr; I2C1_Write_Byte &rArr; I2C1_SDA_OUT &rArr; GPIO_Init
</UL>
<BR>[Calls]<UL><LI><a href="#[7b]">&gt;&gt;</a>&nbsp;&nbsp;&nbsp;System_Setting_Count
<LI><a href="#[71]">&gt;&gt;</a>&nbsp;&nbsp;&nbsp;VOICE_Play
<LI><a href="#[78]">&gt;&gt;</a>&nbsp;&nbsp;&nbsp;USART1_Send_String
<LI><a href="#[69]">&gt;&gt;</a>&nbsp;&nbsp;&nbsp;Delay_72M_Ms
<LI><a href="#[ae]">&gt;&gt;</a>&nbsp;&nbsp;&nbsp;USART3_Send_Byte
<LI><a href="#[b4]">&gt;&gt;</a>&nbsp;&nbsp;&nbsp;USART1_Send_Hex
</UL>
<BR>[Called By]<UL><LI><a href="#[90]">&gt;&gt;</a>&nbsp;&nbsp;&nbsp;Game_Egg_Out_Stop
</UL>

<P><STRONG><a name="[aa]"></a>leyaoyao_test_connect</STRONG> (Thumb, 114 bytes, Stack size 8 bytes, leyaoyao_protocol.o(i.leyaoyao_test_connect))
<BR><BR>[Stack]<UL><LI>Max Depth = 120<LI>Call Chain = leyaoyao_test_connect &rArr; leyaoyao_return_system_lock &rArr; USART1_Send_Hex &rArr; USART1_Send_String &rArr; USART1_Send_Byte
</UL>
<BR>[Calls]<UL><LI><a href="#[95]">&gt;&gt;</a>&nbsp;&nbsp;&nbsp;leyaoyao_return_system_lock
<LI><a href="#[78]">&gt;&gt;</a>&nbsp;&nbsp;&nbsp;USART1_Send_String
<LI><a href="#[69]">&gt;&gt;</a>&nbsp;&nbsp;&nbsp;Delay_72M_Ms
<LI><a href="#[d3]">&gt;&gt;</a>&nbsp;&nbsp;&nbsp;Send_System_Board_Status2
<LI><a href="#[ae]">&gt;&gt;</a>&nbsp;&nbsp;&nbsp;USART3_Send_Byte
</UL>
<BR>[Called By]<UL><LI><a href="#[a7]">&gt;&gt;</a>&nbsp;&nbsp;&nbsp;Leyaoyao_Check_Receive
</UL>

<P><STRONG><a name="[55]"></a>main</STRONG> (Thumb, 138 bytes, Stack size 0 bytes, main.o(i.main))
<BR><BR>[Stack]<UL><LI>Max Depth = 192<LI>Call Chain = main &rArr; Game_Egg_Switch_Out &rArr; Game_Egg_Out_Stop &rArr; leyaoyao_return_yun_coins_pay_jieguo &rArr; System_Setting_Count &rArr; Game_Status_Read &rArr; AT24C64_Read_Byte &rArr; I2C1_Write_Byte &rArr; I2C1_SDA_OUT &rArr; GPIO_Init
</UL>
<BR>[Calls]<UL><LI><a href="#[d9]">&gt;&gt;</a>&nbsp;&nbsp;&nbsp;System_Check_Receive
<LI><a href="#[a7]">&gt;&gt;</a>&nbsp;&nbsp;&nbsp;Leyaoyao_Check_Receive
<LI><a href="#[a6]">&gt;&gt;</a>&nbsp;&nbsp;&nbsp;Leyaoyao_Buffer_Clean
<LI><a href="#[96]">&gt;&gt;</a>&nbsp;&nbsp;&nbsp;Game_Egg_Switch_Out
<LI><a href="#[89]">&gt;&gt;</a>&nbsp;&nbsp;&nbsp;Digital_Tube_Display_Error
<LI><a href="#[86]">&gt;&gt;</a>&nbsp;&nbsp;&nbsp;Digital_Tube_Display
<LI><a href="#[76]">&gt;&gt;</a>&nbsp;&nbsp;&nbsp;Check_Switch_Key_Status
<LI><a href="#[73]">&gt;&gt;</a>&nbsp;&nbsp;&nbsp;Check_Light_Eye_Status
<LI><a href="#[6f]">&gt;&gt;</a>&nbsp;&nbsp;&nbsp;Check_Game_Time_Out
<LI><a href="#[6a]">&gt;&gt;</a>&nbsp;&nbsp;&nbsp;Check_Coin_Status
<LI><a href="#[e4]">&gt;&gt;</a>&nbsp;&nbsp;&nbsp;System_Init
<LI><a href="#[a0]">&gt;&gt;</a>&nbsp;&nbsp;&nbsp;LED_Blink
</UL>
<BR>[Called By]<UL><LI><a href="#[54]">&gt;&gt;</a>&nbsp;&nbsp;&nbsp;__rt_entry_main
</UL>

<P><STRONG><a name="[75]"></a>sub_Check_Light_Eye_1</STRONG> (Thumb, 76 bytes, Stack size 8 bytes, light_eye.o(i.sub_Check_Light_Eye_1))
<BR><BR>[Stack]<UL><LI>Max Depth = 32<LI>Call Chain = sub_Check_Light_Eye_1 &rArr; VOICE_Play &rArr; VOICE_Out_Pins_Enable
</UL>
<BR>[Calls]<UL><LI><a href="#[9b]">&gt;&gt;</a>&nbsp;&nbsp;&nbsp;Get_ADC_1_DATA
<LI><a href="#[70]">&gt;&gt;</a>&nbsp;&nbsp;&nbsp;VOICE_Check_Busy
<LI><a href="#[71]">&gt;&gt;</a>&nbsp;&nbsp;&nbsp;VOICE_Play
<LI><a href="#[69]">&gt;&gt;</a>&nbsp;&nbsp;&nbsp;Delay_72M_Ms
</UL>
<BR>[Called By]<UL><LI><a href="#[73]">&gt;&gt;</a>&nbsp;&nbsp;&nbsp;Check_Light_Eye_Status
</UL>

<P><STRONG><a name="[74]"></a>sub_Check_Light_Eye_2</STRONG> (Thumb, 102 bytes, Stack size 8 bytes, light_eye.o(i.sub_Check_Light_Eye_2))
<BR><BR>[Stack]<UL><LI>Max Depth = 40<LI>Call Chain = sub_Check_Light_Eye_2 &rArr; Voice_Play_Stop &rArr; VOICE_Play &rArr; VOICE_Out_Pins_Enable
</UL>
<BR>[Calls]<UL><LI><a href="#[9c]">&gt;&gt;</a>&nbsp;&nbsp;&nbsp;Get_ADC_2_DATA
<LI><a href="#[70]">&gt;&gt;</a>&nbsp;&nbsp;&nbsp;VOICE_Check_Busy
<LI><a href="#[8d]">&gt;&gt;</a>&nbsp;&nbsp;&nbsp;Voice_Play_Stop
<LI><a href="#[71]">&gt;&gt;</a>&nbsp;&nbsp;&nbsp;VOICE_Play
<LI><a href="#[78]">&gt;&gt;</a>&nbsp;&nbsp;&nbsp;USART1_Send_String
<LI><a href="#[69]">&gt;&gt;</a>&nbsp;&nbsp;&nbsp;Delay_72M_Ms
</UL>
<BR>[Called By]<UL><LI><a href="#[73]">&gt;&gt;</a>&nbsp;&nbsp;&nbsp;Check_Light_Eye_Status
</UL>

<P><STRONG><a name="[77]"></a>ucGetSwitchKeyStatus</STRONG> (Thumb, 56 bytes, Stack size 16 bytes, switch_key.o(i.ucGetSwitchKeyStatus))
<BR><BR>[Stack]<UL><LI>Max Depth = 16<LI>Call Chain = ucGetSwitchKeyStatus
</UL>
<BR>[Calls]<UL><LI><a href="#[6b]">&gt;&gt;</a>&nbsp;&nbsp;&nbsp;GPIO_ReadInputDataBit
</UL>
<BR>[Called By]<UL><LI><a href="#[d6]">&gt;&gt;</a>&nbsp;&nbsp;&nbsp;Switch_Key_Init
<LI><a href="#[76]">&gt;&gt;</a>&nbsp;&nbsp;&nbsp;Check_Switch_Key_Status
</UL>

<P><STRONG><a name="[87]"></a>ucNumSwitch</STRONG> (Thumb, 68 bytes, Stack size 0 bytes, digital_tube.o(i.ucNumSwitch))
<BR><BR>[Called By]<UL><LI><a href="#[86]">&gt;&gt;</a>&nbsp;&nbsp;&nbsp;Digital_Tube_Display
</UL>
<P>
<H3>
Local Symbols
</H3>
<P><STRONG><a name="[d4]"></a>SetSysClock</STRONG> (Thumb, 8 bytes, Stack size 8 bytes, system_stm32f10x.o(i.SetSysClock))
<BR><BR>[Stack]<UL><LI>Max Depth = 20<LI>Call Chain = SetSysClock &rArr; SetSysClockTo72
</UL>
<BR>[Calls]<UL><LI><a href="#[d5]">&gt;&gt;</a>&nbsp;&nbsp;&nbsp;SetSysClockTo72
</UL>
<BR>[Called By]<UL><LI><a href="#[49]">&gt;&gt;</a>&nbsp;&nbsp;&nbsp;SystemInit
</UL>

<P><STRONG><a name="[d5]"></a>SetSysClockTo72</STRONG> (Thumb, 214 bytes, Stack size 12 bytes, system_stm32f10x.o(i.SetSysClockTo72))
<BR><BR>[Stack]<UL><LI>Max Depth = 12<LI>Call Chain = SetSysClockTo72
</UL>
<BR>[Called By]<UL><LI><a href="#[d4]">&gt;&gt;</a>&nbsp;&nbsp;&nbsp;SetSysClock
</UL>
<P>
<H3>
Undefined Global Symbols
</H3><HR></body></html>
